Archive member included to satisfy reference by file (symbol)

C:/ST/STM32CubeIDE_2.1.0/STM32CubeIDE/plugins/com.st.stm32cube.ide.mcu.externaltools.gnu-tools-for-stm32.14.3.rel1.win32_1.0.100.202602081740/tools/bin/../lib/gcc/arm-none-eabi/14.3.1/../../../../arm-none-eabi/lib/thumb/v7e-m+fp/hard\libc_nano.a(libc_a-exit.o)
                              C:/ST/STM32CubeIDE_2.1.0/STM32CubeIDE/plugins/com.st.stm32cube.ide.mcu.externaltools.gnu-tools-for-stm32.14.3.rel1.win32_1.0.100.202602081740/tools/bin/../lib/gcc/arm-none-eabi/14.3.1/../../../../arm-none-eabi/lib/thumb/v7e-m+fp/hard/crt0.o (exit)
C:/ST/STM32CubeIDE_2.1.0/STM32CubeIDE/plugins/com.st.stm32cube.ide.mcu.externaltools.gnu-tools-for-stm32.14.3.rel1.win32_1.0.100.202602081740/tools/bin/../lib/gcc/arm-none-eabi/14.3.1/../../../../arm-none-eabi/lib/thumb/v7e-m+fp/hard\libc_nano.a(libc_a-findfp.o)
                              C:/ST/STM32CubeIDE_2.1.0/STM32CubeIDE/plugins/com.st.stm32cube.ide.mcu.externaltools.gnu-tools-for-stm32.14.3.rel1.win32_1.0.100.202602081740/tools/bin/../lib/gcc/arm-none-eabi/14.3.1/../../../../arm-none-eabi/lib/thumb/v7e-m+fp/hard\libc_nano.a(libc_a-exit.o) (__stdio_exit_handler)
C:/ST/STM32CubeIDE_2.1.0/STM32CubeIDE/plugins/com.st.stm32cube.ide.mcu.externaltools.gnu-tools-for-stm32.14.3.rel1.win32_1.0.100.202602081740/tools/bin/../lib/gcc/arm-none-eabi/14.3.1/../../../../arm-none-eabi/lib/thumb/v7e-m+fp/hard\libc_nano.a(libc_a-fwalk.o)
                              C:/ST/STM32CubeIDE_2.1.0/STM32CubeIDE/plugins/com.st.stm32cube.ide.mcu.externaltools.gnu-tools-for-stm32.14.3.rel1.win32_1.0.100.202602081740/tools/bin/../lib/gcc/arm-none-eabi/14.3.1/../../../../arm-none-eabi/lib/thumb/v7e-m+fp/hard\libc_nano.a(libc_a-findfp.o) (_fwalk_sglue)
C:/ST/STM32CubeIDE_2.1.0/STM32CubeIDE/plugins/com.st.stm32cube.ide.mcu.externaltools.gnu-tools-for-stm32.14.3.rel1.win32_1.0.100.202602081740/tools/bin/../lib/gcc/arm-none-eabi/14.3.1/../../../../arm-none-eabi/lib/thumb/v7e-m+fp/hard\libc_nano.a(libc_a-sprintf.o)
                              ./Core/Src/main.o (sprintf)
C:/ST/STM32CubeIDE_2.1.0/STM32CubeIDE/plugins/com.st.stm32cube.ide.mcu.externaltools.gnu-tools-for-stm32.14.3.rel1.win32_1.0.100.202602081740/tools/bin/../lib/gcc/arm-none-eabi/14.3.1/../../../../arm-none-eabi/lib/thumb/v7e-m+fp/hard\libc_nano.a(libc_a-stdio.o)
                              C:/ST/STM32CubeIDE_2.1.0/STM32CubeIDE/plugins/com.st.stm32cube.ide.mcu.externaltools.gnu-tools-for-stm32.14.3.rel1.win32_1.0.100.202602081740/tools/bin/../lib/gcc/arm-none-eabi/14.3.1/../../../../arm-none-eabi/lib/thumb/v7e-m+fp/hard\libc_nano.a(libc_a-findfp.o) (__sread)
C:/ST/STM32CubeIDE_2.1.0/STM32CubeIDE/plugins/com.st.stm32cube.ide.mcu.externaltools.gnu-tools-for-stm32.14.3.rel1.win32_1.0.100.202602081740/tools/bin/../lib/gcc/arm-none-eabi/14.3.1/../../../../arm-none-eabi/lib/thumb/v7e-m+fp/hard\libc_nano.a(libc_a-memset.o)
                              C:/ST/STM32CubeIDE_2.1.0/STM32CubeIDE/plugins/com.st.stm32cube.ide.mcu.externaltools.gnu-tools-for-stm32.14.3.rel1.win32_1.0.100.202602081740/tools/bin/../lib/gcc/arm-none-eabi/14.3.1/../../../../arm-none-eabi/lib/thumb/v7e-m+fp/hard/crt0.o (memset)
C:/ST/STM32CubeIDE_2.1.0/STM32CubeIDE/plugins/com.st.stm32cube.ide.mcu.externaltools.gnu-tools-for-stm32.14.3.rel1.win32_1.0.100.202602081740/tools/bin/../lib/gcc/arm-none-eabi/14.3.1/../../../../arm-none-eabi/lib/thumb/v7e-m+fp/hard\libc_nano.a(libc_a-closer.o)
                              C:/ST/STM32CubeIDE_2.1.0/STM32CubeIDE/plugins/com.st.stm32cube.ide.mcu.externaltools.gnu-tools-for-stm32.14.3.rel1.win32_1.0.100.202602081740/tools/bin/../lib/gcc/arm-none-eabi/14.3.1/../../../../arm-none-eabi/lib/thumb/v7e-m+fp/hard\libc_nano.a(libc_a-stdio.o) (_close_r)
C:/ST/STM32CubeIDE_2.1.0/STM32CubeIDE/plugins/com.st.stm32cube.ide.mcu.externaltools.gnu-tools-for-stm32.14.3.rel1.win32_1.0.100.202602081740/tools/bin/../lib/gcc/arm-none-eabi/14.3.1/../../../../arm-none-eabi/lib/thumb/v7e-m+fp/hard\libc_nano.a(libc_a-reent.o)
                              C:/ST/STM32CubeIDE_2.1.0/STM32CubeIDE/plugins/com.st.stm32cube.ide.mcu.externaltools.gnu-tools-for-stm32.14.3.rel1.win32_1.0.100.202602081740/tools/bin/../lib/gcc/arm-none-eabi/14.3.1/../../../../arm-none-eabi/lib/thumb/v7e-m+fp/hard\libc_nano.a(libc_a-closer.o) (errno)
C:/ST/STM32CubeIDE_2.1.0/STM32CubeIDE/plugins/com.st.stm32cube.ide.mcu.externaltools.gnu-tools-for-stm32.14.3.rel1.win32_1.0.100.202602081740/tools/bin/../lib/gcc/arm-none-eabi/14.3.1/../../../../arm-none-eabi/lib/thumb/v7e-m+fp/hard\libc_nano.a(libc_a-impure.o)
                              C:/ST/STM32CubeIDE_2.1.0/STM32CubeIDE/plugins/com.st.stm32cube.ide.mcu.externaltools.gnu-tools-for-stm32.14.3.rel1.win32_1.0.100.202602081740/tools/bin/../lib/gcc/arm-none-eabi/14.3.1/../../../../arm-none-eabi/lib/thumb/v7e-m+fp/hard\libc_nano.a(libc_a-sprintf.o) (_impure_ptr)
[...]
Memory Configuration

Name             Origin             Length             Attributes
RAM              0x20000000         0x00020000         xrw
FLASH            0x08000000         0x00080000         xr
*default*        0x00000000         0xffffffff

Linker script and memory map

LOAD C:/ST/STM32CubeIDE_2.1.0/STM32CubeIDE/plugins/com.st.stm32cube.ide.mcu.externaltools.gnu-tools-for-stm32.14.3.rel1.win32_1.0.100.202602081740/tools/bin/../lib/gcc/arm-none-eabi/14.3.1/thumb/v7e-m+fp/hard/crti.o
LOAD C:/ST/STM32CubeIDE_2.1.0/STM32CubeIDE/plugins/com.st.stm32cube.ide.mcu.externaltools.gnu-tools-for-stm32.14.3.rel1.win32_1.0.100.202602081740/tools/bin/../lib/gcc/arm-none-eabi/14.3.1/thumb/v7e-m+fp/hard/crtbegin.o
LOAD C:/ST/STM32CubeIDE_2.1.0/STM32CubeIDE/plugins/com.st.stm32cube.ide.mcu.externaltools.gnu-tools-for-stm32.14.3.rel1.win32_1.0.100.202602081740/tools/bin/../lib/gcc/arm-none-eabi/14.3.1/../../../../arm-none-eabi/lib/thumb/v7e-m+fp/hard/crt0.o
LOAD ./Core/Src/fatfs_sd.o
LOAD ./Core/Src/font.o
LOAD ./Core/Src/graficos.o
LOAD ./Core/Src/ili9341.o
LOAD ./Core/Src/main.o
LOAD ./Core/Src/stm32f4xx_hal_msp.o
LOAD ./Core/Src/stm32f4xx_it.o
LOAD ./Core/Src/syscalls.o
LOAD ./Core/Src/sysmem.o
LOAD ./Core/Src/system_stm32f4xx.o
LOAD ./Core/Startup/startup_stm32f446retx.o
LOAD ./Drivers/STM32F4xx_HAL_Driver/Src/stm32f4xx_hal.o
LOAD ./Drivers/STM32F4xx_HAL_Driver/Src/stm32f4xx_hal_cortex.o
LOAD ./Drivers/STM32F4xx_HAL_Driver/Src/stm32f4xx_hal_dma.o
LOAD ./Drivers/STM32F4xx_HAL_Driver/Src/stm32f4xx_hal_dma_ex.o
LOAD ./Drivers/STM32F4xx_HAL_Driver/Src/stm32f4xx_hal_exti.o
LOAD ./Drivers/STM32F4xx_HAL_Driver/Src/stm32f4xx_hal_flash.o
LOAD ./Drivers/STM32F4xx_HAL_Driver/Src/stm32f4xx_hal_flash_ex.o
LOAD ./Drivers/STM32F4xx_HAL_Driver/Src/stm32f4xx_hal_flash_ramfunc.o
LOAD ./Drivers/STM32F4xx_HAL_Driver/Src/stm32f4xx_hal_gpio.o
LOAD ./Drivers/STM32F4xx_HAL_Driver/Src/stm32f4xx_hal_pwr.o
LOAD ./Drivers/STM32F4xx_HAL_Driver/Src/stm32f4xx_hal_pwr_ex.o
LOAD ./Drivers/STM32F4xx_HAL_Driver/Src/stm32f4xx_hal_rcc.o
LOAD ./Drivers/STM32F4xx_HAL_Driver/Src/stm32f4xx_hal_rcc_ex.o
LOAD ./Drivers/STM32F4xx_HAL_Driver/Src/stm32f4xx_hal_spi.o
LOAD ./Drivers/STM32F4xx_HAL_Driver/Src/stm32f4xx_hal_uart.o
LOAD ./FATFS/App/fatfs.o
LOAD ./FATFS/Target/user_diskio.o
LOAD ./Middlewares/Third_Party/FatFs/src/diskio.o
LOAD ./Middlewares/Third_Party/FatFs/src/ff.o
LOAD ./Middlewares/Third_Party/FatFs/src/ff_gen_drv.o
LOAD ./Middlewares/Third_Party/FatFs/src/option/ccsbcs.o
LOAD ./Middlewares/Third_Party/FatFs/src/option/syscall.o
START GROUP
LOAD C:/ST/STM32CubeIDE_2.1.0/STM32CubeIDE/plugins/com.st.stm32cube.ide.mcu.externaltools.gnu-tools-for-stm32.14.3.rel1.win32_1.0.100.202602081740/tools/bin/../lib/gcc/arm-none-eabi/14.3.1/../../../../arm-none-eabi/lib/thumb/v7e-m+fp/hard\libc_nano.a
LOAD C:/ST/STM32CubeIDE_2.1.0/STM32CubeIDE/plugins/com.st.stm32cube.ide.mcu.externaltools.gnu-tools-for-stm32.14.3.rel1.win32_1.0.100.202602081740/tools/bin/../lib/gcc/arm-none-eabi/14.3.1/../../../../arm-none-eabi/lib/thumb/v7e-m+fp/hard\libm.a
END GROUP
START GROUP
LOAD C:/ST/STM32CubeIDE_2.1.0/STM32CubeIDE/plugins/com.st.stm32cube.ide.mcu.externaltools.gnu-tools-for-stm32.14.3.rel1.win32_1.0.100.202602081740/tools/bin/../lib/gcc/arm-none-eabi/14.3.1/thumb/v7e-m+fp/hard\libgcc.a
LOAD C:/ST/STM32CubeIDE_2.1.0/STM32CubeIDE/plugins/com.st.stm32cube.ide.mcu.externaltools.gnu-tools-for-stm32.14.3.rel1.win32_1.0.100.202602081740/tools/bin/../lib/gcc/arm-none-eabi/14.3.1/../../../../arm-none-eabi/lib/thumb/v7e-m+fp/hard\libc_nano.a
END GROUP
START GROUP
LOAD C:/ST/STM32CubeIDE_2.1.0/STM32CubeIDE/plugins/com.st.stm32cube.ide.mcu.externaltools.gnu-tools-for-stm32.14.3.rel1.win32_1.0.100.202602081740/tools/bin/../lib/gcc/arm-none-eabi/14.3.1/thumb/v7e-m+fp/hard\libgcc.a
LOAD C:/ST/STM32CubeIDE_2.1.0/STM32CubeIDE/plugins/com.st.stm32cube.ide.mcu.externaltools.gnu-tools-for-stm32.14.3.rel1.win32_1.0.100.202602081740/tools/bin/../lib/gcc/arm-none-eabi/14.3.1/../../../../arm-none-eabi/lib/thumb/v7e-m+fp/hard\libc_nano.a
LOAD C:/ST/STM32CubeIDE_2.1.0/STM32CubeIDE/plugins/com.st.stm32cube.ide.mcu.externaltools.gnu-tools-for-stm32.14.3.rel1.win32_1.0.100.202602081740/tools/bin/../lib/gcc/arm-none-eabi/14.3.1/../../../../arm-none-eabi/lib/thumb/v7e-m+fp/hard\libnosys.a
END GROUP
START GROUP
LOAD C:/ST/STM32CubeIDE_2.1.0/STM32CubeIDE/plugins/com.st.stm32cube.ide.mcu.externaltools.gnu-tools-for-stm32.14.3.rel1.win32_1.0.100.202602081740/tools/bin/../lib/gcc/arm-none-eabi/14.3.1/thumb/v7e-m+fp/hard\libgcc.a
LOAD C:/ST/STM32CubeIDE_2.1.0/STM32CubeIDE/plugins/com.st.stm32cube.ide.mcu.externaltools.gnu-tools-for-stm32.14.3.rel1.win32_1.0.100.202602081740/tools/bin/../lib/gcc/arm-none-eabi/14.3.1/../../../../arm-none-eabi/lib/thumb/v7e-m+fp/hard\libc_nano.a
LOAD C:/ST/STM32CubeIDE_2.1.0/STM32CubeIDE/plugins/com.st.stm32cube.ide.mcu.externaltools.gnu-tools-for-stm32.14.3.rel1.win32_1.0.100.202602081740/tools/bin/../lib/gcc/arm-none-eabi/14.3.1/../../../../arm-none-eabi/lib/thumb/v7e-m+fp/hard\libnosys.a
END GROUP
LOAD C:/ST/STM32CubeIDE_2.1.0/STM32CubeIDE/plugins/com.st.stm32cube.ide.mcu.externaltools.gnu-tools-for-stm32.14.3.rel1.win32_1.0.100.202602081740/tools/bin/../lib/gcc/arm-none-eabi/14.3.1/thumb/v7e-m+fp/hard/crtend.o
LOAD C:/ST/STM32CubeIDE_2.1.0/STM32CubeIDE/plugins/com.st.stm32cube.ide.mcu.externaltools.gnu-tools-for-stm32.14.3.rel1.win32_1.0.100.202602081740/tools/bin/../lib/gcc/arm-none-eabi/14.3.1/thumb/v7e-m+fp/hard/crtn.o
                0x20020000                        _estack = (ORIGIN (RAM) + LENGTH (RAM))
                0x00000200                        _Min_Heap_Size = 0x200
                0x00000400                        _Min_Stack_Size = 0x400

.isr_vector     0x08000000      0x1c4
                0x08000000                        . = ALIGN (0x4)
 *(.isr_vector)
 .isr_vector    0x08000000      0x1c4 ./Core/Startup/startup_stm32f446retx.o
                0x08000000                g_pfnVectors
                0x080001c4                        . = ALIGN (0x4)

.text           0x080001d0     0x9c38
                0x080001d0                        . = ALIGN (0x4)
 *(.text)
 .text          0x080001d0       0x40 C:/ST/STM32CubeIDE_2.1.0/STM32CubeIDE/plugins/com.st.stm32cube.ide.mcu.externaltools.gnu-tools-for-stm32.14.3.rel1.win32_1.0.100.202602081740/tools/bin/../lib/gcc/arm-none-eabi/14.3.1/thumb/v7e-m+fp/hard/crtbegin.o
 .text          0x08000210       0x10 C:/ST/STM32CubeIDE_2.1.0/STM32CubeIDE/plugins/com.st.stm32cube.ide.mcu.externaltools.gnu-tools-for-stm32.14.3.rel1.win32_1.0.100.202602081740/tools/bin/../lib/gcc/arm-none-eabi/14.3.1/../../../../arm-none-eabi/lib/thumb/v7e-m+fp/hard\libc_nano.a(libc_a-strlen.o)
                0x08000210                strlen
 .text          0x08000220       0xa0 C:/ST/STM32CubeIDE_2.1.0/STM32CubeIDE/plugins/com.st.stm32cube.ide.mcu.externaltools.gnu-tools-for-stm32.14.3.rel1.win32_1.0.100.202602081740/tools/bin/../lib/gcc/arm-none-eabi/14.3.1/../../../../arm-none-eabi/lib/thumb/v7e-m+fp/hard\libc_nano.a(libc_a-memchr.o)
                0x08000220                memchr
 .text          0x080002c0       0x30 C:/ST/STM32CubeIDE_2.1.0/STM32CubeIDE/plugins/com.st.stm32cube.ide.mcu.externaltools.gnu-tools-for-stm32.14.3.rel1.win32_1.0.100.202602081740/tools/bin/../lib/gcc/arm-none-eabi/14.3.1/thumb/v7e-m+fp/hard\libgcc.a(_aeabi_uldivmod.o)
                0x080002c0                __aeabi_uldivmod
 .text          0x080002f0      0x2f8 C:/ST/STM32CubeIDE_2.1.0/STM32CubeIDE/plugins/com.st.stm32cube.ide.mcu.externaltools.gnu-tools-for-stm32.14.3.rel1.win32_1.0.100.202602081740/tools/bin/../lib/gcc/arm-none-eabi/14.3.1/thumb/v7e-m+fp/hard\libgcc.a(_udivmoddi4.o)
                0x080002f0                __udivmoddi4
 .text          0x080005e8        0x4 C:/ST/STM32CubeIDE_2.1.0/STM32CubeIDE/plugins/com.st.stm32cube.ide.mcu.externaltools.gnu-tools-for-stm32.14.3.rel1.win32_1.0.100.202602081740/tools/bin/../lib/gcc/arm-none-eabi/14.3.1/thumb/v7e-m+fp/hard\libgcc.a(_dvmd_tls.o)
                0x080005e8                __aeabi_idiv0
                0x080005e8                __aeabi_ldiv0
 *(.text*)
 .text.SELECT   0x080005ec       0x1c ./Core/Src/fatfs_sd.o
 .text.DESELECT
                0x08000608       0x1c ./Core/Src/fatfs_sd.o
 .text.SPI_TxByte
                0x08000624       0x34 ./Core/Src/fatfs_sd.o
 .text.SPI_TxBuffer
                0x08000658       0x34 ./Core/Src/fatfs_sd.o
 .text.SPI_RxByte
                0x0800068c       0x38 ./Core/Src/fatfs_sd.o
 .text.SPI_RxBytePtr
                0x080006c4       0x1c ./Core/Src/fatfs_sd.o
 .text.SD_ReadyWait
                0x080006e0       0x34 ./Core/Src/fatfs_sd.o
 .text.SD_PowerOn
                0x08000714       0x84 ./Core/Src/fatfs_sd.o
 .text.SD_PowerOff
                0x08000798       0x18 ./Core/Src/fatfs_sd.o
 .text.SD_CheckPower
                0x080007b0       0x18 ./Core/Src/fatfs_sd.o
 .text.SD_RxDataBlock
                0x080007c8       0x60 ./Core/Src/fatfs_sd.o
 .text.SD_TxDataBlock
                0x08000828       0xa0 ./Core/Src/fatfs_sd.o
 .text.SD_SendCmd
                0x080008c8       0xa8 ./Core/Src/fatfs_sd.o
 .text.SD_disk_initialize
                0x08000970      0x1d8 ./Core/Src/fatfs_sd.o
                0x08000970                SD_disk_initialize
 .text.SD_disk_status
                0x08000b48       0x2c ./Core/Src/fatfs_sd.o
                0x08000b48                SD_disk_status
 .text.SD_disk_read
                0x08000b74       0xd4 ./Core/Src/fatfs_sd.o
                0x08000b74                SD_disk_read
 .text.SD_disk_write
                0x08000c48      0x108 ./Core/Src/fatfs_sd.o
                0x08000c48                SD_disk_write
 .text.SD_disk_ioctl
                0x08000d50      0x25c ./Core/Src/fatfs_sd.o
                0x08000d50                SD_disk_ioctl
 .text.initLookup
                0x08000fac      0x130 ./Core/Src/ili9341.o
                0x08000fac                initLookup
 .text.LCD_Init
                0x080010dc      0x1fc ./Core/Src/ili9341.o
                0x080010dc                LCD_Init
 .text.LCD_CMD  0x080012d8       0x90 ./Core/Src/ili9341.o
                0x080012d8                LCD_CMD
 .text.LCD_DATA
                0x08001368       0x8c ./Core/Src/ili9341.o
                0x08001368                LCD_DATA
 .text.SetWindows
                0x080013f4       0x80 ./Core/Src/ili9341.o
                0x080013f4                SetWindows
 .text.H_line   0x08001474       0x74 ./Core/Src/ili9341.o
                0x08001474                H_line
 .text.V_line   0x080014e8       0x74 ./Core/Src/ili9341.o
                0x080014e8                V_line
 .text.LCD_Bitmap
                0x0800155c       0x94 ./Core/Src/ili9341.o
                0x0800155c                LCD_Bitmap
 .text.LCD_Sprite
                0x080015f0      0x150 ./Core/Src/ili9341.o
                0x080015f0                LCD_Sprite
 .text.transmit_uart
                0x08001740       0x2c ./Core/Src/main.o
                0x08001740                transmit_uart
 .text.main     0x0800176c      0x5d0 ./Core/Src/main.o
                0x0800176c                main
 .text.SystemClock_Config
                0x08001d3c       0xd8 ./Core/Src/main.o
                0x08001d3c                SystemClock_Config
 .text.MX_SPI1_Init
                0x08001e14       0x6c ./Core/Src/main.o
 .text.MX_USART2_UART_Init
                0x08001e80       0x54 ./Core/Src/main.o
 .text.MX_USART3_UART_Init
                0x08001ed4       0x54 ./Core/Src/main.o
 .text.MX_GPIO_Init
                0x08001f28      0x140 ./Core/Src/main.o
 .text.HAL_UART_RxCpltCallback
                0x08002068       0xb8 ./Core/Src/main.o
                0x08002068                HAL_UART_RxCpltCallback
 .text.LCD_DrawImageFromSD_Fast
                0x08002120      0x1d8 ./Core/Src/main.o
                0x08002120                LCD_DrawImageFromSD_Fast
 .text.SpriteTanqueRojo
                0x080022f8       0x58 ./Core/Src/main.o
                0x080022f8                SpriteTanqueRojo
 .text.ArchivoStageActual
                0x08002350       0x58 ./Core/Src/main.o
                0x08002350                ArchivoStageActual
 .text.EnJuego  0x080023a8       0x40 ./Core/Src/main.o
                0x080023a8                EnJuego
 .text.LeerPixelStageActual
                0x080023e8       0xbc ./Core/Src/main.o
                0x080023e8                LeerPixelStageActual
 .text.PuedeMoverTanque
                0x080024a4      0x1c0 ./Core/Src/main.o
                0x080024a4                PuedeMoverTanque
 .text.SpriteTanqueCeleste
                0x08002664       0x58 ./Core/Src/main.o
                0x08002664                SpriteTanqueCeleste
 .text.SpriteWidth
                0x080026bc       0x48 ./Core/Src/main.o
                0x080026bc                SpriteWidth
 .text.SpriteHeight
                0x08002704       0x34 ./Core/Src/main.o
                0x08002704                SpriteHeight
 .text.DibujarTanqueRojo
                0x08002738       0x80 ./Core/Src/main.o
                0x08002738                DibujarTanqueRojo
 .text.DibujarTanqueCeleste
                0x080027b8       0x80 ./Core/Src/main.o
                0x080027b8                DibujarTanqueCeleste
 .text.BorrarSpriteAnterior
                0x08002838      0x130 ./Core/Src/main.o
                0x08002838                BorrarSpriteAnterior
 .text.MoverTanqueRojoStage
                0x08002968       0xd0 ./Core/Src/main.o
                0x08002968                MoverTanqueRojoStage
 .text.MoverTanqueCelesteStage
                0x08002a38       0xd0 ./Core/Src/main.o
                0x08002a38                MoverTanqueCelesteStage
 .text.PuedeMoverBala
                0x08002b08       0xb8 ./Core/Src/main.o
                0x08002b08                PuedeMoverBala
 .text.DibujarBala
                0x08002bc0       0x50 ./Core/Src/main.o
                0x08002bc0                DibujarBala
 .text.BorrarFranjaBala
                0x08002c10      0x120 ./Core/Src/main.o
                0x08002c10                BorrarFranjaBala
 .text.BorrarBalaCompleta
                0x08002d30       0x68 ./Core/Src/main.o
                0x08002d30                BorrarBalaCompleta
 .text.DispararBalaRoja
                0x08002d98      0x170 ./Core/Src/main.o
                0x08002d98                DispararBalaRoja
 .text.DispararBalaCeleste
                0x08002f08      0x170 ./Core/Src/main.o
                0x08002f08                DispararBalaCeleste
 .text.ActualizarBala
                0x08003078       0xd0 ./Core/Src/main.o
                0x08003078                ActualizarBala
 .text.ActualizarBalas
                0x08003148       0x40 ./Core/Src/main.o
                0x08003148                ActualizarBalas
 .text.Error_Handler
                0x08003188        0xc ./Core/Src/main.o
                0x08003188                Error_Handler
 .text.HAL_MspInit
                0x08003194       0x50 ./Core/Src/stm32f4xx_hal_msp.o
                0x08003194                HAL_MspInit
 .text.HAL_SPI_MspInit
                0x080031e4       0x90 ./Core/Src/stm32f4xx_hal_msp.o
                0x080031e4                HAL_SPI_MspInit
 .text.HAL_UART_MspInit
                0x08003274      0x11c ./Core/Src/stm32f4xx_hal_msp.o
                0x08003274                HAL_UART_MspInit
 .text.NMI_Handler
                0x08003390        0x8 ./Core/Src/stm32f4xx_it.o
                0x08003390                NMI_Handler
 .text.HardFault_Handler
                0x08003398        0x8 ./Core/Src/stm32f4xx_it.o
                0x08003398                HardFault_Handler
 .text.MemManage_Handler
                0x080033a0        0x8 ./Core/Src/stm32f4xx_it.o
                0x080033a0                MemManage_Handler
 .text.BusFault_Handler
                0x080033a8        0x8 ./Core/Src/stm32f4xx_it.o
                0x080033a8                BusFault_Handler
 .text.UsageFault_Handler
                0x080033b0        0x8 ./Core/Src/stm32f4xx_it.o
                0x080033b0                UsageFault_Handler
 .text.SVC_Handler
                0x080033b8        0xe ./Core/Src/stm32f4xx_it.o
                0x080033b8                SVC_Handler
 .text.DebugMon_Handler
                0x080033c6        0xe ./Core/Src/stm32f4xx_it.o
                0x080033c6                DebugMon_Handler
 .text.PendSV_Handler
                0x080033d4        0xe ./Core/Src/stm32f4xx_it.o
                0x080033d4                PendSV_Handler
 *fill*         0x080033e2        0x2 
 .text.SysTick_Handler
                0x080033e4       0x40 ./Core/Src/stm32f4xx_it.o
                0x080033e4                SysTick_Handler
 .text.USART2_IRQHandler
                0x08003424       0x14 ./Core/Src/stm32f4xx_it.o
                0x08003424                USART2_IRQHandler
 .text.USART3_IRQHandler
                0x08003438       0x14 ./Core/Src/stm32f4xx_it.o
                0x08003438                USART3_IRQHandler
 .text._sbrk    0x0800344c       0x6c ./Core/Src/sysmem.o
                0x0800344c                _sbrk
 .text.SystemInit
                0x080034b8       0x24 ./Core/Src/system_stm32f4xx.o
                0x080034b8                SystemInit
 .text.Reset_Handler
                0x080034dc       0x50 ./Core/Startup/startup_stm32f446retx.o
                0x080034dc                Reset_Handler
 .text.Default_Handler
                0x0800352c        0x2 ./Core/Startup/startup_stm32f446retx.o
                0x0800352c                RTC_Alarm_IRQHandler
                0x0800352c                EXTI2_IRQHandler
                0x0800352c                TIM8_CC_IRQHandler
                0x0800352c                FMPI2C1_EV_IRQHandler
                0x0800352c                SPI4_IRQHandler
                0x0800352c                TIM1_CC_IRQHandler
                0x0800352c                DMA2_Stream5_IRQHandler
                0x0800352c                DMA1_Stream5_IRQHandler
                0x0800352c                PVD_IRQHandler
                0x0800352c                SDIO_IRQHandler
                0x0800352c                TAMP_STAMP_IRQHandler
                0x0800352c                CAN2_RX1_IRQHandler
                0x0800352c                EXTI3_IRQHandler
                0x0800352c                TIM8_TRG_COM_TIM14_IRQHandler
                0x0800352c                TIM1_UP_TIM10_IRQHandler
                0x0800352c                TIM8_UP_TIM13_IRQHandler
                0x0800352c                I2C3_ER_IRQHandler
                0x0800352c                EXTI0_IRQHandler
                0x0800352c                I2C2_EV_IRQHandler
                0x0800352c                DMA1_Stream2_IRQHandler
                0x0800352c                CAN1_RX0_IRQHandler
                0x0800352c                FPU_IRQHandler
                0x0800352c                OTG_HS_WKUP_IRQHandler
                0x0800352c                CAN2_SCE_IRQHandler
                0x0800352c                DMA2_Stream2_IRQHandler
                0x0800352c                SPI1_IRQHandler
                0x0800352c                TIM6_DAC_IRQHandler
                0x0800352c                TIM1_BRK_TIM9_IRQHandler
                0x0800352c                DCMI_IRQHandler
                0x0800352c                CAN2_RX0_IRQHandler
                0x0800352c                DMA2_Stream3_IRQHandler
                0x0800352c                SAI2_IRQHandler
                0x0800352c                USART6_IRQHandler
                0x0800352c                CAN1_RX1_IRQHandler
                0x0800352c                UART5_IRQHandler
                0x0800352c                DMA2_Stream0_IRQHandler
                0x0800352c                TIM4_IRQHandler
                0x0800352c                QUADSPI_IRQHandler
                0x0800352c                I2C1_EV_IRQHandler
                0x0800352c                DMA1_Stream6_IRQHandler
                0x0800352c                DMA1_Stream1_IRQHandler
                0x0800352c                UART4_IRQHandler
                0x0800352c                TIM3_IRQHandler
                0x0800352c                RCC_IRQHandler
                0x0800352c                TIM8_BRK_TIM12_IRQHandler
                0x0800352c                Default_Handler
                0x0800352c                CEC_IRQHandler
                0x0800352c                EXTI15_10_IRQHandler
                0x0800352c                ADC_IRQHandler
                0x0800352c                DMA1_Stream7_IRQHandler
                0x0800352c                TIM7_IRQHandler
                0x0800352c                CAN2_TX_IRQHandler
                0x0800352c                TIM5_IRQHandler
                0x0800352c                DMA2_Stream7_IRQHandler
                0x0800352c                I2C3_EV_IRQHandler
                0x0800352c                EXTI9_5_IRQHandler
                0x0800352c                RTC_WKUP_IRQHandler
                0x0800352c                SPDIF_RX_IRQHandler
                0x0800352c                SPI2_IRQHandler
                0x0800352c                OTG_HS_EP1_IN_IRQHandler
                0x0800352c                DMA1_Stream0_IRQHandler
                0x0800352c                CAN1_TX_IRQHandler
                0x0800352c                FMPI2C1_ER_IRQHandler
                0x0800352c                EXTI4_IRQHandler
                0x0800352c                OTG_HS_EP1_OUT_IRQHandler
                0x0800352c                WWDG_IRQHandler
                0x0800352c                TIM2_IRQHandler
                0x0800352c                OTG_FS_WKUP_IRQHandler
                0x0800352c                TIM1_TRG_COM_TIM11_IRQHandler
                0x0800352c                OTG_HS_IRQHandler
                0x0800352c                EXTI1_IRQHandler
                0x0800352c                I2C2_ER_IRQHandler
                0x0800352c                DMA2_Stream1_IRQHandler
                0x0800352c                CAN1_SCE_IRQHandler
                0x0800352c                FLASH_IRQHandler
                0x0800352c                DMA2_Stream4_IRQHandler
                0x0800352c                USART1_IRQHandler
                0x0800352c                OTG_FS_IRQHandler
                0x0800352c                SPI3_IRQHandler
                0x0800352c                DMA1_Stream4_IRQHandler
                0x0800352c                I2C1_ER_IRQHandler
                0x0800352c                FMC_IRQHandler
                0x0800352c                DMA2_Stream6_IRQHandler
                0x0800352c                SAI1_IRQHandler
                0x0800352c                DMA1_Stream3_IRQHandler
 *fill*         0x0800352e        0x2 
 .text.HAL_Init
                0x08003530       0x44 ./Drivers/STM32F4xx_HAL_Driver/Src/stm32f4xx_hal.o
                0x08003530                HAL_Init
 .text.HAL_InitTick
                0x08003574       0x60 ./Drivers/STM32F4xx_HAL_Driver/Src/stm32f4xx_hal.o
                0x08003574                HAL_InitTick
 .text.HAL_IncTick
                0x080035d4       0x28 ./Drivers/STM32F4xx_HAL_Driver/Src/stm32f4xx_hal.o
                0x080035d4                HAL_IncTick
 .text.HAL_GetTick
                0x080035fc       0x18 ./Drivers/STM32F4xx_HAL_Driver/Src/stm32f4xx_hal.o
                0x080035fc                HAL_GetTick
 .text.HAL_Delay
                0x08003614       0x48 ./Drivers/STM32F4xx_HAL_Driver/Src/stm32f4xx_hal.o
                0x08003614                HAL_Delay
 .text.__NVIC_SetPriorityGrouping
                0x0800365c       0x48 ./Drivers/STM32F4xx_HAL_Driver/Src/stm32f4xx_hal_cortex.o
 .text.__NVIC_GetPriorityGrouping
                0x080036a4       0x1c ./Drivers/STM32F4xx_HAL_Driver/Src/stm32f4xx_hal_cortex.o
 .text.__NVIC_EnableIRQ
                0x080036c0       0x3c ./Drivers/STM32F4xx_HAL_Driver/Src/stm32f4xx_hal_cortex.o
 .text.__NVIC_SetPriority
                0x080036fc       0x54 ./Drivers/STM32F4xx_HAL_Driver/Src/stm32f4xx_hal_cortex.o
 .text.NVIC_EncodePriority
                0x08003750       0x66 ./Drivers/STM32F4xx_HAL_Driver/Src/stm32f4xx_hal_cortex.o
 *fill*         0x080037b6        0x2 
 .text.SysTick_Config
                0x080037b8       0x44 ./Drivers/STM32F4xx_HAL_Driver/Src/stm32f4xx_hal_cortex.o
 .text.HAL_NVIC_SetPriorityGrouping
                0x080037fc       0x16 ./Drivers/STM32F4xx_HAL_Driver/Src/stm32f4xx_hal_cortex.o
                0x080037fc                HAL_NVIC_SetPriorityGrouping
 .text.HAL_NVIC_SetPriority
                0x08003812       0x38 ./Drivers/STM32F4xx_HAL_Driver/Src/stm32f4xx_hal_cortex.o
                0x08003812                HAL_NVIC_SetPriority
 .text.HAL_NVIC_EnableIRQ
                0x0800384a       0x1c ./Drivers/STM32F4xx_HAL_Driver/Src/stm32f4xx_hal_cortex.o
                0x0800384a                HAL_NVIC_EnableIRQ
 .text.HAL_SYSTICK_Config
                0x08003866       0x18 ./Drivers/STM32F4xx_HAL_Driver/Src/stm32f4xx_hal_cortex.o
                0x08003866                HAL_SYSTICK_Config
 .text.HAL_SYSTICK_IRQHandler
                0x0800387e        0xc ./Drivers/STM32F4xx_HAL_Driver/Src/stm32f4xx_hal_cortex.o
                0x0800387e                HAL_SYSTICK_IRQHandler
 .text.HAL_SYSTICK_Callback
                0x0800388a        0xe ./Drivers/STM32F4xx_HAL_Driver/Src/stm32f4xx_hal_cortex.o
                0x0800388a                HAL_SYSTICK_Callback
 .text.HAL_DMA_Abort
                0x08003898       0xe0 ./Drivers/STM32F4xx_HAL_Driver/Src/stm32f4xx_hal_dma.o
                0x08003898                HAL_DMA_Abort
 .text.HAL_DMA_Abort_IT
                0x08003978       0x44 ./Drivers/STM32F4xx_HAL_Driver/Src/stm32f4xx_hal_dma.o
                0x08003978                HAL_DMA_Abort_IT
 .text.HAL_GPIO_Init
                0x080039bc      0x328 ./Drivers/STM32F4xx_HAL_Driver/Src/stm32f4xx_hal_gpio.o
                0x080039bc                HAL_GPIO_Init
 .text.HAL_GPIO_WritePin
                0x08003ce4       0x32 ./Drivers/STM32F4xx_HAL_Driver/Src/stm32f4xx_hal_gpio.o
                0x08003ce4                HAL_GPIO_WritePin
 *fill*         0x08003d16        0x2 
 .text.HAL_RCC_ClockConfig
                0x08003d18      0x1cc ./Drivers/STM32F4xx_HAL_Driver/Src/stm32f4xx_hal_rcc.o
                0x08003d18                HAL_RCC_ClockConfig
 .text.HAL_RCC_GetHCLKFreq
                0x08003ee4       0x18 ./Drivers/STM32F4xx_HAL_Driver/Src/stm32f4xx_hal_rcc.o
                0x08003ee4                HAL_RCC_GetHCLKFreq
 .text.HAL_RCC_GetPCLK1Freq
                0x08003efc       0x28 ./Drivers/STM32F4xx_HAL_Driver/Src/stm32f4xx_hal_rcc.o
                0x08003efc                HAL_RCC_GetPCLK1Freq
 .text.HAL_RCC_GetPCLK2Freq
                0x08003f24       0x28 ./Drivers/STM32F4xx_HAL_Driver/Src/stm32f4xx_hal_rcc.o
                0x08003f24                HAL_RCC_GetPCLK2Freq
 .text.HAL_RCC_GetSysClockFreq
                0x08003f4c      0x350 ./Drivers/STM32F4xx_HAL_Driver/Src/stm32f4xx_hal_rcc_ex.o
                0x08003f4c                HAL_RCC_GetSysClockFreq
 .text.HAL_RCC_OscConfig
                0x0800429c      0x53c ./Drivers/STM32F4xx_HAL_Driver/Src/stm32f4xx_hal_rcc_ex.o
                0x0800429c                HAL_RCC_OscConfig
 .text.HAL_SPI_Init
                0x080047d8      0x112 ./Drivers/STM32F4xx_HAL_Driver/Src/stm32f4xx_hal_spi.o
                0x080047d8                HAL_SPI_Init
 .text.HAL_SPI_Transmit
                0x080048ea      0x288 ./Drivers/STM32F4xx_HAL_Driver/Src/stm32f4xx_hal_spi.o
                0x080048ea                HAL_SPI_Transmit
 .text.HAL_SPI_TransmitReceive
                0x08004b72      0x352 ./Drivers/STM32F4xx_HAL_Driver/Src/stm32f4xx_hal_spi.o
                0x08004b72                HAL_SPI_TransmitReceive
 .text.SPI_WaitFlagStateUntilTimeout
                0x08004ec4      0x110 ./Drivers/STM32F4xx_HAL_Driver/Src/stm32f4xx_hal_spi.o
 .text.SPI_EndRxTxTransaction
                0x08004fd4       0xa8 ./Drivers/STM32F4xx_HAL_Driver/Src/stm32f4xx_hal_spi.o
 .text.HAL_UART_Init
                0x0800507c       0xa0 ./Drivers/STM32F4xx_HAL_Driver/Src/stm32f4xx_hal_uart.o
                0x0800507c                HAL_UART_Init
 .text.HAL_UART_Transmit
                0x0800511c      0x116 ./Drivers/STM32F4xx_HAL_Driver/Src/stm32f4xx_hal_uart.o
                0x0800511c                HAL_UART_Transmit
 .text.HAL_UART_Receive_IT
                0x08005232       0x4a ./Drivers/STM32F4xx_HAL_Driver/Src/stm32f4xx_hal_uart.o
                0x08005232                HAL_UART_Receive_IT
 .text.HAL_UART_IRQHandler
                0x0800527c      0x554 ./Drivers/STM32F4xx_HAL_Driver/Src/stm32f4xx_hal_uart.o
                0x0800527c                HAL_UART_IRQHandler
 .text.HAL_UART_TxCpltCallback
                0x080057d0       0x14 ./Drivers/STM32F4xx_HAL_Driver/Src/stm32f4xx_hal_uart.o
                0x080057d0                HAL_UART_TxCpltCallback
 .text.HAL_UART_ErrorCallback
                0x080057e4       0x14 ./Drivers/STM32F4xx_HAL_Driver/Src/stm32f4xx_hal_uart.o
                0x080057e4                HAL_UART_ErrorCallback
 .text.HAL_UARTEx_RxEventCallback
                0x080057f8       0x18 ./Drivers/STM32F4xx_HAL_Driver/Src/stm32f4xx_hal_uart.o
                0x080057f8                HAL_UARTEx_RxEventCallback
 .text.UART_WaitOnFlagUntilTimeout
                0x08005810       0xb2 ./Drivers/STM32F4xx_HAL_Driver/Src/stm32f4xx_hal_uart.o
 .text.UART_Start_Receive_IT
                0x080058c2       0x74 ./Drivers/STM32F4xx_HAL_Driver/Src/stm32f4xx_hal_uart.o
                0x080058c2                UART_Start_Receive_IT
 .text.UART_EndRxTransfer
                0x08005936       0xc6 ./Drivers/STM32F4xx_HAL_Driver/Src/stm32f4xx_hal_uart.o
 .text.UART_DMAAbortOnError
                0x080059fc       0x22 ./Drivers/STM32F4xx_HAL_Driver/Src/stm32f4xx_hal_uart.o
 .text.UART_Transmit_IT
                0x08005a1e       0xa0 ./Drivers/STM32F4xx_HAL_Driver/Src/stm32f4xx_hal_uart.o
 .text.UART_EndTransmit_IT
                0x08005abe       0x30 ./Drivers/STM32F4xx_HAL_Driver/Src/stm32f4xx_hal_uart.o
 .text.UART_Receive_IT
                0x08005aee      0x17c ./Drivers/STM32F4xx_HAL_Driver/Src/stm32f4xx_hal_uart.o
 *fill*         0x08005c6a        0x2 
 .text.UART_SetConfig
                0x08005c6c      0x4e8 ./Drivers/STM32F4xx_HAL_Driver/Src/stm32f4xx_hal_uart.o
 .text.MX_FATFS_Init
                0x08006154       0x24 ./FATFS/App/fatfs.o
                0x08006154                MX_FATFS_Init
 .text.get_fattime
                0x08006178       0x10 ./FATFS/App/fatfs.o
                0x08006178                get_fattime
 .text.USER_initialize
                0x08006188       0x1c ./FATFS/Target/user_diskio.o
                0x08006188                USER_initialize
 .text.USER_status
                0x080061a4       0x1c ./FATFS/Target/user_diskio.o
                0x080061a4                USER_status
 .text.USER_read
                0x080061c0       0x26 ./FATFS/Target/user_diskio.o
                0x080061c0                USER_read
 .text.USER_write
                0x080061e6       0x26 ./FATFS/Target/user_diskio.o
                0x080061e6                USER_write
 .text.USER_ioctl
                0x0800620c       0x26 ./FATFS/Target/user_diskio.o
                0x0800620c                USER_ioctl
 *fill*         0x08006232        0x2 
 .text.disk_status
                0x08006234       0x34 ./Middlewares/Third_Party/FatFs/src/diskio.o
                0x08006234                disk_status
 .text.disk_initialize
                0x08006268       0x50 ./Middlewares/Third_Party/FatFs/src/diskio.o
                0x08006268                disk_initialize
 .text.disk_read
                0x080062b8       0x40 ./Middlewares/Third_Party/FatFs/src/diskio.o
                0x080062b8                disk_read
 .text.disk_write
                0x080062f8       0x40 ./Middlewares/Third_Party/FatFs/src/diskio.o
                0x080062f8                disk_write
 .text.disk_ioctl
                0x08006338       0x3c ./Middlewares/Third_Party/FatFs/src/diskio.o
                0x08006338                disk_ioctl
 .text.ld_word  0x08006374       0x32 ./Middlewares/Third_Party/FatFs/src/ff.o
 .text.ld_dword
                0x080063a6       0x46 ./Middlewares/Third_Party/FatFs/src/ff.o
 .text.st_word  0x080063ec       0x36 ./Middlewares/Third_Party/FatFs/src/ff.o
 .text.st_dword
                0x08006422       0x58 ./Middlewares/Third_Party/FatFs/src/ff.o
 .text.mem_cpy  0x0800647a       0x42 ./Middlewares/Third_Party/FatFs/src/ff.o
 .text.mem_set  0x080064bc       0x36 ./Middlewares/Third_Party/FatFs/src/ff.o
 .text.mem_cmp  0x080064f2       0x4e ./Middlewares/Third_Party/FatFs/src/ff.o
 .text.chk_chr  0x08006540       0x36 ./Middlewares/Third_Party/FatFs/src/ff.o
 *fill*         0x08006576        0x2 
 .text.chk_lock
                0x08006578       0xb8 ./Middlewares/Third_Party/FatFs/src/ff.o
 .text.enq_lock
                0x08006630       0x44 ./Middlewares/Third_Party/FatFs/src/ff.o
 .text.inc_lock
                0x08006674      0x11c ./Middlewares/Third_Party/FatFs/src/ff.o
 .text.dec_lock
                0x08006790       0x78 ./Middlewares/Third_Party/FatFs/src/ff.o
 .text.clear_lock
                0x08006808       0x48 ./Middlewares/Third_Party/FatFs/src/ff.o
 .text.sync_window
                0x08006850       0x88 ./Middlewares/Third_Party/FatFs/src/ff.o
 .text.move_window
                0x080068d8       0x5a ./Middlewares/Third_Party/FatFs/src/ff.o
 *fill*         0x08006932        0x2 
 .text.sync_fs  0x08006934       0xe0 ./Middlewares/Third_Party/FatFs/src/ff.o
 .text.clust2sect
                0x08006a14       0x3e ./Middlewares/Third_Party/FatFs/src/ff.o
 .text.get_fat  0x08006a52      0x1a6 ./Middlewares/Third_Party/FatFs/src/ff.o
 .text.put_fat  0x08006bf8      0x234 ./Middlewares/Third_Party/FatFs/src/ff.o
 .text.remove_chain
                0x08006e2c       0xca ./Middlewares/Third_Party/FatFs/src/ff.o
 .text.create_chain
                0x08006ef6      0x130 ./Middlewares/Third_Party/FatFs/src/ff.o
 .text.clmt_clust
                0x08007026       0x70 ./Middlewares/Third_Party/FatFs/src/ff.o
 .text.dir_sdi  0x08007096      0x112 ./Middlewares/Third_Party/FatFs/src/ff.o
 .text.dir_next
                0x080071a8      0x1ac ./Middlewares/Third_Party/FatFs/src/ff.o
 .text.dir_alloc
                0x08007354       0x8e ./Middlewares/Third_Party/FatFs/src/ff.o
 .text.ld_clust
                0x080073e2       0x3e ./Middlewares/Third_Party/FatFs/src/ff.o
 .text.st_clust
                0x08007420       0x40 ./Middlewares/Third_Party/FatFs/src/ff.o
 .text.cmp_lfn  0x08007460       0xe0 ./Middlewares/Third_Party/FatFs/src/ff.o
 .text.put_lfn  0x08007540       0xd0 ./Middlewares/Third_Party/FatFs/src/ff.o
 .text.gen_numname
                0x08007610      0x11c ./Middlewares/Third_Party/FatFs/src/ff.o
 .text.sum_sfn  0x0800772c       0x42 ./Middlewares/Third_Party/FatFs/src/ff.o
 .text.dir_find
                0x0800776e      0x180 ./Middlewares/Third_Party/FatFs/src/ff.o
 *fill*         0x080078ee        0x2 
 .text.dir_register
                0x080078f0      0x1f0 ./Middlewares/Third_Party/FatFs/src/ff.o
 .text.create_name
                0x08007ae0      0x370 ./Middlewares/Third_Party/FatFs/src/ff.o
 .text.follow_path
                0x08007e50       0xec ./Middlewares/Third_Party/FatFs/src/ff.o
 .text.get_ldnumber
                0x08007f3c       0x88 ./Middlewares/Third_Party/FatFs/src/ff.o
 .text.check_fs
                0x08007fc4       0xac ./Middlewares/Third_Party/FatFs/src/ff.o
 .text.find_volume
                0x08008070      0x50c ./Middlewares/Third_Party/FatFs/src/ff.o
 .text.validate
                0x0800857c       0x6a ./Middlewares/Third_Party/FatFs/src/ff.o
 *fill*         0x080085e6        0x2 
 .text.f_mount  0x080085e8       0x8c ./Middlewares/Third_Party/FatFs/src/ff.o
                0x080085e8                f_mount
 .text.f_open   0x08008674      0x390 ./Middlewares/Third_Party/FatFs/src/ff.o
                0x08008674                f_open
 .text.f_read   0x08008a04      0x2be ./Middlewares/Third_Party/FatFs/src/ff.o
                0x08008a04                f_read
 .text.f_sync   0x08008cc2       0xfc ./Middlewares/Third_Party/FatFs/src/ff.o
                0x08008cc2                f_sync
 .text.f_close  0x08008dbe       0x54 ./Middlewares/Third_Party/FatFs/src/ff.o
                0x08008dbe                f_close
 .text.f_lseek  0x08008e12      0x448 ./Middlewares/Third_Party/FatFs/src/ff.o
                0x08008e12                f_lseek
 *fill*         0x0800925a        0x2 
 .text.FATFS_LinkDriverEx
                0x0800925c       0x98 ./Middlewares/Third_Party/FatFs/src/ff_gen_drv.o
                0x0800925c                FATFS_LinkDriverEx
 .text.FATFS_LinkDriver
                0x080092f4       0x1e ./Middlewares/Third_Party/FatFs/src/ff_gen_drv.o
                0x080092f4                FATFS_LinkDriver
 *fill*         0x08009312        0x2 
 .text.ff_convert
                0x08009314       0x78 ./Middlewares/Third_Party/FatFs/src/option/ccsbcs.o
                0x08009314                ff_convert
 .text.ff_wtoupper
                0x0800938c      0x114 ./Middlewares/Third_Party/FatFs/src/option/ccsbcs.o
                0x0800938c                ff_wtoupper
 .text.sprintf  0x080094a0       0x44 C:/ST/STM32CubeIDE_2.1.0/STM32CubeIDE/plugins/com.st.stm32cube.ide.mcu.externaltools.gnu-tools-for-stm32.14.3.rel1.win32_1.0.100.202602081740/tools/bin/../lib/gcc/arm-none-eabi/14.3.1/../../../../arm-none-eabi/lib/thumb/v7e-m+fp/hard\libc_nano.a(libc_a-sprintf.o)
                0x080094a0                siprintf
                0x080094a0                sprintf
 .text.memset   0x080094e4       0x10 C:/ST/STM32CubeIDE_2.1.0/STM32CubeIDE/plugins/com.st.stm32cube.ide.mcu.externaltools.gnu-tools-for-stm32.14.3.rel1.win32_1.0.100.202602081740/tools/bin/../lib/gcc/arm-none-eabi/14.3.1/../../../../arm-none-eabi/lib/thumb/v7e-m+fp/hard\libc_nano.a(libc_a-memset.o)
                0x080094e4                memset
 .text.__errno  0x080094f4        0xc C:/ST/STM32CubeIDE_2.1.0/STM32CubeIDE/plugins/com.st.stm32cube.ide.mcu.externaltools.gnu-tools-for-stm32.14.3.rel1.win32_1.0.100.202602081740/tools/bin/../lib/gcc/arm-none-eabi/14.3.1/../../../../arm-none-eabi/lib/thumb/v7e-m+fp/hard\libc_nano.a(libc_a-errno.o)
                0x080094f4                __errno
 .text.__libc_init_array
                0x08009500       0x48 C:/ST/STM32CubeIDE_2.1.0/STM32CubeIDE/plugins/com.st.stm32cube.ide.mcu.externaltools.gnu-tools-for-stm32.14.3.rel1.win32_1.0.100.202602081740/tools/bin/../lib/gcc/arm-none-eabi/14.3.1/../../../../arm-none-eabi/lib/thumb/v7e-m+fp/hard\libc_nano.a(libc_a-init.o)
                0x08009500                __libc_init_array
 .text.__retarget_lock_acquire_recursive
                0x08009548        0x2 C:/ST/STM32CubeIDE_2.1.0/STM32CubeIDE/plugins/com.st.stm32cube.ide.mcu.externaltools.gnu-tools-for-stm32.14.3.rel1.win32_1.0.100.202602081740/tools/bin/../lib/gcc/arm-none-eabi/14.3.1/../../../../arm-none-eabi/lib/thumb/v7e-m+fp/hard\libc_nano.a(libc_a-lock.o)
                0x08009548                __retarget_lock_acquire_recursive
 .text.__retarget_lock_release_recursive
                0x0800954a        0x2 C:/ST/STM32CubeIDE_2.1.0/STM32CubeIDE/plugins/com.st.stm32cube.ide.mcu.externaltools.gnu-tools-for-stm32.14.3.rel1.win32_1.0.100.202602081740/tools/bin/../lib/gcc/arm-none-eabi/14.3.1/../../../../arm-none-eabi/lib/thumb/v7e-m+fp/hard\libc_nano.a(libc_a-lock.o)
                0x0800954a                __retarget_lock_release_recursive
 .text._free_r  0x0800954c       0x94 C:/ST/STM32CubeIDE_2.1.0/STM32CubeIDE/plugins/com.st.stm32cube.ide.mcu.externaltools.gnu-tools-for-stm32.14.3.rel1.win32_1.0.100.202602081740/tools/bin/../lib/gcc/arm-none-eabi/14.3.1/../../../../arm-none-eabi/lib/thumb/v7e-m+fp/hard\libc_nano.a(libc_a-freer.o)
                0x0800954c                _free_r
 .text.sbrk_aligned
                0x080095e0       0x44 C:/ST/STM32CubeIDE_2.1.0/STM32CubeIDE/plugins/com.st.stm32cube.ide.mcu.externaltools.gnu-tools-for-stm32.14.3.rel1.win32_1.0.100.202602081740/tools/bin/../lib/gcc/arm-none-eabi/14.3.1/../../../../arm-none-eabi/lib/thumb/v7e-m+fp/hard\libc_nano.a(libc_a-mallocr.o)
 .text._malloc_r
                0x08009624      0x100 C:/ST/STM32CubeIDE_2.1.0/STM32CubeIDE/plugins/com.st.stm32cube.ide.mcu.externaltools.gnu-tools-for-stm32.14.3.rel1.win32_1.0.100.202602081740/tools/bin/../lib/gcc/arm-none-eabi/14.3.1/../../../../arm-none-eabi/lib/thumb/v7e-m+fp/hard\libc_nano.a(libc_a-mallocr.o)
                0x08009624                _malloc_r
 .text.__malloc_lock
                0x08009724        0xc C:/ST/STM32CubeIDE_2.1.0/STM32CubeIDE/plugins/com.st.stm32cube.ide.mcu.externaltools.gnu-tools-for-stm32.14.3.rel1.win32_1.0.100.202602081740/tools/bin/../lib/gcc/arm-none-eabi/14.3.1/../../../../arm-none-eabi/lib/thumb/v7e-m+fp/hard\libc_nano.a(libc_a-mlock.o)
                0x08009724                __malloc_lock
 .text.__malloc_unlock
                0x08009730        0xc C:/ST/STM32CubeIDE_2.1.0/STM32CubeIDE/plugins/com.st.stm32cube.ide.mcu.externaltools.gnu-tools-for-stm32.14.3.rel1.win32_1.0.100.202602081740/tools/bin/../lib/gcc/arm-none-eabi/14.3.1/../../../../arm-none-eabi/lib/thumb/v7e-m+fp/hard\libc_nano.a(libc_a-mlock.o)
                0x08009730                __malloc_unlock
 .text.__ssputs_r
                0x0800973c       0xc0 C:/ST/STM32CubeIDE_2.1.0/STM32CubeIDE/plugins/com.st.stm32cube.ide.mcu.externaltools.gnu-tools-for-stm32.14.3.rel1.win32_1.0.100.202602081740/tools/bin/../lib/gcc/arm-none-eabi/14.3.1/../../../../arm-none-eabi/lib/thumb/v7e-m+fp/hard\libc_nano.a(libc_a-nano-svfprintf.o)
                0x0800973c                __ssputs_r
 .text._svfprintf_r
                0x080097fc      0x1f0 C:/ST/STM32CubeIDE_2.1.0/STM32CubeIDE/plugins/com.st.stm32cube.ide.mcu.externaltools.gnu-tools-for-stm32.14.3.rel1.win32_1.0.100.202602081740/tools/bin/../lib/gcc/arm-none-eabi/14.3.1/../../../../arm-none-eabi/lib/thumb/v7e-m+fp/hard\libc_nano.a(libc_a-nano-svfprintf.o)
                0x080097fc                _svfiprintf_r
                0x080097fc                _svfprintf_r
 .text._printf_common
                0x080099ec       0xda C:/ST/STM32CubeIDE_2.1.0/STM32CubeIDE/plugins/com.st.stm32cube.ide.mcu.externaltools.gnu-tools-for-stm32.14.3.rel1.win32_1.0.100.202602081740/tools/bin/../lib/gcc/arm-none-eabi/14.3.1/../../../../arm-none-eabi/lib/thumb/v7e-m+fp/hard\libc_nano.a(libc_a-nano-vfprintf_i.o)
                0x080099ec                _printf_common
 *fill*         0x08009ac6        0x2 
 .text._printf_i
                0x08009ac8      0x24c C:/ST/STM32CubeIDE_2.1.0/STM32CubeIDE/plugins/com.st.stm32cube.ide.mcu.externaltools.gnu-tools-for-stm32.14.3.rel1.win32_1.0.100.202602081740/tools/bin/../lib/gcc/arm-none-eabi/14.3.1/../../../../arm-none-eabi/lib/thumb/v7e-m+fp/hard\libc_nano.a(libc_a-nano-vfprintf_i.o)
                0x08009ac8                _printf_i
 .text.memmove  0x08009d14       0x32 C:/ST/STM32CubeIDE_2.1.0/STM32CubeIDE/plugins/com.st.stm32cube.ide.mcu.externaltools.gnu-tools-for-stm32.14.3.rel1.win32_1.0.100.202602081740/tools/bin/../lib/gcc/arm-none-eabi/14.3.1/../../../../arm-none-eabi/lib/thumb/v7e-m+fp/hard\libc_nano.a(libc_a-memmove.o)
                0x08009d14                memmove
 *fill*         0x08009d46        0x2 
 .text._sbrk_r  0x08009d48       0x20 C:/ST/STM32CubeIDE_2.1.0/STM32CubeIDE/plugins/com.st.stm32cube.ide.mcu.externaltools.gnu-tools-for-stm32.14.3.rel1.win32_1.0.100.202602081740/tools/bin/../lib/gcc/arm-none-eabi/14.3.1/../../../../arm-none-eabi/lib/thumb/v7e-m+fp/hard\libc_nano.a(libc_a-sbrkr.o)
                0x08009d48                _sbrk_r
 .text.memcpy   0x08009d68       0x1c C:/ST/STM32CubeIDE_2.1.0/STM32CubeIDE/plugins/com.st.stm32cube.ide.mcu.externaltools.gnu-tools-for-stm32.14.3.rel1.win32_1.0.100.202602081740/tools/bin/../lib/gcc/arm-none-eabi/14.3.1/../../../../arm-none-eabi/lib/thumb/v7e-m+fp/hard\libc_nano.a(libc_a-memcpy-stub.o)
                0x08009d68                memcpy
 .text._realloc_r
                0x08009d84       0x5c C:/ST/STM32CubeIDE_2.1.0/STM32CubeIDE/plugins/com.st.stm32cube.ide.mcu.externaltools.gnu-tools-for-stm32.14.3.rel1.win32_1.0.100.202602081740/tools/bin/../lib/gcc/arm-none-eabi/14.3.1/../../../../arm-none-eabi/lib/thumb/v7e-m+fp/hard\libc_nano.a(libc_a-reallocr.o)
                0x08009d84                _realloc_r
 .text._malloc_usable_size_r
                0x08009de0       0x10 C:/ST/STM32CubeIDE_2.1.0/STM32CubeIDE/plugins/com.st.stm32cube.ide.mcu.externaltools.gnu-tools-for-stm32.14.3.rel1.win32_1.0.100.202602081740/tools/bin/../lib/gcc/arm-none-eabi/14.3.1/../../../../arm-none-eabi/lib/thumb/v7e-m+fp/hard\libc_nano.a(libc_a-msizer.o)
                0x08009de0                _malloc_usable_size_r
 *(.glue_7)
 .glue_7        0x08009df0        0x0 linker stubs
 *(.glue_7t)
 .glue_7t       0x08009df0        0x0 linker stubs
 *(.eh_frame)
 .eh_frame      0x08009df0        0x0 C:/ST/STM32CubeIDE_2.1.0/STM32CubeIDE/plugins/com.st.stm32cube.ide.mcu.externaltools.gnu-tools-for-stm32.14.3.rel1.win32_1.0.100.202602081740/tools/bin/../lib/gcc/arm-none-eabi/14.3.1/thumb/v7e-m+fp/hard/crtbegin.o
 *(.init)
 .init          0x08009df0        0x4 C:/ST/STM32CubeIDE_2.1.0/STM32CubeIDE/plugins/com.st.stm32cube.ide.mcu.externaltools.gnu-tools-for-stm32.14.3.rel1.win32_1.0.100.202602081740/tools/bin/../lib/gcc/arm-none-eabi/14.3.1/thumb/v7e-m+fp/hard/crti.o
                0x08009df0                _init
 .init          0x08009df4        0x8 C:/ST/STM32CubeIDE_2.1.0/STM32CubeIDE/plugins/com.st.stm32cube.ide.mcu.externaltools.gnu-tools-for-stm32.14.3.rel1.win32_1.0.100.202602081740/tools/bin/../lib/gcc/arm-none-eabi/14.3.1/thumb/v7e-m+fp/hard/crtn.o
 *(.fini)
 .fini          0x08009dfc        0x4 C:/ST/STM32CubeIDE_2.1.0/STM32CubeIDE/plugins/com.st.stm32cube.ide.mcu.externaltools.gnu-tools-for-stm32.14.3.rel1.win32_1.0.100.202602081740/tools/bin/../lib/gcc/arm-none-eabi/14.3.1/thumb/v7e-m+fp/hard/crti.o
                0x08009dfc                _fini
 .fini          0x08009e00        0x8 C:/ST/STM32CubeIDE_2.1.0/STM32CubeIDE/plugins/com.st.stm32cube.ide.mcu.externaltools.gnu-tools-for-stm32.14.3.rel1.win32_1.0.100.202602081740/tools/bin/../lib/gcc/arm-none-eabi/14.3.1/thumb/v7e-m+fp/hard/crtn.o
                0x08009e08                        . = ALIGN (0x4)
                0x08009e08                        _etext = .

.vfp11_veneer   0x08009e08        0x0
 .vfp11_veneer  0x08009e08        0x0 linker stubs

.v4_bx          0x08009e08        0x0
 .v4_bx         0x08009e08        0x0 linker stubs

.iplt           0x08009e08        0x0
 .iplt          0x08009e08        0x0 C:/ST/STM32CubeIDE_2.1.0/STM32CubeIDE/plugins/com.st.stm32cube.ide.mcu.externaltools.gnu-tools-for-stm32.14.3.rel1.win32_1.0.100.202602081740/tools/bin/../lib/gcc/arm-none-eabi/14.3.1/thumb/v7e-m+fp/hard/crtbegin.o

.rodata         0x08009e08     0x119c
                0x08009e08                        . = ALIGN (0x4)
 *(.rodata)
 .rodata        0x08009e08      0x11b ./Core/Src/main.o
 *fill*         0x08009f23        0x1 
 .rodata        0x08009f24       0x48 ./Middlewares/Third_Party/FatFs/src/ff.o
 *(.rodata*)
 .rodata.TANK_DERECHA_ROJO
                0x08009f6c      0x16c ./Core/Src/main.o
                0x08009f6c                TANK_DERECHA_ROJO
 .rodata.TANK_ARRIBA_ROJO
                0x0800a0d8      0x16c ./Core/Src/main.o
                0x0800a0d8                TANK_ARRIBA_ROJO
 .rodata.TANK_IZQUIERDA_ROJO
                0x0800a244      0x152 ./Core/Src/main.o
                0x0800a244                TANK_IZQUIERDA_ROJO
 *fill*         0x0800a396        0x2 
 .rodata.TANK_ABAJO_ROJO
                0x0800a398      0x150 ./Core/Src/main.o
                0x0800a398                TANK_ABAJO_ROJO
 .rodata.TANK_IZQUIERDA_CELESTE
                0x0800a4e8      0x152 ./Core/Src/main.o
                0x0800a4e8                TANK_IZQUIERDA_CELESTE
 *fill*         0x0800a63a        0x2 
 .rodata.TANK_DERECHA_CELESTE
                0x0800a63c      0x16c ./Core/Src/main.o
                0x0800a63c                TANK_DERECHA_CELESTE
 .rodata.TANK_ARRIBA_CELESTE
                0x0800a7a8      0x16c ./Core/Src/main.o
                0x0800a7a8                TANK_ARRIBA_CELESTE
 .rodata.TANK_ABAJO_CELESTE
                0x0800a914      0x150 ./Core/Src/main.o
                0x0800a914                TANK_ABAJO_CELESTE
 .rodata.BALAS  0x0800aa64       0x12 ./Core/Src/main.o
                0x0800aa64                BALAS
 *fill*         0x0800aa76        0x2 
 .rodata.VIDAS  0x0800aa78       0xa0 ./Core/Src/main.o
                0x0800aa78                VIDAS
 .rodata.AHBPrescTable
                0x0800ab18       0x10 ./Core/Src/system_stm32f4xx.o
                0x0800ab18                AHBPrescTable
 .rodata.APBPrescTable
                0x0800ab28        0x8 ./Core/Src/system_stm32f4xx.o
                0x0800ab28                APBPrescTable
 .rodata.ExCvt  0x0800ab30       0x80 ./Middlewares/Third_Party/FatFs/src/ff.o
 .rodata.LfnOfs
                0x0800abb0        0xd ./Middlewares/Third_Party/FatFs/src/ff.o
 *fill*         0x0800abbd        0x3 
 .rodata.Tbl    0x0800abc0      0x100 ./Middlewares/Third_Party/FatFs/src/option/ccsbcs.o
 .rodata.cvt1.1
                0x0800acc0      0x1f2 ./Middlewares/Third_Party/FatFs/src/option/ccsbcs.o
 *fill*         0x0800aeb2        0x2 
 .rodata.cvt2.0
                0x0800aeb4       0xbc ./Middlewares/Third_Party/FatFs/src/option/ccsbcs.o
 .rodata._svfprintf_r.str1.1
                0x0800af70       0x33 C:/ST/STM32CubeIDE_2.1.0/STM32CubeIDE/plugins/com.st.stm32cube.ide.mcu.externaltools.gnu-tools-for-stm32.14.3.rel1.win32_1.0.100.202602081740/tools/bin/../lib/gcc/arm-none-eabi/14.3.1/../../../../arm-none-eabi/lib/thumb/v7e-m+fp/hard\libc_nano.a(libc_a-nano-svfprintf.o)
                                 0x11 (size before relaxing)
 .rodata._printf_i.str1.1
                0x0800afa3       0x22 C:/ST/STM32CubeIDE_2.1.0/STM32CubeIDE/plugins/com.st.stm32cube.ide.mcu.externaltools.gnu-tools-for-stm32.14.3.rel1.win32_1.0.100.202602081740/tools/bin/../lib/gcc/arm-none-eabi/14.3.1/../../../../arm-none-eabi/lib/thumb/v7e-m+fp/hard\libc_nano.a(libc_a-nano-vfprintf_i.o)
                0x0800afc8                        . = ALIGN (0x4)
 *fill*         0x0800afa3        0x1 

.ARM.extab      0x0800afa4        0x0
                0x0800afa4                        . = ALIGN (0x4)
 *(.ARM.extab* .gnu.linkonce.armextab.*)
                0x0800afa4                        . = ALIGN (0x4)

.ARM            0x0800afa4        0x8
                0x0800afa4                        . = ALIGN (0x4)
                0x0800afa4                        __exidx_start = .
 *(.ARM.exidx*)
 .ARM.exidx     0x0800afa4        0x8 C:/ST/STM32CubeIDE_2.1.0/STM32CubeIDE/plugins/com.st.stm32cube.ide.mcu.externaltools.gnu-tools-for-stm32.14.3.rel1.win32_1.0.100.202602081740/tools/bin/../lib/gcc/arm-none-eabi/14.3.1/../../../../arm-none-eabi/lib/thumb/v7e-m+fp/hard\libc_nano.a(libc_a-strlen.o)
 .ARM.exidx     0x0800afac        0x0 C:/ST/STM32CubeIDE_2.1.0/STM32CubeIDE/plugins/com.st.stm32cube.ide.mcu.externaltools.gnu-tools-for-stm32.14.3.rel1.win32_1.0.100.202602081740/tools/bin/../lib/gcc/arm-none-eabi/14.3.1/../../../../arm-none-eabi/lib/thumb/v7e-m+fp/hard\libc_nano.a(libc_a-memchr.o)
                                  0x8 (size before relaxing)
 .ARM.exidx     0x0800afac        0x0 C:/ST/STM32CubeIDE_2.1.0/STM32CubeIDE/plugins/com.st.stm32cube.ide.mcu.externaltools.gnu-tools-for-stm32.14.3.rel1.win32_1.0.100.202602081740/tools/bin/../lib/gcc/arm-none-eabi/14.3.1/thumb/v7e-m+fp/hard\libgcc.a(_udivmoddi4.o)
                                  0x8 (size before relaxing)
                0x0800afac                        __exidx_end = .
                0x0800afac                        . = ALIGN (0x4)

.preinit_array  0x0800afac        0x0
                0x0800afac                        . = ALIGN (0x4)
                0x0800afac                        PROVIDE (__preinit_array_start = .)
 *(.preinit_array*)
                0x0800afac                        PROVIDE (__preinit_array_end = .)
                0x0800afac                        . = ALIGN (0x4)

.init_array     0x0800afac        0x4
                0x0800afac                        . = ALIGN (0x4)
                0x0800afac                        PROVIDE (__init_array_start = .)
 *(SORT_BY_NAME(.init_array.*))
 *(.init_array*)
 .init_array    0x0800afac        0x4 C:/ST/STM32CubeIDE_2.1.0/STM32CubeIDE/plugins/com.st.stm32cube.ide.mcu.externaltools.gnu-tools-for-stm32.14.3.rel1.win32_1.0.100.202602081740/tools/bin/../lib/gcc/arm-none-eabi/14.3.1/thumb/v7e-m+fp/hard/crtbegin.o
                0x0800afb0                        PROVIDE (__init_array_end = .)
                0x0800afb0                        . = ALIGN (0x4)

.fini_array     0x0800afb0        0x4
                0x0800afb0                        . = ALIGN (0x4)
                [!provide]                        PROVIDE (__fini_array_start = .)
 *(SORT_BY_NAME(.fini_array.*))
 *(.fini_array*)
 .fini_array    0x0800afb0        0x4 C:/ST/STM32CubeIDE_2.1.0/STM32CubeIDE/plugins/com.st.stm32cube.ide.mcu.externaltools.gnu-tools-for-stm32.14.3.rel1.win32_1.0.100.202602081740/tools/bin/../lib/gcc/arm-none-eabi/14.3.1/thumb/v7e-m+fp/hard/crtbegin.o
                [!provide]                        PROVIDE (__fini_array_end = .)
                0x0800afb4                        . = ALIGN (0x4)
                0x0800afb4                        _sidata = LOADADDR (.data)

.rel.dyn        0x0800afb4        0x0
 .rel.iplt      0x0800afb4        0x0 C:/ST/STM32CubeIDE_2.1.0/STM32CubeIDE/plugins/com.st.stm32cube.ide.mcu.externaltools.gnu-tools-for-stm32.14.3.rel1.win32_1.0.100.202602081740/tools/bin/../lib/gcc/arm-none-eabi/14.3.1/thumb/v7e-m+fp/hard/crtbegin.o

.data           0x20000000       0x8c load address 0x0800afb4
                0x20000000                        . = ALIGN (0x4)
                0x20000000                        _sdata = .
 *(.data)
 *(.data*)
 .data.Stat     0x20000000        0x1 ./Core/Src/fatfs_sd.o
 .data.dato_disparo
                0x20000001        0x1 ./Core/Src/main.o
                0x20000001                dato_disparo
 .data.y_rojo   0x20000002        0x2 ./Core/Src/main.o
                0x20000002                y_rojo
 .data.x_celeste
                0x20000004        0x2 ./Core/Src/main.o
                0x20000004                x_celeste
 .data.y_celeste
                0x20000006        0x2 ./Core/Src/main.o
                0x20000006                y_celeste
 .data.dir_rojo
                0x20000008        0x1 ./Core/Src/main.o
                0x20000008                dir_rojo
 .data.dir_celeste
                0x20000009        0x1 ./Core/Src/main.o
                0x20000009                dir_celeste
 *fill*         0x2000000a        0x2 
 .data.bala_roja
                0x2000000c        0x8 ./Core/Src/main.o
                0x2000000c                bala_roja
 .data.bala_celeste
                0x20000014        0x8 ./Core/Src/main.o
                0x20000014                bala_celeste
 .data.SystemCoreClock
                0x2000001c        0x4 ./Core/Src/system_stm32f4xx.o
                0x2000001c                SystemCoreClock
 .data.uwTickPrio
                0x20000020        0x4 ./Drivers/STM32F4xx_HAL_Driver/Src/stm32f4xx_hal.o
                0x20000020                uwTickPrio
 .data.uwTickFreq
                0x20000024        0x1 ./Drivers/STM32F4xx_HAL_Driver/Src/stm32f4xx_hal.o
                0x20000024                uwTickFreq
 *fill*         0x20000025        0x3 
 .data.USER_Driver
                0x20000028       0x14 ./FATFS/Target/user_diskio.o
                0x20000028                USER_Driver
 .data._impure_ptr
                0x2000003c        0x4 C:/ST/STM32CubeIDE_2.1.0/STM32CubeIDE/plugins/com.st.stm32cube.ide.mcu.externaltools.gnu-tools-for-stm32.14.3.rel1.win32_1.0.100.202602081740/tools/bin/../lib/gcc/arm-none-eabi/14.3.1/../../../../arm-none-eabi/lib/thumb/v7e-m+fp/hard\libc_nano.a(libc_a-impure.o)
                0x2000003c                _impure_ptr
 .data._impure_data
                0x20000040       0x4c C:/ST/STM32CubeIDE_2.1.0/STM32CubeIDE/plugins/com.st.stm32cube.ide.mcu.externaltools.gnu-tools-for-stm32.14.3.rel1.win32_1.0.100.202602081740/tools/bin/../lib/gcc/arm-none-eabi/14.3.1/../../../../arm-none-eabi/lib/thumb/v7e-m+fp/hard\libc_nano.a(libc_a-impure.o)
                0x20000040                _impure_data
 *(.RamFunc)
 *(.RamFunc*)
                0x2000008c                        . = ALIGN (0x4)
                0x2000008c                        _edata = .

.igot.plt       0x2000008c        0x0 load address 0x0800b040
 .igot.plt      0x2000008c        0x0 C:/ST/STM32CubeIDE_2.1.0/STM32CubeIDE/plugins/com.st.stm32cube.ide.mcu.externaltools.gnu-tools-for-stm32.14.3.rel1.win32_1.0.100.202602081740/tools/bin/../lib/gcc/arm-none-eabi/14.3.1/thumb/v7e-m+fp/hard/crtbegin.o
                0x2000008c                        . = ALIGN (0x4)

.bss            0x2000008c     0x6318 load address 0x0800b040
                0x2000008c                        _sbss = .
                0x2000008c                        __bss_start__ = _sbss
 *(.bss)
 .bss           0x2000008c       0x1c C:/ST/STM32CubeIDE_2.1.0/STM32CubeIDE/plugins/com.st.stm32cube.ide.mcu.externaltools.gnu-tools-for-stm32.14.3.rel1.win32_1.0.100.202602081740/tools/bin/../lib/gcc/arm-none-eabi/14.3.1/thumb/v7e-m+fp/hard/crtbegin.o
 *(.bss*)
 .bss.Timer1    0x200000a8        0x2 ./Core/Src/fatfs_sd.o
                0x200000a8                Timer1
 .bss.Timer2    0x200000aa        0x2 ./Core/Src/fatfs_sd.o
                0x200000aa                Timer2
 .bss.CardType  0x200000ac        0x1 ./Core/Src/fatfs_sd.o
 .bss.PowerFlag
                0x200000ad        0x1 ./Core/Src/fatfs_sd.o
 *fill*         0x200000ae        0x2 
 .bss.busLookup
                0x200000b0      0xc00 ./Core/Src/ili9341.o
                0x200000b0                busLookup
 .bss.hspi1     0x20000cb0       0x58 ./Core/Src/main.o
                0x20000cb0                hspi1
 .bss.fs        0x20000d08     0x1038 ./Core/Src/main.o
                0x20000d08                fs
 .bss.fil       0x20001d40     0x1030 ./Core/Src/main.o
                0x20001d40                fil
 .bss.fres      0x20002d70        0x1 ./Core/Src/main.o
                0x20002d70                fres
 *fill*         0x20002d71        0x3 
 .bss.huart2    0x20002d74       0x48 ./Core/Src/main.o
                0x20002d74                huart2
 .bss.huart3    0x20002dbc       0x48 ./Core/Src/main.o
                0x20002dbc                huart3
 .bss.estado    0x20002e04        0x1 ./Core/Src/main.o
                0x20002e04                estado
 .bss.rxByte    0x20002e05        0x1 ./Core/Src/main.o
                0x20002e05                rxByte
 .bss.rxState   0x20002e06        0x1 ./Core/Src/main.o
                0x20002e06                rxState
 .bss.rxControl
                0x20002e07        0x1 ./Core/Src/main.o
                0x20002e07                rxControl
 .bss.rxAction  0x20002e08        0x1 ./Core/Src/main.o
                0x20002e08                rxAction
 .bss.comandoListo
                0x20002e09        0x1 ./Core/Src/main.o
                0x20002e09                comandoListo
 .bss.stage1    0x20002e0a        0x1 ./Core/Src/main.o
                0x20002e0a                stage1
 .bss.stage2    0x20002e0b        0x1 ./Core/Src/main.o
                0x20002e0b                stage2
 .bss.stage3    0x20002e0c        0x1 ./Core/Src/main.o
                0x20002e0c                stage3
 .bss.flag_inicio
                0x20002e0d        0x1 ./Core/Src/main.o
                0x20002e0d                flag_inicio
 *fill*         0x20002e0e        0x2 
 .bss.blockBuffer
                0x20002e10     0x3200 ./Core/Src/main.o
 .bss.x_rojo    0x20006010        0x2 ./Core/Src/main.o
                0x20006010                x_rojo
 *fill*         0x20006012        0x2 
 .bss.lastBulletTick
                0x20006014        0x4 ./Core/Src/main.o
                0x20006014                lastBulletTick
 .bss.__sbrk_heap_end
                0x20006018        0x4 ./Core/Src/sysmem.o
 .bss.uwTick    0x2000601c        0x4 ./Drivers/STM32F4xx_HAL_Driver/Src/stm32f4xx_hal.o
                0x2000601c                uwTick
 .bss.retUSER   0x20006020        0x1 ./FATFS/App/fatfs.o
                0x20006020                retUSER
 *fill*         0x20006021        0x3 
 .bss.USERPath  0x20006024        0x4 ./FATFS/App/fatfs.o
                0x20006024                USERPath
 .bss.FatFs     0x20006028        0x4 ./Middlewares/Third_Party/FatFs/src/ff.o
 .bss.Fsid      0x2000602c        0x2 ./Middlewares/Third_Party/FatFs/src/ff.o
 *fill*         0x2000602e        0x2 
 .bss.Files     0x20006030       0x20 ./Middlewares/Third_Party/FatFs/src/ff.o
 .bss.LfnBuf    0x20006050      0x200 ./Middlewares/Third_Party/FatFs/src/ff.o
 .bss.disk      0x20006250        0xc ./Middlewares/Third_Party/FatFs/src/ff_gen_drv.o
                0x20006250                disk
 .bss.__sf      0x2000625c      0x138 C:/ST/STM32CubeIDE_2.1.0/STM32CubeIDE/plugins/com.st.stm32cube.ide.mcu.externaltools.gnu-tools-for-stm32.14.3.rel1.win32_1.0.100.202602081740/tools/bin/../lib/gcc/arm-none-eabi/14.3.1/../../../../arm-none-eabi/lib/thumb/v7e-m+fp/hard\libc_nano.a(libc_a-findfp.o)
                0x2000625c                __sf
 .bss.errno     0x20006394        0x4 C:/ST/STM32CubeIDE_2.1.0/STM32CubeIDE/plugins/com.st.stm32cube.ide.mcu.externaltools.gnu-tools-for-stm32.14.3.rel1.win32_1.0.100.202602081740/tools/bin/../lib/gcc/arm-none-eabi/14.3.1/../../../../arm-none-eabi/lib/thumb/v7e-m+fp/hard\libc_nano.a(libc_a-reent.o)
                0x20006394                errno
 .bss.__lock___malloc_recursive_mutex
                0x20006398        0x1 C:/ST/STM32CubeIDE_2.1.0/STM32CubeIDE/plugins/com.st.stm32cube.ide.mcu.externaltools.gnu-tools-for-stm32.14.3.rel1.win32_1.0.100.202602081740/tools/bin/../lib/gcc/arm-none-eabi/14.3.1/../../../../arm-none-eabi/lib/thumb/v7e-m+fp/hard\libc_nano.a(libc_a-lock.o)
                0x20006398                __lock___malloc_recursive_mutex
 *fill*         0x20006399        0x3 
 .bss.__malloc_sbrk_start
                0x2000639c        0x4 C:/ST/STM32CubeIDE_2.1.0/STM32CubeIDE/plugins/com.st.stm32cube.ide.mcu.externaltools.gnu-tools-for-stm32.14.3.rel1.win32_1.0.100.202602081740/tools/bin/../lib/gcc/arm-none-eabi/14.3.1/../../../../arm-none-eabi/lib/thumb/v7e-m+fp/hard\libc_nano.a(libc_a-mallocr.o)
                0x2000639c                __malloc_sbrk_start
 .bss.__malloc_free_list
                0x200063a0        0x4 C:/ST/STM32CubeIDE_2.1.0/STM32CubeIDE/plugins/com.st.stm32cube.ide.mcu.externaltools.gnu-tools-for-stm32.14.3.rel1.win32_1.0.100.202602081740/tools/bin/../lib/gcc/arm-none-eabi/14.3.1/../../../../arm-none-eabi/lib/thumb/v7e-m+fp/hard\libc_nano.a(libc_a-mallocr.o)
                0x200063a0                __malloc_free_list
 *(COMMON)
                0x200063a4                        . = ALIGN (0x4)
                0x200063a4                        _ebss = .
                0x200063a4                        __bss_end__ = _ebss

._user_heap_stack
                0x200063a4      0x604 load address 0x0800b040
                0x200063a8                        . = ALIGN (0x8)
 *fill*         0x200063a4        0x4 
                [!provide]                        PROVIDE (end = .)
                0x200063a8                        PROVIDE (_end = .)
                0x200065a8                        . = (. + _Min_Heap_Size)
 *fill*         0x200063a8      0x200 
                0x200069a8                        . = (. + _Min_Stack_Size)
 *fill*         0x200065a8      0x400 
                0x200069a8                        . = ALIGN (0x8)

/DISCARD/
 libc.a(*)
 libm.a(*)
 libgcc.a(*)

.ARM.attributes
                0x00000000       0x30
 *(.ARM.attributes)
 .ARM.attributes
                0x00000000       0x22 C:/ST/STM32CubeIDE_2.1.0/STM32CubeIDE/plugins/com.st.stm32cube.ide.mcu.externaltools.gnu-tools-for-stm32.14.3.rel1.win32_1.0.100.202602081740/tools/bin/../lib/gcc/arm-none-eabi/14.3.1/thumb/v7e-m+fp/hard/crti.o
 .ARM.attributes
                0x00000022       0x34 C:/ST/STM32CubeIDE_2.1.0/STM32CubeIDE/plugins/com.st.stm32cube.ide.mcu.externaltools.gnu-tools-for-stm32.14.3.rel1.win32_1.0.100.202602081740/tools/bin/../lib/gcc/arm-none-eabi/14.3.1/thumb/v7e-m+fp/hard/crtbegin.o
 .ARM.attributes
                0x00000056       0x34 ./Core/Src/fatfs_sd.o
 .ARM.attributes
                0x0000008a       0x34 ./Core/Src/ili9341.o
 .ARM.attributes
                0x000000be       0x34 ./Core/Src/main.o
 .ARM.attributes
                0x000000f2       0x34 ./Core/Src/stm32f4xx_hal_msp.o
 .ARM.attributes
                0x00000126       0x34 ./Core/Src/stm32f4xx_it.o
 .ARM.attributes
                0x0000015a       0x34 ./Core/Src/sysmem.o
 .ARM.attributes
                0x0000018e       0x34 ./Core/Src/system_stm32f4xx.o
 .ARM.attributes
                0x000001c2       0x21 ./Core/Startup/startup_stm32f446retx.o
 .ARM.attributes
                0x000001e3       0x34 ./Drivers/STM32F4xx_HAL_Driver/Src/stm32f4xx_hal.o
 .ARM.attributes
                0x00000217       0x34 ./Drivers/STM32F4xx_HAL_Driver/Src/stm32f4xx_hal_cortex.o
 .ARM.attributes
                0x0000024b       0x34 ./Drivers/STM32F4xx_HAL_Driver/Src/stm32f4xx_hal_dma.o
 .ARM.attributes
                0x0000027f       0x34 ./Drivers/STM32F4xx_HAL_Driver/Src/stm32f4xx_hal_gpio.o
 .ARM.attributes
                0x000002b3       0x34 ./Drivers/STM32F4xx_HAL_Driver/Src/stm32f4xx_hal_rcc.o
 .ARM.attributes
                0x000002e7       0x34 ./Drivers/STM32F4xx_HAL_Driver/Src/stm32f4xx_hal_rcc_ex.o
 .ARM.attributes
                0x0000031b       0x34 ./Drivers/STM32F4xx_HAL_Driver/Src/stm32f4xx_hal_spi.o
 .ARM.attributes
                0x0000034f       0x34 ./Drivers/STM32F4xx_HAL_Driver/Src/stm32f4xx_hal_uart.o
 .ARM.attributes
                0x00000383       0x34 ./FATFS/App/fatfs.o
 .ARM.attributes
                0x000003b7       0x34 ./FATFS/Target/user_diskio.o
 .ARM.attributes
                0x000003eb       0x34 ./Middlewares/Third_Party/FatFs/src/diskio.o
 .ARM.attributes
                0x0000041f       0x34 ./Middlewares/Third_Party/FatFs/src/ff.o
 .ARM.attributes
                0x00000453       0x34 ./Middlewares/Third_Party/FatFs/src/ff_gen_drv.o
 .ARM.attributes
                0x00000487       0x34 ./Middlewares/Third_Party/FatFs/src/option/ccsbcs.o
 .ARM.attributes
                0x000004bb       0x34 C:/ST/STM32CubeIDE_2.1.0/STM32CubeIDE/plugins/com.st.stm32cube.ide.mcu.externaltools.gnu-tools-for-stm32.14.3.rel1.win32_1.0.100.202602081740/tools/bin/../lib/gcc/arm-none-eabi/14.3.1/../../../../arm-none-eabi/lib/thumb/v7e-m+fp/hard\libc_nano.a(libc_a-findfp.o)
 .ARM.attributes
                0x000004ef       0x34 C:/ST/STM32CubeIDE_2.1.0/STM32CubeIDE/plugins/com.st.stm32cube.ide.mcu.externaltools.gnu-tools-for-stm32.14.3.rel1.win32_1.0.100.202602081740/tools/bin/../lib/gcc/arm-none-eabi/14.3.1/../../../../arm-none-eabi/lib/thumb/v7e-m+fp/hard\libc_nano.a(libc_a-sprintf.o)
 .ARM.attributes
                0x00000523       0x34 C:/ST/STM32CubeIDE_2.1.0/STM32CubeIDE/plugins/com.st.stm32cube.ide.mcu.externaltools.gnu-tools-for-stm32.14.3.rel1.win32_1.0.100.202602081740/tools/bin/../lib/gcc/arm-none-eabi/14.3.1/../../../../arm-none-eabi/lib/thumb/v7e-m+fp/hard\libc_nano.a(libc_a-memset.o)
 .ARM.attributes
                0x00000557       0x34 C:/ST/STM32CubeIDE_2.1.0/STM32CubeIDE/plugins/com.st.stm32cube.ide.mcu.externaltools.gnu-tools-for-stm32.14.3.rel1.win32_1.0.100.202602081740/tools/bin/../lib/gcc/arm-none-eabi/14.3.1/../../../../arm-none-eabi/lib/thumb/v7e-m+fp/hard\libc_nano.a(libc_a-reent.o)
 .ARM.attributes
                0x0000058b       0x34 C:/ST/STM32CubeIDE_2.1.0/STM32CubeIDE/plugins/com.st.stm32cube.ide.mcu.externaltools.gnu-tools-for-stm32.14.3.rel1.win32_1.0.100.202602081740/tools/bin/../lib/gcc/arm-none-eabi/14.3.1/../../../../arm-none-eabi/lib/thumb/v7e-m+fp/hard\libc_nano.a(libc_a-impure.o)
 .ARM.attributes
                0x000005bf       0x34 C:/ST/STM32CubeIDE_2.1.0/STM32CubeIDE/plugins/com.st.stm32cube.ide.mcu.externaltools.gnu-tools-for-stm32.14.3.rel1.win32_1.0.100.202602081740/tools/bin/../lib/gcc/arm-none-eabi/14.3.1/../../../../arm-none-eabi/lib/thumb/v7e-m+fp/hard\libc_nano.a(libc_a-errno.o)
 .ARM.attributes
                0x000005f3       0x34 C:/ST/STM32CubeIDE_2.1.0/STM32CubeIDE/plugins/com.st.stm32cube.ide.mcu.externaltools.gnu-tools-for-stm32.14.3.rel1.win32_1.0.100.202602081740/tools/bin/../lib/gcc/arm-none-eabi/14.3.1/../../../../arm-none-eabi/lib/thumb/v7e-m+fp/hard\libc_nano.a(libc_a-init.o)
 .ARM.attributes
                0x00000627       0x34 C:/ST/STM32CubeIDE_2.1.0/STM32CubeIDE/plugins/com.st.stm32cube.ide.mcu.externaltools.gnu-tools-for-stm32.14.3.rel1.win32_1.0.100.202602081740/tools/bin/../lib/gcc/arm-none-eabi/14.3.1/../../../../arm-none-eabi/lib/thumb/v7e-m+fp/hard\libc_nano.a(libc_a-lock.o)
 .ARM.attributes
                0x0000065b       0x17 C:/ST/STM32CubeIDE_2.1.0/STM32CubeIDE/plugins/com.st.stm32cube.ide.mcu.externaltools.gnu-tools-for-stm32.14.3.rel1.win32_1.0.100.202602081740/tools/bin/../lib/gcc/arm-none-eabi/14.3.1/../../../../arm-none-eabi/lib/thumb/v7e-m+fp/hard\libc_nano.a(libc_a-strlen.o)
 .ARM.attributes
                0x00000672       0x34 C:/ST/STM32CubeIDE_2.1.0/STM32CubeIDE/plugins/com.st.stm32cube.ide.mcu.externaltools.gnu-tools-for-stm32.14.3.rel1.win32_1.0.100.202602081740/tools/bin/../lib/gcc/arm-none-eabi/14.3.1/../../../../arm-none-eabi/lib/thumb/v7e-m+fp/hard\libc_nano.a(libc_a-freer.o)
 .ARM.attributes
                0x000006a6       0x34 C:/ST/STM32CubeIDE_2.1.0/STM32CubeIDE/plugins/com.st.stm32cube.ide.mcu.externaltools.gnu-tools-for-stm32.14.3.rel1.win32_1.0.100.202602081740/tools/bin/../lib/gcc/arm-none-eabi/14.3.1/../../../../arm-none-eabi/lib/thumb/v7e-m+fp/hard\libc_nano.a(libc_a-mallocr.o)
 .ARM.attributes
                0x000006da       0x34 C:/ST/STM32CubeIDE_2.1.0/STM32CubeIDE/plugins/com.st.stm32cube.ide.mcu.externaltools.gnu-tools-for-stm32.14.3.rel1.win32_1.0.100.202602081740/tools/bin/../lib/gcc/arm-none-eabi/14.3.1/../../../../arm-none-eabi/lib/thumb/v7e-m+fp/hard\libc_nano.a(libc_a-mlock.o)
 .ARM.attributes
                0x0000070e       0x34 C:/ST/STM32CubeIDE_2.1.0/STM32CubeIDE/plugins/com.st.stm32cube.ide.mcu.externaltools.gnu-tools-for-stm32.14.3.rel1.win32_1.0.100.202602081740/tools/bin/../lib/gcc/arm-none-eabi/14.3.1/../../../../arm-none-eabi/lib/thumb/v7e-m+fp/hard\libc_nano.a(libc_a-nano-svfprintf.o)
 .ARM.attributes
                0x00000742       0x34 C:/ST/STM32CubeIDE_2.1.0/STM32CubeIDE/plugins/com.st.stm32cube.ide.mcu.externaltools.gnu-tools-for-stm32.14.3.rel1.win32_1.0.100.202602081740/tools/bin/../lib/gcc/arm-none-eabi/14.3.1/../../../../arm-none-eabi/lib/thumb/v7e-m+fp/hard\libc_nano.a(libc_a-nano-vfprintf_i.o)
 .ARM.attributes
                0x00000776       0x34 C:/ST/STM32CubeIDE_2.1.0/STM32CubeIDE/plugins/com.st.stm32cube.ide.mcu.externaltools.gnu-tools-for-stm32.14.3.rel1.win32_1.0.100.202602081740/tools/bin/../lib/gcc/arm-none-eabi/14.3.1/../../../../arm-none-eabi/lib/thumb/v7e-m+fp/hard\libc_nano.a(libc_a-memmove.o)
 .ARM.attributes
                0x000007aa       0x34 C:/ST/STM32CubeIDE_2.1.0/STM32CubeIDE/plugins/com.st.stm32cube.ide.mcu.externaltools.gnu-tools-for-stm32.14.3.rel1.win32_1.0.100.202602081740/tools/bin/../lib/gcc/arm-none-eabi/14.3.1/../../../../arm-none-eabi/lib/thumb/v7e-m+fp/hard\libc_nano.a(libc_a-sbrkr.o)
 .ARM.attributes
                0x000007de       0x1c C:/ST/STM32CubeIDE_2.1.0/STM32CubeIDE/plugins/com.st.stm32cube.ide.mcu.externaltools.gnu-tools-for-stm32.14.3.rel1.win32_1.0.100.202602081740/tools/bin/../lib/gcc/arm-none-eabi/14.3.1/../../../../arm-none-eabi/lib/thumb/v7e-m+fp/hard\libc_nano.a(libc_a-memchr.o)
 .ARM.attributes
                0x000007fa       0x34 C:/ST/STM32CubeIDE_2.1.0/STM32CubeIDE/plugins/com.st.stm32cube.ide.mcu.externaltools.gnu-tools-for-stm32.14.3.rel1.win32_1.0.100.202602081740/tools/bin/../lib/gcc/arm-none-eabi/14.3.1/../../../../arm-none-eabi/lib/thumb/v7e-m+fp/hard\libc_nano.a(libc_a-memcpy-stub.o)
 .ARM.attributes
                0x0000082e       0x34 C:/ST/STM32CubeIDE_2.1.0/STM32CubeIDE/plugins/com.st.stm32cube.ide.mcu.externaltools.gnu-tools-for-stm32.14.3.rel1.win32_1.0.100.202602081740/tools/bin/../lib/gcc/arm-none-eabi/14.3.1/../../../../arm-none-eabi/lib/thumb/v7e-m+fp/hard\libc_nano.a(libc_a-reallocr.o)
 .ARM.attributes
                0x00000862       0x34 C:/ST/STM32CubeIDE_2.1.0/STM32CubeIDE/plugins/com.st.stm32cube.ide.mcu.externaltools.gnu-tools-for-stm32.14.3.rel1.win32_1.0.100.202602081740/tools/bin/../lib/gcc/arm-none-eabi/14.3.1/../../../../arm-none-eabi/lib/thumb/v7e-m+fp/hard\libc_nano.a(libc_a-msizer.o)
 .ARM.attributes
                0x00000896       0x22 C:/ST/STM32CubeIDE_2.1.0/STM32CubeIDE/plugins/com.st.stm32cube.ide.mcu.externaltools.gnu-tools-for-stm32.14.3.rel1.win32_1.0.100.202602081740/tools/bin/../lib/gcc/arm-none-eabi/14.3.1/thumb/v7e-m+fp/hard\libgcc.a(_aeabi_uldivmod.o)
 .ARM.attributes
                0x000008b8       0x34 C:/ST/STM32CubeIDE_2.1.0/STM32CubeIDE/plugins/com.st.stm32cube.ide.mcu.externaltools.gnu-tools-for-stm32.14.3.rel1.win32_1.0.100.202602081740/tools/bin/../lib/gcc/arm-none-eabi/14.3.1/thumb/v7e-m+fp/hard\libgcc.a(_udivmoddi4.o)
 .ARM.attributes
                0x000008ec       0x22 C:/ST/STM32CubeIDE_2.1.0/STM32CubeIDE/plugins/com.st.stm32cube.ide.mcu.externaltools.gnu-tools-for-stm32.14.3.rel1.win32_1.0.100.202602081740/tools/bin/../lib/gcc/arm-none-eabi/14.3.1/thumb/v7e-m+fp/hard\libgcc.a(_dvmd_tls.o)
 .ARM.attributes
                0x0000090e       0x22 C:/ST/STM32CubeIDE_2.1.0/STM32CubeIDE/plugins/com.st.stm32cube.ide.mcu.externaltools.gnu-tools-for-stm32.14.3.rel1.win32_1.0.100.202602081740/tools/bin/../lib/gcc/arm-none-eabi/14.3.1/thumb/v7e-m+fp/hard/crtn.o
OUTPUT(ILI9341.elf elf32-littlearm)
LOAD linker stubs
LOAD C:/ST/STM32CubeIDE_2.1.0/STM32CubeIDE/plugins/com.st.stm32cube.ide.mcu.externaltools.gnu-tools-for-stm32.14.3.rel1.win32_1.0.100.202602081740/tools/bin/../lib/gcc/arm-none-eabi/14.3.1/../../../../arm-none-eabi/lib/thumb/v7e-m+fp/hard\libc.a
LOAD C:/ST/STM32CubeIDE_2.1.0/STM32CubeIDE/plugins/com.st.stm32cube.ide.mcu.externaltools.gnu-tools-for-stm32.14.3.rel1.win32_1.0.100.202602081740/tools/bin/../lib/gcc/arm-none-eabi/14.3.1/../../../../arm-none-eabi/lib/thumb/v7e-m+fp/hard\libm.a
LOAD C:/ST/STM32CubeIDE_2.1.0/STM32CubeIDE/plugins/com.st.stm32cube.ide.mcu.externaltools.gnu-tools-for-stm32.14.3.rel1.win32_1.0.100.202602081740/tools/bin/../lib/gcc/arm-none-eabi/14.3.1/thumb/v7e-m+fp/hard\libgcc.a

.debug_info     0x00000000    0x10d6a
 .debug_info    0x00000000      0xc65 ./Core/Src/fatfs_sd.o
 .debug_info    0x00000c65      0xdc5 ./Core/Src/ili9341.o
 .debug_info    0x00001a2a     0x2161 ./Core/Src/main.o
 .debug_info    0x00003b8b      0xecf ./Core/Src/stm32f4xx_hal_msp.o
 .debug_info    0x00004a5a      0x672 ./Core/Src/stm32f4xx_it.o
 .debug_info    0x000050cc      0x168 ./Core/Src/sysmem.o
 .debug_info    0x00005234      0x54a ./Core/Src/system_stm32f4xx.o
 .debug_info    0x0000577e       0x30 ./Core/Startup/startup_stm32f446retx.o
 .debug_info    0x000057ae      0x99a ./Drivers/STM32F4xx_HAL_Driver/Src/stm32f4xx_hal.o
 .debug_info    0x00006148      0xdaa ./Drivers/STM32F4xx_HAL_Driver/Src/stm32f4xx_hal_cortex.o
 .debug_info    0x00006ef2      0x8e7 ./Drivers/STM32F4xx_HAL_Driver/Src/stm32f4xx_hal_dma.o
 .debug_info    0x000077d9      0x70b ./Drivers/STM32F4xx_HAL_Driver/Src/stm32f4xx_hal_gpio.o
 .debug_info    0x00007ee4      0x8ff ./Drivers/STM32F4xx_HAL_Driver/Src/stm32f4xx_hal_rcc.o
 .debug_info    0x000087e3      0x960 ./Drivers/STM32F4xx_HAL_Driver/Src/stm32f4xx_hal_rcc_ex.o
 .debug_info    0x00009143     0x1525 ./Drivers/STM32F4xx_HAL_Driver/Src/stm32f4xx_hal_spi.o
 .debug_info    0x0000a668     0x2f4f ./Drivers/STM32F4xx_HAL_Driver/Src/stm32f4xx_hal_uart.o
 .debug_info    0x0000d5b7      0x508 ./FATFS/App/fatfs.o
 .debug_info    0x0000dabf      0x3a5 ./FATFS/Target/user_diskio.o
 .debug_info    0x0000de64      0x3df ./Middlewares/Third_Party/FatFs/src/diskio.o
 .debug_info    0x0000e243     0x25ef ./Middlewares/Third_Party/FatFs/src/ff.o
 .debug_info    0x00010832      0x37f ./Middlewares/Third_Party/FatFs/src/ff_gen_drv.o
 .debug_info    0x00010bb1      0x1b9 ./Middlewares/Third_Party/FatFs/src/option/ccsbcs.o

.debug_abbrev   0x00000000     0x2b41
 .debug_abbrev  0x00000000      0x2fa ./Core/Src/fatfs_sd.o
 .debug_abbrev  0x000002fa      0x25f ./Core/Src/ili9341.o
 .debug_abbrev  0x00000559      0x3b5 ./Core/Src/main.o
 .debug_abbrev  0x0000090e      0x1cd ./Core/Src/stm32f4xx_hal_msp.o
 .debug_abbrev  0x00000adb      0x189 ./Core/Src/stm32f4xx_it.o
 .debug_abbrev  0x00000c64       0xbc ./Core/Src/sysmem.o
 .debug_abbrev  0x00000d20      0x11a ./Core/Src/system_stm32f4xx.o
 .debug_abbrev  0x00000e3a       0x24 ./Core/Startup/startup_stm32f446retx.o
 .debug_abbrev  0x00000e5e      0x214 ./Drivers/STM32F4xx_HAL_Driver/Src/stm32f4xx_hal.o
 .debug_abbrev  0x00001072      0x31d ./Drivers/STM32F4xx_HAL_Driver/Src/stm32f4xx_hal_cortex.o
 .debug_abbrev  0x0000138f      0x264 ./Drivers/STM32F4xx_HAL_Driver/Src/stm32f4xx_hal_dma.o
 .debug_abbrev  0x000015f3      0x1d4 ./Drivers/STM32F4xx_HAL_Driver/Src/stm32f4xx_hal_gpio.o
 .debug_abbrev  0x000017c7      0x2b7 ./Drivers/STM32F4xx_HAL_Driver/Src/stm32f4xx_hal_rcc.o
 .debug_abbrev  0x00001a7e      0x211 ./Drivers/STM32F4xx_HAL_Driver/Src/stm32f4xx_hal_rcc_ex.o
 .debug_abbrev  0x00001c8f      0x27a ./Drivers/STM32F4xx_HAL_Driver/Src/stm32f4xx_hal_spi.o
 .debug_abbrev  0x00001f09      0x30e ./Drivers/STM32F4xx_HAL_Driver/Src/stm32f4xx_hal_uart.o
 .debug_abbrev  0x00002217      0x15e ./FATFS/App/fatfs.o
 .debug_abbrev  0x00002375      0x144 ./FATFS/Target/user_diskio.o
 .debug_abbrev  0x000024b9      0x181 ./Middlewares/Third_Party/FatFs/src/diskio.o
 .debug_abbrev  0x0000263a      0x28a ./Middlewares/Third_Party/FatFs/src/ff.o
 .debug_abbrev  0x000028c4      0x19f ./Middlewares/Third_Party/FatFs/src/ff_gen_drv.o
 .debug_abbrev  0x00002a63       0xde ./Middlewares/Third_Party/FatFs/src/option/ccsbcs.o

.debug_aranges  0x00000000      0xeb0
 .debug_aranges
                0x00000000       0xa8 ./Core/Src/fatfs_sd.o
 .debug_aranges
                0x000000a8       0xa8 ./Core/Src/ili9341.o
 .debug_aranges
                0x00000150      0x118 ./Core/Src/main.o
 .debug_aranges
                0x00000268       0x40 ./Core/Src/stm32f4xx_hal_msp.o
 .debug_aranges
                0x000002a8       0x70 ./Core/Src/stm32f4xx_it.o
 .debug_aranges
                0x00000318       0x20 ./Core/Src/sysmem.o
 .debug_aranges
                0x00000338       0x28 ./Core/Src/system_stm32f4xx.o
 .debug_aranges
                0x00000360       0x28 ./Core/Startup/startup_stm32f446retx.o
 .debug_aranges
                0x00000388       0xf0 ./Drivers/STM32F4xx_HAL_Driver/Src/stm32f4xx_hal.o
 .debug_aranges
                0x00000478      0x130 ./Drivers/STM32F4xx_HAL_Driver/Src/stm32f4xx_hal_cortex.o
 .debug_aranges
                0x000005a8       0x90 ./Drivers/STM32F4xx_HAL_Driver/Src/stm32f4xx_hal_dma.o
 .debug_aranges
                0x00000638       0x58 ./Drivers/STM32F4xx_HAL_Driver/Src/stm32f4xx_hal_gpio.o
 .debug_aranges
                0x00000690       0x88 ./Drivers/STM32F4xx_HAL_Driver/Src/stm32f4xx_hal_rcc.o
 .debug_aranges
                0x00000718       0x78 ./Drivers/STM32F4xx_HAL_Driver/Src/stm32f4xx_hal_rcc_ex.o
 .debug_aranges
                0x00000790      0x1d0 ./Drivers/STM32F4xx_HAL_Driver/Src/stm32f4xx_hal_spi.o
 .debug_aranges
                0x00000960      0x208 ./Drivers/STM32F4xx_HAL_Driver/Src/stm32f4xx_hal_uart.o
 .debug_aranges
                0x00000b68       0x28 ./FATFS/App/fatfs.o
 .debug_aranges
                0x00000b90       0x40 ./FATFS/Target/user_diskio.o
 .debug_aranges
                0x00000bd0       0x48 ./Middlewares/Third_Party/FatFs/src/diskio.o
 .debug_aranges
                0x00000c18      0x230 ./Middlewares/Third_Party/FatFs/src/ff.o
 .debug_aranges
                0x00000e48       0x40 ./Middlewares/Third_Party/FatFs/src/ff_gen_drv.o
 .debug_aranges
                0x00000e88       0x28 ./Middlewares/Third_Party/FatFs/src/option/ccsbcs.o

.debug_rnglists
                0x00000000      0xb56
 .debug_rnglists
                0x00000000       0x80 ./Core/Src/fatfs_sd.o
 .debug_rnglists
                0x00000080       0x87 ./Core/Src/ili9341.o
 .debug_rnglists
                0x00000107       0xdf ./Core/Src/main.o
 .debug_rnglists
                0x000001e6       0x2d ./Core/Src/stm32f4xx_hal_msp.o
 .debug_rnglists
                0x00000213       0x4f ./Core/Src/stm32f4xx_it.o
 .debug_rnglists
                0x00000262       0x13 ./Core/Src/sysmem.o
 .debug_rnglists
                0x00000275       0x1a ./Core/Src/system_stm32f4xx.o
 .debug_rnglists
                0x0000028f       0x19 ./Core/Startup/startup_stm32f446retx.o
 .debug_rnglists
                0x000002a8       0xaf ./Drivers/STM32F4xx_HAL_Driver/Src/stm32f4xx_hal.o
 .debug_rnglists
                0x00000357       0xe0 ./Drivers/STM32F4xx_HAL_Driver/Src/stm32f4xx_hal_cortex.o
 .debug_rnglists
                0x00000437       0x70 ./Drivers/STM32F4xx_HAL_Driver/Src/stm32f4xx_hal_dma.o
 .debug_rnglists
                0x000004a7       0x3f ./Drivers/STM32F4xx_HAL_Driver/Src/stm32f4xx_hal_gpio.o
 .debug_rnglists
                0x000004e6       0x66 ./Drivers/STM32F4xx_HAL_Driver/Src/stm32f4xx_hal_rcc.o
 .debug_rnglists
                0x0000054c       0x5e ./Drivers/STM32F4xx_HAL_Driver/Src/stm32f4xx_hal_rcc_ex.o
 .debug_rnglists
                0x000005aa      0x16f ./Drivers/STM32F4xx_HAL_Driver/Src/stm32f4xx_hal_spi.o
 .debug_rnglists
                0x00000719      0x1bc ./Drivers/STM32F4xx_HAL_Driver/Src/stm32f4xx_hal_uart.o
 .debug_rnglists
                0x000008d5       0x19 ./FATFS/App/fatfs.o
 .debug_rnglists
                0x000008ee       0x2b ./FATFS/Target/user_diskio.o
 .debug_rnglists
                0x00000919       0x31 ./Middlewares/Third_Party/FatFs/src/diskio.o
 .debug_rnglists
                0x0000094a      0x1c6 ./Middlewares/Third_Party/FatFs/src/ff.o
 .debug_rnglists
                0x00000b10       0x2c ./Middlewares/Third_Party/FatFs/src/ff_gen_drv.o
 .debug_rnglists
                0x00000b3c       0x1a ./Middlewares/Third_Party/FatFs/src/option/ccsbcs.o

.debug_macro    0x00000000    0x23cd8
 .debug_macro   0x00000000      0x2f6 ./Core/Src/fatfs_sd.o
 .debug_macro   0x000002f6      0xad8 ./Core/Src/fatfs_sd.o
 .debug_macro   0x00000dce      0x29b ./Core/Src/fatfs_sd.o
 .debug_macro   0x00001069       0x2e ./Core/Src/fatfs_sd.o
 .debug_macro   0x00001097       0x28 ./Core/Src/fatfs_sd.o
 .debug_macro   0x000010bf       0x22 ./Core/Src/fatfs_sd.o
 .debug_macro   0x000010e1       0x8e ./Core/Src/fatfs_sd.o
 .debug_macro   0x0000116f       0x51 ./Core/Src/fatfs_sd.o
 .debug_macro   0x000011c0      0x103 ./Core/Src/fatfs_sd.o
 .debug_macro   0x000012c3       0x6a ./Core/Src/fatfs_sd.o
 .debug_macro   0x0000132d      0x1df ./Core/Src/fatfs_sd.o
 .debug_macro   0x0000150c       0x1c ./Core/Src/fatfs_sd.o
 .debug_macro   0x00001528       0x22 ./Core/Src/fatfs_sd.o
 .debug_macro   0x0000154a       0xfb ./Core/Src/fatfs_sd.o
 .debug_macro   0x00001645     0x1011 ./Core/Src/fatfs_sd.o
 .debug_macro   0x00002656      0x11f ./Core/Src/fatfs_sd.o
 .debug_macro   0x00002775    0x1675e ./Core/Src/fatfs_sd.o
 .debug_macro   0x00018ed3       0x6d ./Core/Src/fatfs_sd.o
 .debug_macro   0x00018f40     0x3693 ./Core/Src/fatfs_sd.o
 .debug_macro   0x0001c5d3      0x190 ./Core/Src/fatfs_sd.o
 .debug_macro   0x0001c763       0x5c ./Core/Src/fatfs_sd.o
 .debug_macro   0x0001c7bf      0xca5 ./Core/Src/fatfs_sd.o
 .debug_macro   0x0001d464      0x9e9 ./Core/Src/fatfs_sd.o
 .debug_macro   0x0001de4d      0x115 ./Core/Src/fatfs_sd.o
 .debug_macro   0x0001df62      0x1a0 ./Core/Src/fatfs_sd.o
 .debug_macro   0x0001e102       0xa5 ./Core/Src/fatfs_sd.o
 .debug_macro   0x0001e1a7      0x16d ./Core/Src/fatfs_sd.o
 .debug_macro   0x0001e314      0x287 ./Core/Src/fatfs_sd.o
 .debug_macro   0x0001e59b       0x5f ./Core/Src/fatfs_sd.o
 .debug_macro   0x0001e5fa      0x236 ./Core/Src/fatfs_sd.o
 .debug_macro   0x0001e830      0x132 ./Core/Src/fatfs_sd.o
 .debug_macro   0x0001e962      0x29c ./Core/Src/fatfs_sd.o
 .debug_macro   0x0001ebfe       0x2e ./Core/Src/fatfs_sd.o
 .debug_macro   0x0001ec2c      0x127 ./Core/Src/fatfs_sd.o
 .debug_macro   0x0001ed53       0xe8 ./Core/Src/fatfs_sd.o
 .debug_macro   0x0001ee3b       0x89 ./Core/Src/fatfs_sd.o
 .debug_macro   0x0001eec4      0x225 ./Core/Src/fatfs_sd.o
 .debug_macro   0x0001f0e9      0x2aa ./Core/Src/fatfs_sd.o
 .debug_macro   0x0001f393      0x126 ./Core/Src/fatfs_sd.o
 .debug_macro   0x0001f4b9       0x16 ./Core/Src/fatfs_sd.o
 .debug_macro   0x0001f4cf       0x7c ./Core/Src/fatfs_sd.o
 .debug_macro   0x0001f54b       0xb2 ./Core/Src/fatfs_sd.o
 .debug_macro   0x0001f5fd       0xe5 ./Core/Src/fatfs_sd.o
 .debug_macro   0x0001f6e2       0x2a ./Core/Src/fatfs_sd.o
 .debug_macro   0x0001f70c       0x61 ./Core/Src/fatfs_sd.o
 .debug_macro   0x0001f76d       0x43 ./Core/Src/fatfs_sd.o
 .debug_macro   0x0001f7b0       0x34 ./Core/Src/fatfs_sd.o
 .debug_macro   0x0001f7e4       0x16 ./Core/Src/fatfs_sd.o
 .debug_macro   0x0001f7fa       0x3c ./Core/Src/fatfs_sd.o
 .debug_macro   0x0001f836      0x364 ./Core/Src/fatfs_sd.o
 .debug_macro   0x0001fb9a       0x16 ./Core/Src/fatfs_sd.o
 .debug_macro   0x0001fbb0       0x4a ./Core/Src/fatfs_sd.o
 .debug_macro   0x0001fbfa       0x34 ./Core/Src/fatfs_sd.o
 .debug_macro   0x0001fc2e       0x10 ./Core/Src/fatfs_sd.o
 .debug_macro   0x0001fc3e       0x58 ./Core/Src/fatfs_sd.o
 .debug_macro   0x0001fc96       0x8e ./Core/Src/fatfs_sd.o
 .debug_macro   0x0001fd24       0x1c ./Core/Src/fatfs_sd.o
 .debug_macro   0x0001fd40      0x17e ./Core/Src/fatfs_sd.o
 .debug_macro   0x0001febe       0x16 ./Core/Src/fatfs_sd.o
 .debug_macro   0x0001fed4       0x29 ./Core/Src/fatfs_sd.o
 .debug_macro   0x0001fefd       0x12 ./Core/Src/fatfs_sd.o
 .debug_macro   0x0001ff0f       0xe2 ./Core/Src/fatfs_sd.o
 .debug_macro   0x0001fff1       0x94 ./Core/Src/fatfs_sd.o
 .debug_macro   0x00020085      0x36d ./Core/Src/ili9341.o
 .debug_macro   0x000203f2      0x11c ./Core/Src/ili9341.o
 .debug_macro   0x0002050e       0x9b ./Core/Src/ili9341.o
 .debug_macro   0x000205a9       0x16 ./Core/Src/ili9341.o
 .debug_macro   0x000205bf       0x20 ./Core/Src/ili9341.o
 .debug_macro   0x000205df       0x22 ./Core/Src/ili9341.o
 .debug_macro   0x00020601      0x118 ./Core/Src/ili9341.o
 .debug_macro   0x00020719       0x3a ./Core/Src/ili9341.o
 .debug_macro   0x00020753       0x56 ./Core/Src/ili9341.o
 .debug_macro   0x000207a9       0xac ./Core/Src/ili9341.o
 .debug_macro   0x00020855      0x3de ./Core/Src/main.o
 .debug_macro   0x00020c33       0xeb ./Core/Src/main.o
 .debug_macro   0x00020d1e       0x8e ./Core/Src/main.o
 .debug_macro   0x00020dac       0x1c ./Core/Src/main.o
 .debug_macro   0x00020dc8       0x10 ./Core/Src/main.o
 .debug_macro   0x00020dd8       0x1c ./Core/Src/main.o
 .debug_macro   0x00020df4       0x16 ./Core/Src/main.o
 .debug_macro   0x00020e0a      0x146 ./Core/Src/main.o
 .debug_macro   0x00020f50      0x1d3 ./Core/Src/stm32f4xx_hal_msp.o
 .debug_macro   0x00021123      0x1dd ./Core/Src/stm32f4xx_it.o
 .debug_macro   0x00021300      0x112 ./Core/Src/sysmem.o
 .debug_macro   0x00021412      0x23c ./Core/Src/sysmem.o
 .debug_macro   0x0002164e      0x1c4 ./Core/Src/system_stm32f4xx.o
 .debug_macro   0x00021812      0x224 ./Drivers/STM32F4xx_HAL_Driver/Src/stm32f4xx_hal.o
 .debug_macro   0x00021a36      0x1c4 ./Drivers/STM32F4xx_HAL_Driver/Src/stm32f4xx_hal_cortex.o
 .debug_macro   0x00021bfa      0x1ca ./Drivers/STM32F4xx_HAL_Driver/Src/stm32f4xx_hal_dma.o
 .debug_macro   0x00021dc4      0x1ca ./Drivers/STM32F4xx_HAL_Driver/Src/stm32f4xx_hal_gpio.o
 .debug_macro   0x00021f8e      0x1e8 ./Drivers/STM32F4xx_HAL_Driver/Src/stm32f4xx_hal_rcc.o
 .debug_macro   0x00022176      0x1c4 ./Drivers/STM32F4xx_HAL_Driver/Src/stm32f4xx_hal_rcc_ex.o
 .debug_macro   0x0002233a      0x1d3 ./Drivers/STM32F4xx_HAL_Driver/Src/stm32f4xx_hal_spi.o
 .debug_macro   0x0002250d      0x1c5 ./Drivers/STM32F4xx_HAL_Driver/Src/stm32f4xx_hal_uart.o
 .debug_macro   0x000226d2      0x2f8 ./FATFS/App/fatfs.o
 .debug_macro   0x000229ca      0x326 ./FATFS/Target/user_diskio.o
 .debug_macro   0x00022cf0      0x2e5 ./Middlewares/Third_Party/FatFs/src/diskio.o
 .debug_macro   0x00022fd5      0x6f3 ./Middlewares/Third_Party/FatFs/src/ff.o
 .debug_macro   0x000236c8       0x58 ./Middlewares/Third_Party/FatFs/src/ff.o
 .debug_macro   0x00023720      0x2e5 ./Middlewares/Third_Party/FatFs/src/ff_gen_drv.o
 .debug_macro   0x00023a05      0x2d3 ./Middlewares/Third_Party/FatFs/src/option/ccsbcs.o

.debug_line     0x00000000    0x15f86
 .debug_line    0x00000000     0x100c ./Core/Src/fatfs_sd.o
 .debug_line    0x0000100c     0x133f ./Core/Src/ili9341.o
 .debug_line    0x0000234b     0x17f6 ./Core/Src/main.o
 .debug_line    0x00003b41      0x802 ./Core/Src/stm32f4xx_hal_msp.o
 .debug_line    0x00004343      0x822 ./Core/Src/stm32f4xx_it.o
 .debug_line    0x00004b65      0x58d ./Core/Src/sysmem.o
 .debug_line    0x000050f2      0x7b5 ./Core/Src/system_stm32f4xx.o
 .debug_line    0x000058a7       0x7a ./Core/Startup/startup_stm32f446retx.o
 .debug_line    0x00005921      0xa25 ./Drivers/STM32F4xx_HAL_Driver/Src/stm32f4xx_hal.o
 .debug_line    0x00006346      0xcf2 ./Drivers/STM32F4xx_HAL_Driver/Src/stm32f4xx_hal_cortex.o
 .debug_line    0x00007038      0xf8e ./Drivers/STM32F4xx_HAL_Driver/Src/stm32f4xx_hal_dma.o
 .debug_line    0x00007fc6      0xb63 ./Drivers/STM32F4xx_HAL_Driver/Src/stm32f4xx_hal_gpio.o
 .debug_line    0x00008b29      0xe3b ./Drivers/STM32F4xx_HAL_Driver/Src/stm32f4xx_hal_rcc.o
 .debug_line    0x00009964     0x14eb ./Drivers/STM32F4xx_HAL_Driver/Src/stm32f4xx_hal_rcc_ex.o
 .debug_line    0x0000ae4f     0x1cbd ./Drivers/STM32F4xx_HAL_Driver/Src/stm32f4xx_hal_spi.o
 .debug_line    0x0000cb0c     0x256a ./Drivers/STM32F4xx_HAL_Driver/Src/stm32f4xx_hal_uart.o
 .debug_line    0x0000f076      0x924 ./FATFS/App/fatfs.o
 .debug_line    0x0000f99a      0x984 ./FATFS/Target/user_diskio.o
 .debug_line    0x0001031e      0x9b0 ./Middlewares/Third_Party/FatFs/src/diskio.o
 .debug_line    0x00010cce     0x3f20 ./Middlewares/Third_Party/FatFs/src/ff.o
 .debug_line    0x00014bee      0x9ad ./Middlewares/Third_Party/FatFs/src/ff_gen_drv.o
 .debug_line    0x0001559b      0x9eb ./Middlewares/Third_Party/FatFs/src/option/ccsbcs.o

.debug_str      0x00000000    0xceea9
 .debug_str     0x00000000    0xceea9 ./Core/Src/fatfs_sd.o
                              0xc7d9e (size before relaxing)
 .debug_str     0x000ceea9    0xc9427 ./Core/Src/ili9341.o
 .debug_str     0x000ceea9    0xc942e ./Core/Src/main.o
 .debug_str     0x000ceea9    0xc4acf ./Core/Src/stm32f4xx_hal_msp.o
 .debug_str     0x000ceea9    0xc42d9 ./Core/Src/stm32f4xx_it.o
 .debug_str     0x000ceea9     0x772f ./Core/Src/sysmem.o
 .debug_str     0x000ceea9    0xc3cc2 ./Core/Src/system_stm32f4xx.o
 .debug_str     0x000ceea9       0xa7 ./Core/Startup/startup_stm32f446retx.o
 .debug_str     0x000ceea9    0xc4887 ./Drivers/STM32F4xx_HAL_Driver/Src/stm32f4xx_hal.o
 .debug_str     0x000ceea9    0xc45de ./Drivers/STM32F4xx_HAL_Driver/Src/stm32f4xx_hal_cortex.o
 .debug_str     0x000ceea9    0xc40b7 ./Drivers/STM32F4xx_HAL_Driver/Src/stm32f4xx_hal_dma.o
 .debug_str     0x000ceea9    0xc3e3d ./Drivers/STM32F4xx_HAL_Driver/Src/stm32f4xx_hal_gpio.o
 .debug_str     0x000ceea9    0xc40fb ./Drivers/STM32F4xx_HAL_Driver/Src/stm32f4xx_hal_rcc.o
 .debug_str     0x000ceea9    0xc412e ./Drivers/STM32F4xx_HAL_Driver/Src/stm32f4xx_hal_rcc_ex.o
 .debug_str     0x000ceea9    0xc455b ./Drivers/STM32F4xx_HAL_Driver/Src/stm32f4xx_hal_spi.o
 .debug_str     0x000ceea9    0xc46b2 ./Drivers/STM32F4xx_HAL_Driver/Src/stm32f4xx_hal_uart.o
 .debug_str     0x000ceea9    0xc773c ./FATFS/App/fatfs.o
 .debug_str     0x000ceea9    0xc786f ./FATFS/Target/user_diskio.o
 .debug_str     0x000ceea9    0xc7638 ./Middlewares/Third_Party/FatFs/src/diskio.o
 .debug_str     0x000ceea9    0xc893f ./Middlewares/Third_Party/FatFs/src/ff.o
 .debug_str     0x000ceea9    0xc7689 ./Middlewares/Third_Party/FatFs/src/ff_gen_drv.o
 .debug_str     0x000ceea9    0xc740d ./Middlewares/Third_Party/FatFs/src/option/ccsbcs.o

.comment        0x00000000       0x43
 .comment       0x00000000       0x43 ./Core/Src/fatfs_sd.o
                                 0x44 (size before relaxing)
 .comment       0x00000043       0x44 ./Core/Src/ili9341.o
 .comment       0x00000043       0x44 ./Core/Src/main.o
 .comment       0x00000043       0x44 ./Core/Src/stm32f4xx_hal_msp.o
 .comment       0x00000043       0x44 ./Core/Src/stm32f4xx_it.o
 .comment       0x00000043       0x44 ./Core/Src/sysmem.o
 .comment       0x00000043       0x44 ./Core/Src/system_stm32f4xx.o
 .comment       0x00000043       0x44 ./Drivers/STM32F4xx_HAL_Driver/Src/stm32f4xx_hal.o
 .comment       0x00000043       0x44 ./Drivers/STM32F4xx_HAL_Driver/Src/stm32f4xx_hal_cortex.o
 .comment       0x00000043       0x44 ./Drivers/STM32F4xx_HAL_Driver/Src/stm32f4xx_hal_dma.o
 .comment       0x00000043       0x44 ./Drivers/STM32F4xx_HAL_Driver/Src/stm32f4xx_hal_gpio.o
 .comment       0x00000043       0x44 ./Drivers/STM32F4xx_HAL_Driver/Src/stm32f4xx_hal_rcc.o
 .comment       0x00000043       0x44 ./Drivers/STM32F4xx_HAL_Driver/Src/stm32f4xx_hal_rcc_ex.o
 .comment       0x00000043       0x44 ./Drivers/STM32F4xx_HAL_Driver/Src/stm32f4xx_hal_spi.o
 .comment       0x00000043       0x44 ./Drivers/STM32F4xx_HAL_Driver/Src/stm32f4xx_hal_uart.o
 .comment       0x00000043       0x44 ./FATFS/App/fatfs.o
 .comment       0x00000043       0x44 ./FATFS/Target/user_diskio.o
 .comment       0x00000043       0x44 ./Middlewares/Third_Party/FatFs/src/diskio.o
 .comment       0x00000043       0x44 ./Middlewares/Third_Party/FatFs/src/ff.o
 .comment       0x00000043       0x44 ./Middlewares/Third_Party/FatFs/src/ff_gen_drv.o