Archive member included to satisfy reference by file (symbol)

C:/ST/STM32CubeIDE_2.1.0/STM32CubeIDE/plugins/com.st.stm32cube.ide.mcu.externaltools.gnu-tools-for-stm32.14.3.rel1.win32_1.0.100.202602081740/tools/bin/../lib/gcc/arm-none-eabi/14.3.1/../../../../arm-none-eabi/lib/thumb/v7e-m+fp/hard\libc_nano.a(libc_a-exit.o)
                              C:/ST/STM32CubeIDE_2.1.0/STM32CubeIDE/plugins/com.st.stm32cube.ide.mcu.externaltools.gnu-tools-for-stm32.14.3.rel1.win32_1.0.100.202602081740/tools/bin/../lib/gcc/arm-none-eabi/14.3.1/../../../../arm-none-eabi/lib/thumb/v7e-m+fp/hard/crt0.o (exit)
C:/ST/STM32CubeIDE_2.1.0/STM32CubeIDE/plugins/com.st.stm32cube.ide.mcu.externaltools.gnu-tools-for-stm32.14.3.rel1.win32_1.0.100.202602081740/tools/bin/../lib/gcc/arm-none-eabi/14.3.1/../../../../arm-none-eabi/lib/thumb/v7e-m+fp/hard\libc_nano.a(libc_a-findfp.o)
                              C:/ST/STM32CubeIDE_2.1.0/STM32CubeIDE/plugins/com.st.stm32cube.ide.mcu.externaltools.gnu-tools-for-stm32.14.3.rel1.win32_1.0.100.202602081740/tools/bin/../lib/gcc/arm-none-eabi/14.3.1/../../../../arm-none-eabi/lib/thumb/v7e-m+fp/hard\libc_nano.a(libc_a-exit.o) (__stdio_exit_handler)
C:/ST/STM32CubeIDE_2.1.0/STM32CubeIDE/plugins/com.st.stm32cube.ide.mcu.externaltools.gnu-tools-for-stm32.14.3.rel1.win32_1.0.100.202602081740/tools/bin/../lib/gcc/arm-none-eabi/14.3.1/../../../../arm-none-eabi/lib/thumb/v7e-m+fp/hard\libc_nano.a(libc_a-fwalk.o)
                              C:/ST/STM32CubeIDE_2.1.0/STM32CubeIDE/plugins/com.st.stm32cube.ide.mcu.externaltools.gnu-tools-for-stm32.14.3.rel1.win32_1.0.100.202602081740/tools/bin/../lib/gcc/arm-none-eabi/14.3.1/../../../../arm-none-eabi/lib/thumb/v7e-m+fp/hard\libc_nano.a(libc_a-findfp.o) (_fwalk_sglue)
C:/ST/STM32CubeIDE_2.1.0/STM32CubeIDE/plugins/com.st.stm32cube.ide.mcu.externaltools.gnu-tools-for-stm32.14.3.rel1.win32_1.0.100.202602081740/tools/bin/../lib/gcc/arm-none-eabi/14.3.1/../../../../arm-none-eabi/lib/thumb/v7e-m+fp/hard\libc_nano.a(libc_a-sprintf.o)
                              ./Core/Src/main.o (sprintf)
C:/ST/STM32CubeIDE_2.1.0/STM32CubeIDE/plugins/com.st.stm32cube.ide.mcu.externaltools.gnu-tools-for-stm32.14.3.rel1.win32_1.0.100.202602081740/tools/bin/../lib/gcc/arm-none-eabi/14.3.1/../../../../arm-none-eabi/lib/thumb/v7e-m+fp/hard\libc_nano.a(libc_a-stdio.o)
                              C:/ST/STM32CubeIDE_2.1.0/STM32CubeIDE/plugins/com.st.stm32cube.ide.mcu.externaltools.gnu-tools-for-stm32.14.3.rel1.win32_1.0.100.202602081740/tools/bin/../lib/gcc/arm-none-eabi/14.3.1/../../../../arm-none-eabi/lib/thumb/v7e-m+fp/hard\libc_nano.a(libc_a-findfp.o) (__sread)
C:/ST/STM32CubeIDE_2.1.0/STM32CubeIDE/plugins/com.st.stm32cube.ide.mcu.externaltools.gnu-tools-for-stm32.14.3.rel1.win32_1.0.100.202602081740/tools/bin/../lib/gcc/arm-none-eabi/14.3.1/../../../../arm-none-eabi/lib/thumb/v7e-m+fp/hard\libc_nano.a(libc_a-memset.o)
                              C:/ST/STM32CubeIDE_2.1.0/STM32CubeIDE/plugins/com.st.stm32cube.ide.mcu.externaltools.gnu-tools-for-stm32.14.3.rel1.win32_1.0.100.202602081740/tools/bin/../lib/gcc/arm-none-eabi/14.3.1/../../../../arm-none-eabi/lib/thumb/v7e-m+fp/hard/crt0.o (memset)
C:/ST/STM32CubeIDE_2.1.0/STM32CubeIDE/plugins/com.st.stm32cube.ide.mcu.externaltools.gnu-tools-for-stm32.14.3.rel1.win32_1.0.100.202602081740/tools/bin/../lib/gcc/arm-none-eabi/14.3.1/../../../../arm-none-eabi/lib/thumb/v7e-m+fp/hard\libc_nano.a(libc_a-closer.o)
                              C:/ST/STM32CubeIDE_2.1.0/STM32CubeIDE/plugins/com.st.stm32cube.ide.mcu.externaltools.gnu-tools-for-stm32.14.3.rel1.win32_1.0.100.202602081740/tools/bin/../lib/gcc/arm-none-eabi/14.3.1/../../../../arm-none-eabi/lib/thumb/v7e-m+fp/hard\libc_nano.a(libc_a-stdio.o) (_close_r)
C:/ST/STM32CubeIDE_2.1.0/STM32CubeIDE/plugins/com.st.stm32cube.ide.mcu.externaltools.gnu-tools-for-stm32.14.3.rel1.win32_1.0.100.202602081740/tools/bin/../lib/gcc/arm-none-eabi/14.3.1/../../../../arm-none-eabi/lib/thumb/v7e-m+fp/hard\libc_nano.a(libc_a-reent.o)
                              C:/ST/STM32CubeIDE_2.1.0/STM32CubeIDE/plugins/com.st.stm32cube.ide.mcu.externaltools.gnu-tools-for-stm32.14.3.rel1.win32_1.0.100.202602081740/tools/bin/../lib/gcc/arm-none-eabi/14.3.1/../../../../arm-none-eabi/lib/thumb/v7e-m+fp/hard\libc_nano.a(libc_a-closer.o) (errno)
C:/ST/STM32CubeIDE_2.1.0/STM32CubeIDE/plugins/com.st.stm32cube.ide.mcu.externaltools.gnu-tools-for-stm32.14.3.rel1.win32_1.0.100.202602081740/tools/bin/../lib/gcc/arm-none-eabi/14.3.1/../../../../arm-none-eabi/lib/thumb/v7e-m+fp/hard\libc_nano.a(libc_a-impure.o)
                              C:/ST/STM32CubeIDE_2.1.0/STM32CubeIDE/plugins/com.st.stm32cube.ide.mcu.externaltools.gnu-tools-for-stm32.14.3.rel1.win32_1.0.100.202602081740/tools/bin/../lib/gcc/arm-none-eabi/14.3.1/../../../../arm-none-eabi/lib/thumb/v7e-m+fp/hard\libc_nano.a(libc_a-sprintf.o) (_impure_ptr)
[...]
Memory Configuration

Name             Origin             Length             Attributes
RAM              0x20000000         0x00020000         xrw
FLASH            0x08000000         0x00080000         xr
*default*        0x00000000         0xffffffff

Linker script and memory map

LOAD C:/ST/STM32CubeIDE_2.1.0/STM32CubeIDE/plugins/com.st.stm32cube.ide.mcu.externaltools.gnu-tools-for-stm32.14.3.rel1.win32_1.0.100.202602081740/tools/bin/../lib/gcc/arm-none-eabi/14.3.1/thumb/v7e-m+fp/hard/crti.o
LOAD C:/ST/STM32CubeIDE_2.1.0/STM32CubeIDE/plugins/com.st.stm32cube.ide.mcu.externaltools.gnu-tools-for-stm32.14.3.rel1.win32_1.0.100.202602081740/tools/bin/../lib/gcc/arm-none-eabi/14.3.1/thumb/v7e-m+fp/hard/crtbegin.o
LOAD C:/ST/STM32CubeIDE_2.1.0/STM32CubeIDE/plugins/com.st.stm32cube.ide.mcu.externaltools.gnu-tools-for-stm32.14.3.rel1.win32_1.0.100.202602081740/tools/bin/../lib/gcc/arm-none-eabi/14.3.1/../../../../arm-none-eabi/lib/thumb/v7e-m+fp/hard/crt0.o
LOAD ./Core/Src/fatfs_sd.o
LOAD ./Core/Src/font.o
LOAD ./Core/Src/graficos.o
LOAD ./Core/Src/ili9341.o
LOAD ./Core/Src/main.o
LOAD ./Core/Src/stm32f4xx_hal_msp.o
LOAD ./Core/Src/stm32f4xx_it.o
LOAD ./Core/Src/syscalls.o
LOAD ./Core/Src/sysmem.o
LOAD ./Core/Src/system_stm32f4xx.o
LOAD ./Core/Startup/startup_stm32f446retx.o
LOAD ./Drivers/STM32F4xx_HAL_Driver/Src/stm32f4xx_hal.o
LOAD ./Drivers/STM32F4xx_HAL_Driver/Src/stm32f4xx_hal_cortex.o
LOAD ./Drivers/STM32F4xx_HAL_Driver/Src/stm32f4xx_hal_dma.o
LOAD ./Drivers/STM32F4xx_HAL_Driver/Src/stm32f4xx_hal_dma_ex.o
LOAD ./Drivers/STM32F4xx_HAL_Driver/Src/stm32f4xx_hal_exti.o
LOAD ./Drivers/STM32F4xx_HAL_Driver/Src/stm32f4xx_hal_flash.o
LOAD ./Drivers/STM32F4xx_HAL_Driver/Src/stm32f4xx_hal_flash_ex.o
LOAD ./Drivers/STM32F4xx_HAL_Driver/Src/stm32f4xx_hal_flash_ramfunc.o
LOAD ./Drivers/STM32F4xx_HAL_Driver/Src/stm32f4xx_hal_gpio.o
LOAD ./Drivers/STM32F4xx_HAL_Driver/Src/stm32f4xx_hal_pwr.o
LOAD ./Drivers/STM32F4xx_HAL_Driver/Src/stm32f4xx_hal_pwr_ex.o
LOAD ./Drivers/STM32F4xx_HAL_Driver/Src/stm32f4xx_hal_rcc.o
LOAD ./Drivers/STM32F4xx_HAL_Driver/Src/stm32f4xx_hal_rcc_ex.o
LOAD ./Drivers/STM32F4xx_HAL_Driver/Src/stm32f4xx_hal_spi.o
LOAD ./Drivers/STM32F4xx_HAL_Driver/Src/stm32f4xx_hal_uart.o
LOAD ./FATFS/App/fatfs.o
LOAD ./FATFS/Target/user_diskio.o
LOAD ./Middlewares/Third_Party/FatFs/src/diskio.o
LOAD ./Middlewares/Third_Party/FatFs/src/ff.o
LOAD ./Middlewares/Third_Party/FatFs/src/ff_gen_drv.o
LOAD ./Middlewares/Third_Party/FatFs/src/option/ccsbcs.o
LOAD ./Middlewares/Third_Party/FatFs/src/option/syscall.o
START GROUP
LOAD C:/ST/STM32CubeIDE_2.1.0/STM32CubeIDE/plugins/com.st.stm32cube.ide.mcu.externaltools.gnu-tools-for-stm32.14.3.rel1.win32_1.0.100.202602081740/tools/bin/../lib/gcc/arm-none-eabi/14.3.1/../../../../arm-none-eabi/lib/thumb/v7e-m+fp/hard\libc_nano.a
LOAD C:/ST/STM32CubeIDE_2.1.0/STM32CubeIDE/plugins/com.st.stm32cube.ide.mcu.externaltools.gnu-tools-for-stm32.14.3.rel1.win32_1.0.100.202602081740/tools/bin/../lib/gcc/arm-none-eabi/14.3.1/../../../../arm-none-eabi/lib/thumb/v7e-m+fp/hard\libm.a
END GROUP
START GROUP
LOAD C:/ST/STM32CubeIDE_2.1.0/STM32CubeIDE/plugins/com.st.stm32cube.ide.mcu.externaltools.gnu-tools-for-stm32.14.3.rel1.win32_1.0.100.202602081740/tools/bin/../lib/gcc/arm-none-eabi/14.3.1/thumb/v7e-m+fp/hard\libgcc.a
LOAD C:/ST/STM32CubeIDE_2.1.0/STM32CubeIDE/plugins/com.st.stm32cube.ide.mcu.externaltools.gnu-tools-for-stm32.14.3.rel1.win32_1.0.100.202602081740/tools/bin/../lib/gcc/arm-none-eabi/14.3.1/../../../../arm-none-eabi/lib/thumb/v7e-m+fp/hard\libc_nano.a
END GROUP
START GROUP
LOAD C:/ST/STM32CubeIDE_2.1.0/STM32CubeIDE/plugins/com.st.stm32cube.ide.mcu.externaltools.gnu-tools-for-stm32.14.3.rel1.win32_1.0.100.202602081740/tools/bin/../lib/gcc/arm-none-eabi/14.3.1/thumb/v7e-m+fp/hard\libgcc.a
LOAD C:/ST/STM32CubeIDE_2.1.0/STM32CubeIDE/plugins/com.st.stm32cube.ide.mcu.externaltools.gnu-tools-for-stm32.14.3.rel1.win32_1.0.100.202602081740/tools/bin/../lib/gcc/arm-none-eabi/14.3.1/../../../../arm-none-eabi/lib/thumb/v7e-m+fp/hard\libc_nano.a
LOAD C:/ST/STM32CubeIDE_2.1.0/STM32CubeIDE/plugins/com.st.stm32cube.ide.mcu.externaltools.gnu-tools-for-stm32.14.3.rel1.win32_1.0.100.202602081740/tools/bin/../lib/gcc/arm-none-eabi/14.3.1/../../../../arm-none-eabi/lib/thumb/v7e-m+fp/hard\libnosys.a
END GROUP
START GROUP
LOAD C:/ST/STM32CubeIDE_2.1.0/STM32CubeIDE/plugins/com.st.stm32cube.ide.mcu.externaltools.gnu-tools-for-stm32.14.3.rel1.win32_1.0.100.202602081740/tools/bin/../lib/gcc/arm-none-eabi/14.3.1/thumb/v7e-m+fp/hard\libgcc.a
LOAD C:/ST/STM32CubeIDE_2.1.0/STM32CubeIDE/plugins/com.st.stm32cube.ide.mcu.externaltools.gnu-tools-for-stm32.14.3.rel1.win32_1.0.100.202602081740/tools/bin/../lib/gcc/arm-none-eabi/14.3.1/../../../../arm-none-eabi/lib/thumb/v7e-m+fp/hard\libc_nano.a
LOAD C:/ST/STM32CubeIDE_2.1.0/STM32CubeIDE/plugins/com.st.stm32cube.ide.mcu.externaltools.gnu-tools-for-stm32.14.3.rel1.win32_1.0.100.202602081740/tools/bin/../lib/gcc/arm-none-eabi/14.3.1/../../../../arm-none-eabi/lib/thumb/v7e-m+fp/hard\libnosys.a
END GROUP
LOAD C:/ST/STM32CubeIDE_2.1.0/STM32CubeIDE/plugins/com.st.stm32cube.ide.mcu.externaltools.gnu-tools-for-stm32.14.3.rel1.win32_1.0.100.202602081740/tools/bin/../lib/gcc/arm-none-eabi/14.3.1/thumb/v7e-m+fp/hard/crtend.o
LOAD C:/ST/STM32CubeIDE_2.1.0/STM32CubeIDE/plugins/com.st.stm32cube.ide.mcu.externaltools.gnu-tools-for-stm32.14.3.rel1.win32_1.0.100.202602081740/tools/bin/../lib/gcc/arm-none-eabi/14.3.1/thumb/v7e-m+fp/hard/crtn.o
                0x20020000                        _estack = (ORIGIN (RAM) + LENGTH (RAM))
                0x00000200                        _Min_Heap_Size = 0x200
                0x00000400                        _Min_Stack_Size = 0x400

.isr_vector     0x08000000      0x1c4
                0x08000000                        . = ALIGN (0x4)
 *(.isr_vector)
 .isr_vector    0x08000000      0x1c4 ./Core/Startup/startup_stm32f446retx.o
                0x08000000                g_pfnVectors
                0x080001c4                        . = ALIGN (0x4)

.text           0x080001d0     0x9f30
                0x080001d0                        . = ALIGN (0x4)
 *(.text)
 .text          0x080001d0       0x40 C:/ST/STM32CubeIDE_2.1.0/STM32CubeIDE/plugins/com.st.stm32cube.ide.mcu.externaltools.gnu-tools-for-stm32.14.3.rel1.win32_1.0.100.202602081740/tools/bin/../lib/gcc/arm-none-eabi/14.3.1/thumb/v7e-m+fp/hard/crtbegin.o
 .text          0x08000210       0x10 C:/ST/STM32CubeIDE_2.1.0/STM32CubeIDE/plugins/com.st.stm32cube.ide.mcu.externaltools.gnu-tools-for-stm32.14.3.rel1.win32_1.0.100.202602081740/tools/bin/../lib/gcc/arm-none-eabi/14.3.1/../../../../arm-none-eabi/lib/thumb/v7e-m+fp/hard\libc_nano.a(libc_a-strlen.o)
                0x08000210                strlen
 .text          0x08000220       0xa0 C:/ST/STM32CubeIDE_2.1.0/STM32CubeIDE/plugins/com.st.stm32cube.ide.mcu.externaltools.gnu-tools-for-stm32.14.3.rel1.win32_1.0.100.202602081740/tools/bin/../lib/gcc/arm-none-eabi/14.3.1/../../../../arm-none-eabi/lib/thumb/v7e-m+fp/hard\libc_nano.a(libc_a-memchr.o)
                0x08000220                memchr
 .text          0x080002c0       0x30 C:/ST/STM32CubeIDE_2.1.0/STM32CubeIDE/plugins/com.st.stm32cube.ide.mcu.externaltools.gnu-tools-for-stm32.14.3.rel1.win32_1.0.100.202602081740/tools/bin/../lib/gcc/arm-none-eabi/14.3.1/thumb/v7e-m+fp/hard\libgcc.a(_aeabi_uldivmod.o)
                0x080002c0                __aeabi_uldivmod
 .text          0x080002f0      0x2f8 C:/ST/STM32CubeIDE_2.1.0/STM32CubeIDE/plugins/com.st.stm32cube.ide.mcu.externaltools.gnu-tools-for-stm32.14.3.rel1.win32_1.0.100.202602081740/tools/bin/../lib/gcc/arm-none-eabi/14.3.1/thumb/v7e-m+fp/hard\libgcc.a(_udivmoddi4.o)
                0x080002f0                __udivmoddi4
 .text          0x080005e8        0x4 C:/ST/STM32CubeIDE_2.1.0/STM32CubeIDE/plugins/com.st.stm32cube.ide.mcu.externaltools.gnu-tools-for-stm32.14.3.rel1.win32_1.0.100.202602081740/tools/bin/../lib/gcc/arm-none-eabi/14.3.1/thumb/v7e-m+fp/hard\libgcc.a(_dvmd_tls.o)
                0x080005e8                __aeabi_idiv0
                0x080005e8                __aeabi_ldiv0
 *(.text*)
 .text.SELECT   0x080005ec       0x1c ./Core/Src/fatfs_sd.o
 .text.DESELECT
                0x08000608       0x1c ./Core/Src/fatfs_sd.o
 .text.SPI_TxByte
                0x08000624       0x34 ./Core/Src/fatfs_sd.o
 .text.SPI_TxBuffer
                0x08000658       0x34 ./Core/Src/fatfs_sd.o
 .text.SPI_RxByte
                0x0800068c       0x38 ./Core/Src/fatfs_sd.o
 .text.SPI_RxBytePtr
                0x080006c4       0x1c ./Core/Src/fatfs_sd.o
 .text.SD_ReadyWait
                0x080006e0       0x34 ./Core/Src/fatfs_sd.o
 .text.SD_PowerOn
                0x08000714       0x84 ./Core/Src/fatfs_sd.o
 .text.SD_PowerOff
                0x08000798       0x18 ./Core/Src/fatfs_sd.o
 .text.SD_CheckPower
                0x080007b0       0x18 ./Core/Src/fatfs_sd.o
 .text.SD_RxDataBlock
                0x080007c8       0x60 ./Core/Src/fatfs_sd.o
 .text.SD_TxDataBlock
                0x08000828       0xa0 ./Core/Src/fatfs_sd.o
 .text.SD_SendCmd
                0x080008c8       0xa8 ./Core/Src/fatfs_sd.o
 .text.SD_disk_initialize
                0x08000970      0x1d8 ./Core/Src/fatfs_sd.o
                0x08000970                SD_disk_initialize
 .text.SD_disk_status
                0x08000b48       0x2c ./Core/Src/fatfs_sd.o
                0x08000b48                SD_disk_status
 .text.SD_disk_read
                0x08000b74       0xd4 ./Core/Src/fatfs_sd.o
                0x08000b74                SD_disk_read
 .text.SD_disk_write
                0x08000c48      0x108 ./Core/Src/fatfs_sd.o
                0x08000c48                SD_disk_write
 .text.SD_disk_ioctl
                0x08000d50      0x25c ./Core/Src/fatfs_sd.o
                0x08000d50                SD_disk_ioctl
 .text.initLookup
                0x08000fac      0x130 ./Core/Src/ili9341.o
                0x08000fac                initLookup
 .text.LCD_Init
                0x080010dc      0x1fc ./Core/Src/ili9341.o
                0x080010dc                LCD_Init
 .text.LCD_CMD  0x080012d8       0x90 ./Core/Src/ili9341.o
                0x080012d8                LCD_CMD
 .text.LCD_DATA
                0x08001368       0x8c ./Core/Src/ili9341.o
                0x08001368                LCD_DATA
 .text.SetWindows
                0x080013f4       0x80 ./Core/Src/ili9341.o
                0x080013f4                SetWindows
 .text.H_line   0x08001474       0x74 ./Core/Src/ili9341.o
                0x08001474                H_line
 .text.V_line   0x080014e8       0x74 ./Core/Src/ili9341.o
                0x080014e8                V_line
 .text.FillRect
                0x0800155c       0xa4 ./Core/Src/ili9341.o
                0x0800155c                FillRect
 .text.LCD_Bitmap
                0x08001600       0x94 ./Core/Src/ili9341.o
                0x08001600                LCD_Bitmap
 .text.LCD_Sprite
                0x08001694      0x150 ./Core/Src/ili9341.o
                0x08001694                LCD_Sprite
 .text.transmit_uart
                0x080017e4       0x2c ./Core/Src/main.o
                0x080017e4                transmit_uart
 .text.main     0x08001810      0x8b0 ./Core/Src/main.o
                0x08001810                main
 .text.SystemClock_Config
                0x080020c0       0xd8 ./Core/Src/main.o
                0x080020c0                SystemClock_Config
 .text.MX_SPI1_Init
                0x08002198       0x6c ./Core/Src/main.o
 .text.MX_USART2_UART_Init
                0x08002204       0x54 ./Core/Src/main.o
 .text.MX_USART3_UART_Init
                0x08002258       0x54 ./Core/Src/main.o
 .text.MX_GPIO_Init
                0x080022ac      0x140 ./Core/Src/main.o
 .text.HAL_UART_RxCpltCallback
                0x080023ec       0xb8 ./Core/Src/main.o
                0x080023ec                HAL_UART_RxCpltCallback
 .text.LCD_DrawImageFromSD_Fast
                0x080024a4      0x1d8 ./Core/Src/main.o
                0x080024a4                LCD_DrawImageFromSD_Fast
 .text.SpriteTanqueRojo
                0x0800267c       0x58 ./Core/Src/main.o
                0x0800267c                SpriteTanqueRojo
 .text.EnJuego  0x080026d4       0x40 ./Core/Src/main.o
                0x080026d4                EnJuego
 .text.PuedeMoverTanque
                0x08002714      0x1c0 ./Core/Src/main.o
                0x08002714                PuedeMoverTanque
 .text.SpriteTanqueCeleste
                0x080028d4       0x58 ./Core/Src/main.o
                0x080028d4                SpriteTanqueCeleste
 .text.SpriteWidth
                0x0800292c       0x48 ./Core/Src/main.o
                0x0800292c                SpriteWidth
 .text.SpriteHeight
                0x08002974       0x34 ./Core/Src/main.o
                0x08002974                SpriteHeight
 .text.DibujarTanqueRojo
                0x080029a8       0x80 ./Core/Src/main.o
                0x080029a8                DibujarTanqueRojo
 .text.DibujarTanqueCeleste
                0x08002a28       0x80 ./Core/Src/main.o
                0x08002a28                DibujarTanqueCeleste
 .text.BorrarSpriteAnterior
                0x08002aa8      0x130 ./Core/Src/main.o
                0x08002aa8                BorrarSpriteAnterior
 .text.MoverTanqueRojoStage
                0x08002bd8       0xd0 ./Core/Src/main.o
                0x08002bd8                MoverTanqueRojoStage
 .text.MoverTanqueCelesteStage
                0x08002ca8       0xd0 ./Core/Src/main.o
                0x08002ca8                MoverTanqueCelesteStage
 .text.PuedeMoverBala
                0x08002d78       0xc0 ./Core/Src/main.o
                0x08002d78                PuedeMoverBala
 .text.DibujarBala
                0x08002e38       0x50 ./Core/Src/main.o
                0x08002e38                DibujarBala
 .text.BorrarFranjaBala
                0x08002e88      0x120 ./Core/Src/main.o
                0x08002e88                BorrarFranjaBala
 .text.BorrarBalaCompleta
                0x08002fa8       0x68 ./Core/Src/main.o
                0x08002fa8                BorrarBalaCompleta
 .text.DispararBalaRoja
                0x08003010      0x170 ./Core/Src/main.o
                0x08003010                DispararBalaRoja
 .text.DispararBalaCeleste
                0x08003180      0x170 ./Core/Src/main.o
                0x08003180                DispararBalaCeleste
 .text.ActualizarBala
                0x080032f0      0x3ac ./Core/Src/main.o
                0x080032f0                ActualizarBala
 .text.ActualizarBalas
                0x0800369c       0x40 ./Core/Src/main.o
                0x0800369c                ActualizarBalas
 .text.CargarMapaColision
                0x080036dc       0xd0 ./Core/Src/main.o
                0x080036dc                CargarMapaColision
 .text.PixelTransitableRAM
                0x080037ac       0x48 ./Core/Src/main.o
                0x080037ac                PixelTransitableRAM
 .text.BalaImpactaTanque
                0x080037f4       0xd4 ./Core/Src/main.o
                0x080037f4                BalaImpactaTanque
 .text.Error_Handler
                0x080038c8        0xc ./Core/Src/main.o
                0x080038c8                Error_Handler
 .text.HAL_MspInit
                0x080038d4       0x50 ./Core/Src/stm32f4xx_hal_msp.o
                0x080038d4                HAL_MspInit
 .text.HAL_SPI_MspInit
                0x08003924       0x90 ./Core/Src/stm32f4xx_hal_msp.o
                0x08003924                HAL_SPI_MspInit
 .text.HAL_UART_MspInit
                0x080039b4      0x11c ./Core/Src/stm32f4xx_hal_msp.o
                0x080039b4                HAL_UART_MspInit
 .text.NMI_Handler
                0x08003ad0        0x8 ./Core/Src/stm32f4xx_it.o
                0x08003ad0                NMI_Handler
 .text.HardFault_Handler
                0x08003ad8        0x8 ./Core/Src/stm32f4xx_it.o
                0x08003ad8                HardFault_Handler
 .text.MemManage_Handler
                0x08003ae0        0x8 ./Core/Src/stm32f4xx_it.o
                0x08003ae0                MemManage_Handler
 .text.BusFault_Handler
                0x08003ae8        0x8 ./Core/Src/stm32f4xx_it.o
                0x08003ae8                BusFault_Handler
 .text.UsageFault_Handler
                0x08003af0        0x8 ./Core/Src/stm32f4xx_it.o
                0x08003af0                UsageFault_Handler
 .text.SVC_Handler
                0x08003af8        0xe ./Core/Src/stm32f4xx_it.o
                0x08003af8                SVC_Handler
 .text.DebugMon_Handler
                0x08003b06        0xe ./Core/Src/stm32f4xx_it.o
                0x08003b06                DebugMon_Handler
 .text.PendSV_Handler
                0x08003b14        0xe ./Core/Src/stm32f4xx_it.o
                0x08003b14                PendSV_Handler
 *fill*         0x08003b22        0x2 
 .text.SysTick_Handler
                0x08003b24       0x40 ./Core/Src/stm32f4xx_it.o
                0x08003b24                SysTick_Handler
 .text.USART2_IRQHandler
                0x08003b64       0x14 ./Core/Src/stm32f4xx_it.o
                0x08003b64                USART2_IRQHandler
 .text.USART3_IRQHandler
                0x08003b78       0x14 ./Core/Src/stm32f4xx_it.o
                0x08003b78                USART3_IRQHandler
 .text._sbrk    0x08003b8c       0x6c ./Core/Src/sysmem.o
                0x08003b8c                _sbrk
 .text.SystemInit
                0x08003bf8       0x24 ./Core/Src/system_stm32f4xx.o
                0x08003bf8                SystemInit
 .text.Reset_Handler
                0x08003c1c       0x50 ./Core/Startup/startup_stm32f446retx.o
                0x08003c1c                Reset_Handler
 .text.Default_Handler
                0x08003c6c        0x2 ./Core/Startup/startup_stm32f446retx.o
                0x08003c6c                RTC_Alarm_IRQHandler
                0x08003c6c                EXTI2_IRQHandler
                0x08003c6c                TIM8_CC_IRQHandler
                0x08003c6c                FMPI2C1_EV_IRQHandler
                0x08003c6c                SPI4_IRQHandler
                0x08003c6c                TIM1_CC_IRQHandler
                0x08003c6c                DMA2_Stream5_IRQHandler
                0x08003c6c                DMA1_Stream5_IRQHandler
                0x08003c6c                PVD_IRQHandler
                0x08003c6c                SDIO_IRQHandler
                0x08003c6c                TAMP_STAMP_IRQHandler
                0x08003c6c                CAN2_RX1_IRQHandler
                0x08003c6c                EXTI3_IRQHandler
                0x08003c6c                TIM8_TRG_COM_TIM14_IRQHandler
                0x08003c6c                TIM1_UP_TIM10_IRQHandler
                0x08003c6c                TIM8_UP_TIM13_IRQHandler
                0x08003c6c                I2C3_ER_IRQHandler
                0x08003c6c                EXTI0_IRQHandler
                0x08003c6c                I2C2_EV_IRQHandler
                0x08003c6c                DMA1_Stream2_IRQHandler
                0x08003c6c                CAN1_RX0_IRQHandler
                0x08003c6c                FPU_IRQHandler
                0x08003c6c                OTG_HS_WKUP_IRQHandler
                0x08003c6c                CAN2_SCE_IRQHandler
                0x08003c6c                DMA2_Stream2_IRQHandler
                0x08003c6c                SPI1_IRQHandler
                0x08003c6c                TIM6_DAC_IRQHandler
                0x08003c6c                TIM1_BRK_TIM9_IRQHandler
                0x08003c6c                DCMI_IRQHandler
                0x08003c6c                CAN2_RX0_IRQHandler
                0x08003c6c                DMA2_Stream3_IRQHandler
                0x08003c6c                SAI2_IRQHandler
                0x08003c6c                USART6_IRQHandler
                0x08003c6c                CAN1_RX1_IRQHandler
                0x08003c6c                UART5_IRQHandler
                0x08003c6c                DMA2_Stream0_IRQHandler
                0x08003c6c                TIM4_IRQHandler
                0x08003c6c                QUADSPI_IRQHandler
                0x08003c6c                I2C1_EV_IRQHandler
                0x08003c6c                DMA1_Stream6_IRQHandler
                0x08003c6c                DMA1_Stream1_IRQHandler
                0x08003c6c                UART4_IRQHandler
                0x08003c6c                TIM3_IRQHandler
                0x08003c6c                RCC_IRQHandler
                0x08003c6c                TIM8_BRK_TIM12_IRQHandler
                0x08003c6c                Default_Handler
                0x08003c6c                CEC_IRQHandler
                0x08003c6c                EXTI15_10_IRQHandler
                0x08003c6c                ADC_IRQHandler
                0x08003c6c                DMA1_Stream7_IRQHandler
                0x08003c6c                TIM7_IRQHandler
                0x08003c6c                CAN2_TX_IRQHandler
                0x08003c6c                TIM5_IRQHandler
                0x08003c6c                DMA2_Stream7_IRQHandler
                0x08003c6c                I2C3_EV_IRQHandler
                0x08003c6c                EXTI9_5_IRQHandler
                0x08003c6c                RTC_WKUP_IRQHandler
                0x08003c6c                SPDIF_RX_IRQHandler
                0x08003c6c                SPI2_IRQHandler
                0x08003c6c                OTG_HS_EP1_IN_IRQHandler
                0x08003c6c                DMA1_Stream0_IRQHandler
                0x08003c6c                CAN1_TX_IRQHandler
                0x08003c6c                FMPI2C1_ER_IRQHandler
                0x08003c6c                EXTI4_IRQHandler
                0x08003c6c                OTG_HS_EP1_OUT_IRQHandler
                0x08003c6c                WWDG_IRQHandler
                0x08003c6c                TIM2_IRQHandler
                0x08003c6c                OTG_FS_WKUP_IRQHandler
                0x08003c6c                TIM1_TRG_COM_TIM11_IRQHandler
                0x08003c6c                OTG_HS_IRQHandler
                0x08003c6c                EXTI1_IRQHandler
                0x08003c6c                I2C2_ER_IRQHandler
                0x08003c6c                DMA2_Stream1_IRQHandler
                0x08003c6c                CAN1_SCE_IRQHandler
                0x08003c6c                FLASH_IRQHandler
                0x08003c6c                DMA2_Stream4_IRQHandler
                0x08003c6c                USART1_IRQHandler
                0x08003c6c                OTG_FS_IRQHandler
                0x08003c6c                SPI3_IRQHandler
                0x08003c6c                DMA1_Stream4_IRQHandler
                0x08003c6c                I2C1_ER_IRQHandler
                0x08003c6c                FMC_IRQHandler
                0x08003c6c                DMA2_Stream6_IRQHandler
                0x08003c6c                SAI1_IRQHandler
                0x08003c6c                DMA1_Stream3_IRQHandler
 *fill*         0x08003c6e        0x2 
 .text.HAL_Init
                0x08003c70       0x44 ./Drivers/STM32F4xx_HAL_Driver/Src/stm32f4xx_hal.o
                0x08003c70                HAL_Init
 .text.HAL_InitTick
                0x08003cb4       0x60 ./Drivers/STM32F4xx_HAL_Driver/Src/stm32f4xx_hal.o
                0x08003cb4                HAL_InitTick
 .text.HAL_IncTick
                0x08003d14       0x28 ./Drivers/STM32F4xx_HAL_Driver/Src/stm32f4xx_hal.o
                0x08003d14                HAL_IncTick
 .text.HAL_GetTick
                0x08003d3c       0x18 ./Drivers/STM32F4xx_HAL_Driver/Src/stm32f4xx_hal.o
                0x08003d3c                HAL_GetTick
 .text.HAL_Delay
                0x08003d54       0x48 ./Drivers/STM32F4xx_HAL_Driver/Src/stm32f4xx_hal.o
                0x08003d54                HAL_Delay
 .text.__NVIC_SetPriorityGrouping
                0x08003d9c       0x48 ./Drivers/STM32F4xx_HAL_Driver/Src/stm32f4xx_hal_cortex.o
 .text.__NVIC_GetPriorityGrouping
                0x08003de4       0x1c ./Drivers/STM32F4xx_HAL_Driver/Src/stm32f4xx_hal_cortex.o
 .text.__NVIC_EnableIRQ
                0x08003e00       0x3c ./Drivers/STM32F4xx_HAL_Driver/Src/stm32f4xx_hal_cortex.o
 .text.__NVIC_SetPriority
                0x08003e3c       0x54 ./Drivers/STM32F4xx_HAL_Driver/Src/stm32f4xx_hal_cortex.o
 .text.NVIC_EncodePriority
                0x08003e90       0x66 ./Drivers/STM32F4xx_HAL_Driver/Src/stm32f4xx_hal_cortex.o
 *fill*         0x08003ef6        0x2 
 .text.SysTick_Config
                0x08003ef8       0x44 ./Drivers/STM32F4xx_HAL_Driver/Src/stm32f4xx_hal_cortex.o
 .text.HAL_NVIC_SetPriorityGrouping
                0x08003f3c       0x16 ./Drivers/STM32F4xx_HAL_Driver/Src/stm32f4xx_hal_cortex.o
                0x08003f3c                HAL_NVIC_SetPriorityGrouping
 .text.HAL_NVIC_SetPriority
                0x08003f52       0x38 ./Drivers/STM32F4xx_HAL_Driver/Src/stm32f4xx_hal_cortex.o
                0x08003f52                HAL_NVIC_SetPriority
 .text.HAL_NVIC_EnableIRQ
                0x08003f8a       0x1c ./Drivers/STM32F4xx_HAL_Driver/Src/stm32f4xx_hal_cortex.o
                0x08003f8a                HAL_NVIC_EnableIRQ
 .text.HAL_SYSTICK_Config
                0x08003fa6       0x18 ./Drivers/STM32F4xx_HAL_Driver/Src/stm32f4xx_hal_cortex.o
                0x08003fa6                HAL_SYSTICK_Config
 .text.HAL_SYSTICK_IRQHandler
                0x08003fbe        0xc ./Drivers/STM32F4xx_HAL_Driver/Src/stm32f4xx_hal_cortex.o
                0x08003fbe                HAL_SYSTICK_IRQHandler
 .text.HAL_SYSTICK_Callback
                0x08003fca        0xe ./Drivers/STM32F4xx_HAL_Driver/Src/stm32f4xx_hal_cortex.o
                0x08003fca                HAL_SYSTICK_Callback
 .text.HAL_DMA_Abort
                0x08003fd8       0xe0 ./Drivers/STM32F4xx_HAL_Driver/Src/stm32f4xx_hal_dma.o
                0x08003fd8                HAL_DMA_Abort
 .text.HAL_DMA_Abort_IT
                0x080040b8       0x44 ./Drivers/STM32F4xx_HAL_Driver/Src/stm32f4xx_hal_dma.o
                0x080040b8                HAL_DMA_Abort_IT
 .text.HAL_GPIO_Init
                0x080040fc      0x328 ./Drivers/STM32F4xx_HAL_Driver/Src/stm32f4xx_hal_gpio.o
                0x080040fc                HAL_GPIO_Init
 .text.HAL_GPIO_WritePin
                0x08004424       0x32 ./Drivers/STM32F4xx_HAL_Driver/Src/stm32f4xx_hal_gpio.o
                0x08004424                HAL_GPIO_WritePin
 *fill*         0x08004456        0x2 
 .text.HAL_RCC_ClockConfig
                0x08004458      0x1cc ./Drivers/STM32F4xx_HAL_Driver/Src/stm32f4xx_hal_rcc.o
                0x08004458                HAL_RCC_ClockConfig
 .text.HAL_RCC_GetHCLKFreq
                0x08004624       0x18 ./Drivers/STM32F4xx_HAL_Driver/Src/stm32f4xx_hal_rcc.o
                0x08004624                HAL_RCC_GetHCLKFreq
 .text.HAL_RCC_GetPCLK1Freq
                0x0800463c       0x28 ./Drivers/STM32F4xx_HAL_Driver/Src/stm32f4xx_hal_rcc.o
                0x0800463c                HAL_RCC_GetPCLK1Freq
 .text.HAL_RCC_GetPCLK2Freq
                0x08004664       0x28 ./Drivers/STM32F4xx_HAL_Driver/Src/stm32f4xx_hal_rcc.o
                0x08004664                HAL_RCC_GetPCLK2Freq
 .text.HAL_RCC_GetSysClockFreq
                0x0800468c      0x350 ./Drivers/STM32F4xx_HAL_Driver/Src/stm32f4xx_hal_rcc_ex.o
                0x0800468c                HAL_RCC_GetSysClockFreq
 .text.HAL_RCC_OscConfig
                0x080049dc      0x53c ./Drivers/STM32F4xx_HAL_Driver/Src/stm32f4xx_hal_rcc_ex.o
                0x080049dc                HAL_RCC_OscConfig
 .text.HAL_SPI_Init
                0x08004f18      0x112 ./Drivers/STM32F4xx_HAL_Driver/Src/stm32f4xx_hal_spi.o
                0x08004f18                HAL_SPI_Init
 .text.HAL_SPI_Transmit
                0x0800502a      0x288 ./Drivers/STM32F4xx_HAL_Driver/Src/stm32f4xx_hal_spi.o
                0x0800502a                HAL_SPI_Transmit
 .text.HAL_SPI_TransmitReceive
                0x080052b2      0x352 ./Drivers/STM32F4xx_HAL_Driver/Src/stm32f4xx_hal_spi.o
                0x080052b2                HAL_SPI_TransmitReceive
 .text.SPI_WaitFlagStateUntilTimeout
                0x08005604      0x110 ./Drivers/STM32F4xx_HAL_Driver/Src/stm32f4xx_hal_spi.o
 .text.SPI_EndRxTxTransaction
                0x08005714       0xa8 ./Drivers/STM32F4xx_HAL_Driver/Src/stm32f4xx_hal_spi.o
 .text.HAL_UART_Init
                0x080057bc       0xa0 ./Drivers/STM32F4xx_HAL_Driver/Src/stm32f4xx_hal_uart.o
                0x080057bc                HAL_UART_Init
 .text.HAL_UART_Transmit
                0x0800585c      0x116 ./Drivers/STM32F4xx_HAL_Driver/Src/stm32f4xx_hal_uart.o
                0x0800585c                HAL_UART_Transmit
 .text.HAL_UART_Receive_IT
                0x08005972       0x4a ./Drivers/STM32F4xx_HAL_Driver/Src/stm32f4xx_hal_uart.o
                0x08005972                HAL_UART_Receive_IT
 .text.HAL_UART_IRQHandler
                0x080059bc      0x554 ./Drivers/STM32F4xx_HAL_Driver/Src/stm32f4xx_hal_uart.o
                0x080059bc                HAL_UART_IRQHandler
 .text.HAL_UART_TxCpltCallback
                0x08005f10       0x14 ./Drivers/STM32F4xx_HAL_Driver/Src/stm32f4xx_hal_uart.o
                0x08005f10                HAL_UART_TxCpltCallback
 .text.HAL_UART_ErrorCallback
                0x08005f24       0x14 ./Drivers/STM32F4xx_HAL_Driver/Src/stm32f4xx_hal_uart.o
                0x08005f24                HAL_UART_ErrorCallback
 .text.HAL_UARTEx_RxEventCallback
                0x08005f38       0x18 ./Drivers/STM32F4xx_HAL_Driver/Src/stm32f4xx_hal_uart.o
                0x08005f38                HAL_UARTEx_RxEventCallback
 .text.UART_WaitOnFlagUntilTimeout
                0x08005f50       0xb2 ./Drivers/STM32F4xx_HAL_Driver/Src/stm32f4xx_hal_uart.o
 .text.UART_Start_Receive_IT
                0x08006002       0x74 ./Drivers/STM32F4xx_HAL_Driver/Src/stm32f4xx_hal_uart.o
                0x08006002                UART_Start_Receive_IT
 .text.UART_EndRxTransfer
                0x08006076       0xc6 ./Drivers/STM32F4xx_HAL_Driver/Src/stm32f4xx_hal_uart.o
 .text.UART_DMAAbortOnError
                0x0800613c       0x22 ./Drivers/STM32F4xx_HAL_Driver/Src/stm32f4xx_hal_uart.o
 .text.UART_Transmit_IT
                0x0800615e       0xa0 ./Drivers/STM32F4xx_HAL_Driver/Src/stm32f4xx_hal_uart.o
 .text.UART_EndTransmit_IT
                0x080061fe       0x30 ./Drivers/STM32F4xx_HAL_Driver/Src/stm32f4xx_hal_uart.o
 .text.UART_Receive_IT
                0x0800622e      0x17c ./Drivers/STM32F4xx_HAL_Driver/Src/stm32f4xx_hal_uart.o
 *fill*         0x080063aa        0x2 
 .text.UART_SetConfig
                0x080063ac      0x4e8 ./Drivers/STM32F4xx_HAL_Driver/Src/stm32f4xx_hal_uart.o
 .text.MX_FATFS_Init
                0x08006894       0x24 ./FATFS/App/fatfs.o
                0x08006894                MX_FATFS_Init
 .text.get_fattime
                0x080068b8       0x10 ./FATFS/App/fatfs.o
                0x080068b8                get_fattime
 .text.USER_initialize
                0x080068c8       0x1c ./FATFS/Target/user_diskio.o
                0x080068c8                USER_initialize
 .text.USER_status
                0x080068e4       0x1c ./FATFS/Target/user_diskio.o
                0x080068e4                USER_status
 .text.USER_read
                0x08006900       0x26 ./FATFS/Target/user_diskio.o
                0x08006900                USER_read
 .text.USER_write
                0x08006926       0x26 ./FATFS/Target/user_diskio.o
                0x08006926                USER_write
 .text.USER_ioctl
                0x0800694c       0x26 ./FATFS/Target/user_diskio.o
                0x0800694c                USER_ioctl
 *fill*         0x08006972        0x2 
 .text.disk_status
                0x08006974       0x34 ./Middlewares/Third_Party/FatFs/src/diskio.o
                0x08006974                disk_status
 .text.disk_initialize
                0x080069a8       0x50 ./Middlewares/Third_Party/FatFs/src/diskio.o
                0x080069a8                disk_initialize
 .text.disk_read
                0x080069f8       0x40 ./Middlewares/Third_Party/FatFs/src/diskio.o
                0x080069f8                disk_read
 .text.disk_write
                0x08006a38       0x40 ./Middlewares/Third_Party/FatFs/src/diskio.o
                0x08006a38                disk_write
 .text.disk_ioctl
                0x08006a78       0x3c ./Middlewares/Third_Party/FatFs/src/diskio.o
                0x08006a78                disk_ioctl
 .text.ld_word  0x08006ab4       0x32 ./Middlewares/Third_Party/FatFs/src/ff.o
 .text.ld_dword
                0x08006ae6       0x46 ./Middlewares/Third_Party/FatFs/src/ff.o
 .text.st_word  0x08006b2c       0x36 ./Middlewares/Third_Party/FatFs/src/ff.o
 .text.st_dword
                0x08006b62       0x58 ./Middlewares/Third_Party/FatFs/src/ff.o
 .text.mem_cpy  0x08006bba       0x42 ./Middlewares/Third_Party/FatFs/src/ff.o
 .text.mem_set  0x08006bfc       0x36 ./Middlewares/Third_Party/FatFs/src/ff.o
 .text.mem_cmp  0x08006c32       0x4e ./Middlewares/Third_Party/FatFs/src/ff.o
 .text.chk_chr  0x08006c80       0x36 ./Middlewares/Third_Party/FatFs/src/ff.o
 *fill*         0x08006cb6        0x2 
 .text.chk_lock
                0x08006cb8       0xb8 ./Middlewares/Third_Party/FatFs/src/ff.o
 .text.enq_lock
                0x08006d70       0x44 ./Middlewares/Third_Party/FatFs/src/ff.o
 .text.inc_lock
                0x08006db4      0x11c ./Middlewares/Third_Party/FatFs/src/ff.o
 .text.dec_lock
                0x08006ed0       0x78 ./Middlewares/Third_Party/FatFs/src/ff.o
 .text.clear_lock
                0x08006f48       0x48 ./Middlewares/Third_Party/FatFs/src/ff.o
 .text.sync_window
                0x08006f90       0x88 ./Middlewares/Third_Party/FatFs/src/ff.o
 .text.move_window
                0x08007018       0x5a ./Middlewares/Third_Party/FatFs/src/ff.o
 *fill*         0x08007072        0x2 
 .text.sync_fs  0x08007074       0xe0 ./Middlewares/Third_Party/FatFs/src/ff.o
 .text.clust2sect
                0x08007154       0x3e ./Middlewares/Third_Party/FatFs/src/ff.o
 .text.get_fat  0x08007192      0x1a6 ./Middlewares/Third_Party/FatFs/src/ff.o
 .text.put_fat  0x08007338      0x234 ./Middlewares/Third_Party/FatFs/src/ff.o
 .text.remove_chain
                0x0800756c       0xca ./Middlewares/Third_Party/FatFs/src/ff.o
 .text.create_chain
                0x08007636      0x130 ./Middlewares/Third_Party/FatFs/src/ff.o
 .text.clmt_clust
                0x08007766       0x70 ./Middlewares/Third_Party/FatFs/src/ff.o
 .text.dir_sdi  0x080077d6      0x112 ./Middlewares/Third_Party/FatFs/src/ff.o
 .text.dir_next
                0x080078e8      0x1ac ./Middlewares/Third_Party/FatFs/src/ff.o
 .text.dir_alloc
                0x08007a94       0x8e ./Middlewares/Third_Party/FatFs/src/ff.o
 .text.ld_clust
                0x08007b22       0x3e ./Middlewares/Third_Party/FatFs/src/ff.o
 .text.st_clust
                0x08007b60       0x40 ./Middlewares/Third_Party/FatFs/src/ff.o
 .text.cmp_lfn  0x08007ba0       0xe0 ./Middlewares/Third_Party/FatFs/src/ff.o
 .text.put_lfn  0x08007c80       0xd0 ./Middlewares/Third_Party/FatFs/src/ff.o
 .text.gen_numname
                0x08007d50      0x11c ./Middlewares/Third_Party/FatFs/src/ff.o
 .text.sum_sfn  0x08007e6c       0x42 ./Middlewares/Third_Party/FatFs/src/ff.o
 .text.dir_find
                0x08007eae      0x180 ./Middlewares/Third_Party/FatFs/src/ff.o
 *fill*         0x0800802e        0x2 
 .text.dir_register
                0x08008030      0x1f0 ./Middlewares/Third_Party/FatFs/src/ff.o
 .text.create_name
                0x08008220      0x370 ./Middlewares/Third_Party/FatFs/src/ff.o
 .text.follow_path
                0x08008590       0xec ./Middlewares/Third_Party/FatFs/src/ff.o
 .text.get_ldnumber
                0x0800867c       0x88 ./Middlewares/Third_Party/FatFs/src/ff.o
 .text.check_fs
                0x08008704       0xac ./Middlewares/Third_Party/FatFs/src/ff.o
 .text.find_volume
                0x080087b0      0x50c ./Middlewares/Third_Party/FatFs/src/ff.o
 .text.validate
                0x08008cbc       0x6a ./Middlewares/Third_Party/FatFs/src/ff.o
 *fill*         0x08008d26        0x2 
 .text.f_mount  0x08008d28       0x8c ./Middlewares/Third_Party/FatFs/src/ff.o
                0x08008d28                f_mount
 .text.f_open   0x08008db4      0x390 ./Middlewares/Third_Party/FatFs/src/ff.o
                0x08008db4                f_open
 .text.f_read   0x08009144      0x2be ./Middlewares/Third_Party/FatFs/src/ff.o
                0x08009144                f_read
 .text.f_sync   0x08009402       0xfc ./Middlewares/Third_Party/FatFs/src/ff.o
                0x08009402                f_sync
 .text.f_close  0x080094fe       0x54 ./Middlewares/Third_Party/FatFs/src/ff.o
                0x080094fe                f_close
 *fill*         0x08009552        0x2 
 .text.FATFS_LinkDriverEx
                0x08009554       0x98 ./Middlewares/Third_Party/FatFs/src/ff_gen_drv.o
                0x08009554                FATFS_LinkDriverEx
 .text.FATFS_LinkDriver
                0x080095ec       0x1e ./Middlewares/Third_Party/FatFs/src/ff_gen_drv.o
                0x080095ec                FATFS_LinkDriver
 *fill*         0x0800960a        0x2 
 .text.ff_convert
                0x0800960c       0x78 ./Middlewares/Third_Party/FatFs/src/option/ccsbcs.o
                0x0800960c                ff_convert
 .text.ff_wtoupper
                0x08009684      0x114 ./Middlewares/Third_Party/FatFs/src/option/ccsbcs.o
                0x08009684                ff_wtoupper
 .text.sprintf  0x08009798       0x44 C:/ST/STM32CubeIDE_2.1.0/STM32CubeIDE/plugins/com.st.stm32cube.ide.mcu.externaltools.gnu-tools-for-stm32.14.3.rel1.win32_1.0.100.202602081740/tools/bin/../lib/gcc/arm-none-eabi/14.3.1/../../../../arm-none-eabi/lib/thumb/v7e-m+fp/hard\libc_nano.a(libc_a-sprintf.o)
                0x08009798                siprintf
                0x08009798                sprintf
 .text.memset   0x080097dc       0x10 C:/ST/STM32CubeIDE_2.1.0/STM32CubeIDE/plugins/com.st.stm32cube.ide.mcu.externaltools.gnu-tools-for-stm32.14.3.rel1.win32_1.0.100.202602081740/tools/bin/../lib/gcc/arm-none-eabi/14.3.1/../../../../arm-none-eabi/lib/thumb/v7e-m+fp/hard\libc_nano.a(libc_a-memset.o)
                0x080097dc                memset
 .text.__errno  0x080097ec        0xc C:/ST/STM32CubeIDE_2.1.0/STM32CubeIDE/plugins/com.st.stm32cube.ide.mcu.externaltools.gnu-tools-for-stm32.14.3.rel1.win32_1.0.100.202602081740/tools/bin/../lib/gcc/arm-none-eabi/14.3.1/../../../../arm-none-eabi/lib/thumb/v7e-m+fp/hard\libc_nano.a(libc_a-errno.o)
                0x080097ec                __errno
 .text.__libc_init_array
                0x080097f8       0x48 C:/ST/STM32CubeIDE_2.1.0/STM32CubeIDE/plugins/com.st.stm32cube.ide.mcu.externaltools.gnu-tools-for-stm32.14.3.rel1.win32_1.0.100.202602081740/tools/bin/../lib/gcc/arm-none-eabi/14.3.1/../../../../arm-none-eabi/lib/thumb/v7e-m+fp/hard\libc_nano.a(libc_a-init.o)
                0x080097f8                __libc_init_array
 .text.__retarget_lock_acquire_recursive
                0x08009840        0x2 C:/ST/STM32CubeIDE_2.1.0/STM32CubeIDE/plugins/com.st.stm32cube.ide.mcu.externaltools.gnu-tools-for-stm32.14.3.rel1.win32_1.0.100.202602081740/tools/bin/../lib/gcc/arm-none-eabi/14.3.1/../../../../arm-none-eabi/lib/thumb/v7e-m+fp/hard\libc_nano.a(libc_a-lock.o)
                0x08009840                __retarget_lock_acquire_recursive
 .text.__retarget_lock_release_recursive
                0x08009842        0x2 C:/ST/STM32CubeIDE_2.1.0/STM32CubeIDE/plugins/com.st.stm32cube.ide.mcu.externaltools.gnu-tools-for-stm32.14.3.rel1.win32_1.0.100.202602081740/tools/bin/../lib/gcc/arm-none-eabi/14.3.1/../../../../arm-none-eabi/lib/thumb/v7e-m+fp/hard\libc_nano.a(libc_a-lock.o)
                0x08009842                __retarget_lock_release_recursive
 .text._free_r  0x08009844       0x94 C:/ST/STM32CubeIDE_2.1.0/STM32CubeIDE/plugins/com.st.stm32cube.ide.mcu.externaltools.gnu-tools-for-stm32.14.3.rel1.win32_1.0.100.202602081740/tools/bin/../lib/gcc/arm-none-eabi/14.3.1/../../../../arm-none-eabi/lib/thumb/v7e-m+fp/hard\libc_nano.a(libc_a-freer.o)
                0x08009844                _free_r
 .text.sbrk_aligned
                0x080098d8       0x44 C:/ST/STM32CubeIDE_2.1.0/STM32CubeIDE/plugins/com.st.stm32cube.ide.mcu.externaltools.gnu-tools-for-stm32.14.3.rel1.win32_1.0.100.202602081740/tools/bin/../lib/gcc/arm-none-eabi/14.3.1/../../../../arm-none-eabi/lib/thumb/v7e-m+fp/hard\libc_nano.a(libc_a-mallocr.o)
 .text._malloc_r
                0x0800991c      0x100 C:/ST/STM32CubeIDE_2.1.0/STM32CubeIDE/plugins/com.st.stm32cube.ide.mcu.externaltools.gnu-tools-for-stm32.14.3.rel1.win32_1.0.100.202602081740/tools/bin/../lib/gcc/arm-none-eabi/14.3.1/../../../../arm-none-eabi/lib/thumb/v7e-m+fp/hard\libc_nano.a(libc_a-mallocr.o)
                0x0800991c                _malloc_r
 .text.__malloc_lock
                0x08009a1c        0xc C:/ST/STM32CubeIDE_2.1.0/STM32CubeIDE/plugins/com.st.stm32cube.ide.mcu.externaltools.gnu-tools-for-stm32.14.3.rel1.win32_1.0.100.202602081740/tools/bin/../lib/gcc/arm-none-eabi/14.3.1/../../../../arm-none-eabi/lib/thumb/v7e-m+fp/hard\libc_nano.a(libc_a-mlock.o)
                0x08009a1c                __malloc_lock
 .text.__malloc_unlock
                0x08009a28        0xc C:/ST/STM32CubeIDE_2.1.0/STM32CubeIDE/plugins/com.st.stm32cube.ide.mcu.externaltools.gnu-tools-for-stm32.14.3.rel1.win32_1.0.100.202602081740/tools/bin/../lib/gcc/arm-none-eabi/14.3.1/../../../../arm-none-eabi/lib/thumb/v7e-m+fp/hard\libc_nano.a(libc_a-mlock.o)
                0x08009a28                __malloc_unlock
 .text.__ssputs_r
                0x08009a34       0xc0 C:/ST/STM32CubeIDE_2.1.0/STM32CubeIDE/plugins/com.st.stm32cube.ide.mcu.externaltools.gnu-tools-for-stm32.14.3.rel1.win32_1.0.100.202602081740/tools/bin/../lib/gcc/arm-none-eabi/14.3.1/../../../../arm-none-eabi/lib/thumb/v7e-m+fp/hard\libc_nano.a(libc_a-nano-svfprintf.o)
                0x08009a34                __ssputs_r
 .text._svfprintf_r
                0x08009af4      0x1f0 C:/ST/STM32CubeIDE_2.1.0/STM32CubeIDE/plugins/com.st.stm32cube.ide.mcu.externaltools.gnu-tools-for-stm32.14.3.rel1.win32_1.0.100.202602081740/tools/bin/../lib/gcc/arm-none-eabi/14.3.1/../../../../arm-none-eabi/lib/thumb/v7e-m+fp/hard\libc_nano.a(libc_a-nano-svfprintf.o)
                0x08009af4                _svfiprintf_r
                0x08009af4                _svfprintf_r
 .text._printf_common
                0x08009ce4       0xda C:/ST/STM32CubeIDE_2.1.0/STM32CubeIDE/plugins/com.st.stm32cube.ide.mcu.externaltools.gnu-tools-for-stm32.14.3.rel1.win32_1.0.100.202602081740/tools/bin/../lib/gcc/arm-none-eabi/14.3.1/../../../../arm-none-eabi/lib/thumb/v7e-m+fp/hard\libc_nano.a(libc_a-nano-vfprintf_i.o)
                0x08009ce4                _printf_common
 *fill*         0x08009dbe        0x2 
 .text._printf_i
                0x08009dc0      0x24c C:/ST/STM32CubeIDE_2.1.0/STM32CubeIDE/plugins/com.st.stm32cube.ide.mcu.externaltools.gnu-tools-for-stm32.14.3.rel1.win32_1.0.100.202602081740/tools/bin/../lib/gcc/arm-none-eabi/14.3.1/../../../../arm-none-eabi/lib/thumb/v7e-m+fp/hard\libc_nano.a(libc_a-nano-vfprintf_i.o)
                0x08009dc0                _printf_i
 .text.memmove  0x0800a00c       0x32 C:/ST/STM32CubeIDE_2.1.0/STM32CubeIDE/plugins/com.st.stm32cube.ide.mcu.externaltools.gnu-tools-for-stm32.14.3.rel1.win32_1.0.100.202602081740/tools/bin/../lib/gcc/arm-none-eabi/14.3.1/../../../../arm-none-eabi/lib/thumb/v7e-m+fp/hard\libc_nano.a(libc_a-memmove.o)
                0x0800a00c                memmove
 *fill*         0x0800a03e        0x2 
 .text._sbrk_r  0x0800a040       0x20 C:/ST/STM32CubeIDE_2.1.0/STM32CubeIDE/plugins/com.st.stm32cube.ide.mcu.externaltools.gnu-tools-for-stm32.14.3.rel1.win32_1.0.100.202602081740/tools/bin/../lib/gcc/arm-none-eabi/14.3.1/../../../../arm-none-eabi/lib/thumb/v7e-m+fp/hard\libc_nano.a(libc_a-sbrkr.o)
                0x0800a040                _sbrk_r
 .text.memcpy   0x0800a060       0x1c C:/ST/STM32CubeIDE_2.1.0/STM32CubeIDE/plugins/com.st.stm32cube.ide.mcu.externaltools.gnu-tools-for-stm32.14.3.rel1.win32_1.0.100.202602081740/tools/bin/../lib/gcc/arm-none-eabi/14.3.1/../../../../arm-none-eabi/lib/thumb/v7e-m+fp/hard\libc_nano.a(libc_a-memcpy-stub.o)
                0x0800a060                memcpy
 .text._realloc_r
                0x0800a07c       0x5c C:/ST/STM32CubeIDE_2.1.0/STM32CubeIDE/plugins/com.st.stm32cube.ide.mcu.externaltools.gnu-tools-for-stm32.14.3.rel1.win32_1.0.100.202602081740/tools/bin/../lib/gcc/arm-none-eabi/14.3.1/../../../../arm-none-eabi/lib/thumb/v7e-m+fp/hard\libc_nano.a(libc_a-reallocr.o)
                0x0800a07c                _realloc_r
 .text._malloc_usable_size_r
                0x0800a0d8       0x10 C:/ST/STM32CubeIDE_2.1.0/STM32CubeIDE/plugins/com.st.stm32cube.ide.mcu.externaltools.gnu-tools-for-stm32.14.3.rel1.win32_1.0.100.202602081740/tools/bin/../lib/gcc/arm-none-eabi/14.3.1/../../../../arm-none-eabi/lib/thumb/v7e-m+fp/hard\libc_nano.a(libc_a-msizer.o)
                0x0800a0d8                _malloc_usable_size_r
 *(.glue_7)
 .glue_7        0x0800a0e8        0x0 linker stubs
 *(.glue_7t)
 .glue_7t       0x0800a0e8        0x0 linker stubs
 *(.eh_frame)
 .eh_frame      0x0800a0e8        0x0 C:/ST/STM32CubeIDE_2.1.0/STM32CubeIDE/plugins/com.st.stm32cube.ide.mcu.externaltools.gnu-tools-for-stm32.14.3.rel1.win32_1.0.100.202602081740/tools/bin/../lib/gcc/arm-none-eabi/14.3.1/thumb/v7e-m+fp/hard/crtbegin.o
 *(.init)
 .init          0x0800a0e8        0x4 C:/ST/STM32CubeIDE_2.1.0/STM32CubeIDE/plugins/com.st.stm32cube.ide.mcu.externaltools.gnu-tools-for-stm32.14.3.rel1.win32_1.0.100.202602081740/tools/bin/../lib/gcc/arm-none-eabi/14.3.1/thumb/v7e-m+fp/hard/crti.o
                0x0800a0e8                _init
 .init          0x0800a0ec        0x8 C:/ST/STM32CubeIDE_2.1.0/STM32CubeIDE/plugins/com.st.stm32cube.ide.mcu.externaltools.gnu-tools-for-stm32.14.3.rel1.win32_1.0.100.202602081740/tools/bin/../lib/gcc/arm-none-eabi/14.3.1/thumb/v7e-m+fp/hard/crtn.o
 *(.fini)
 .fini          0x0800a0f4        0x4 C:/ST/STM32CubeIDE_2.1.0/STM32CubeIDE/plugins/com.st.stm32cube.ide.mcu.externaltools.gnu-tools-for-stm32.14.3.rel1.win32_1.0.100.202602081740/tools/bin/../lib/gcc/arm-none-eabi/14.3.1/thumb/v7e-m+fp/hard/crti.o
                0x0800a0f4                _fini
 .fini          0x0800a0f8        0x8 C:/ST/STM32CubeIDE_2.1.0/STM32CubeIDE/plugins/com.st.stm32cube.ide.mcu.externaltools.gnu-tools-for-stm32.14.3.rel1.win32_1.0.100.202602081740/tools/bin/../lib/gcc/arm-none-eabi/14.3.1/thumb/v7e-m+fp/hard/crtn.o
                0x0800a100                        . = ALIGN (0x4)
                0x0800a100                        _etext = .

.vfp11_veneer   0x0800a100        0x0
 .vfp11_veneer  0x0800a100        0x0 linker stubs

.v4_bx          0x0800a100        0x0
 .v4_bx         0x0800a100        0x0 linker stubs

.iplt           0x0800a100        0x0
 .iplt          0x0800a100        0x0 C:/ST/STM32CubeIDE_2.1.0/STM32CubeIDE/plugins/com.st.stm32cube.ide.mcu.externaltools.gnu-tools-for-stm32.14.3.rel1.win32_1.0.100.202602081740/tools/bin/../lib/gcc/arm-none-eabi/14.3.1/thumb/v7e-m+fp/hard/crtbegin.o

.rodata         0x0800a100     0x11c4
                0x0800a100                        . = ALIGN (0x4)
 *(.rodata)
 .rodata        0x0800a100      0x143 ./Core/Src/main.o
 *fill*         0x0800a243        0x1 
 .rodata        0x0800a244       0x48 ./Middlewares/Third_Party/FatFs/src/ff.o
 *(.rodata*)
 .rodata.TANK_DERECHA_ROJO
                0x0800a28c      0x16c ./Core/Src/main.o
                0x0800a28c                TANK_DERECHA_ROJO
 .rodata.TANK_ARRIBA_ROJO
                0x0800a3f8      0x16c ./Core/Src/main.o
                0x0800a3f8                TANK_ARRIBA_ROJO
 .rodata.TANK_IZQUIERDA_ROJO
                0x0800a564      0x152 ./Core/Src/main.o
                0x0800a564                TANK_IZQUIERDA_ROJO
 *fill*         0x0800a6b6        0x2 
 .rodata.TANK_ABAJO_ROJO
                0x0800a6b8      0x150 ./Core/Src/main.o
                0x0800a6b8                TANK_ABAJO_ROJO
 .rodata.TANK_IZQUIERDA_CELESTE
                0x0800a808      0x152 ./Core/Src/main.o
                0x0800a808                TANK_IZQUIERDA_CELESTE
 *fill*         0x0800a95a        0x2 
 .rodata.TANK_DERECHA_CELESTE
                0x0800a95c      0x16c ./Core/Src/main.o
                0x0800a95c                TANK_DERECHA_CELESTE
 .rodata.TANK_ARRIBA_CELESTE
                0x0800aac8      0x16c ./Core/Src/main.o
                0x0800aac8                TANK_ARRIBA_CELESTE
 .rodata.TANK_ABAJO_CELESTE
                0x0800ac34      0x150 ./Core/Src/main.o
                0x0800ac34                TANK_ABAJO_CELESTE
 .rodata.BALAS  0x0800ad84       0x12 ./Core/Src/main.o
                0x0800ad84                BALAS
 *fill*         0x0800ad96        0x2 
 .rodata.VIDAS  0x0800ad98       0xa0 ./Core/Src/main.o
                0x0800ad98                VIDAS
 .rodata.AHBPrescTable
                0x0800ae38       0x10 ./Core/Src/system_stm32f4xx.o
                0x0800ae38                AHBPrescTable
 .rodata.APBPrescTable
                0x0800ae48        0x8 ./Core/Src/system_stm32f4xx.o
                0x0800ae48                APBPrescTable
 .rodata.ExCvt  0x0800ae50       0x80 ./Middlewares/Third_Party/FatFs/src/ff.o
 .rodata.LfnOfs
                0x0800aed0        0xd ./Middlewares/Third_Party/FatFs/src/ff.o
 *fill*         0x0800aedd        0x3 
 .rodata.Tbl    0x0800aee0      0x100 ./Middlewares/Third_Party/FatFs/src/option/ccsbcs.o
 .rodata.cvt1.1
                0x0800afe0      0x1f2 ./Middlewares/Third_Party/FatFs/src/option/ccsbcs.o
 *fill*         0x0800b1d2        0x2 
 .rodata.cvt2.0
                0x0800b1d4       0xbc ./Middlewares/Third_Party/FatFs/src/option/ccsbcs.o
 .rodata._svfprintf_r.str1.1
                0x0800b290       0x33 C:/ST/STM32CubeIDE_2.1.0/STM32CubeIDE/plugins/com.st.stm32cube.ide.mcu.externaltools.gnu-tools-for-stm32.14.3.rel1.win32_1.0.100.202602081740/tools/bin/../lib/gcc/arm-none-eabi/14.3.1/../../../../arm-none-eabi/lib/thumb/v7e-m+fp/hard\libc_nano.a(libc_a-nano-svfprintf.o)
                                 0x11 (size before relaxing)
 .rodata._printf_i.str1.1
                0x0800b2c3       0x22 C:/ST/STM32CubeIDE_2.1.0/STM32CubeIDE/plugins/com.st.stm32cube.ide.mcu.externaltools.gnu-tools-for-stm32.14.3.rel1.win32_1.0.100.202602081740/tools/bin/../lib/gcc/arm-none-eabi/14.3.1/../../../../arm-none-eabi/lib/thumb/v7e-m+fp/hard\libc_nano.a(libc_a-nano-vfprintf_i.o)
                0x0800b2e8                        . = ALIGN (0x4)
 *fill*         0x0800b2c3        0x1 

.ARM.extab      0x0800b2c4        0x0
                0x0800b2c4                        . = ALIGN (0x4)
 *(.ARM.extab* .gnu.linkonce.armextab.*)
                0x0800b2c4                        . = ALIGN (0x4)

.ARM            0x0800b2c4        0x8
                0x0800b2c4                        . = ALIGN (0x4)
                0x0800b2c4                        __exidx_start = .
 *(.ARM.exidx*)
 .ARM.exidx     0x0800b2c4        0x8 C:/ST/STM32CubeIDE_2.1.0/STM32CubeIDE/plugins/com.st.stm32cube.ide.mcu.externaltools.gnu-tools-for-stm32.14.3.rel1.win32_1.0.100.202602081740/tools/bin/../lib/gcc/arm-none-eabi/14.3.1/../../../../arm-none-eabi/lib/thumb/v7e-m+fp/hard\libc_nano.a(libc_a-strlen.o)
 .ARM.exidx     0x0800b2cc        0x0 C:/ST/STM32CubeIDE_2.1.0/STM32CubeIDE/plugins/com.st.stm32cube.ide.mcu.externaltools.gnu-tools-for-stm32.14.3.rel1.win32_1.0.100.202602081740/tools/bin/../lib/gcc/arm-none-eabi/14.3.1/../../../../arm-none-eabi/lib/thumb/v7e-m+fp/hard\libc_nano.a(libc_a-memchr.o)
                                  0x8 (size before relaxing)
 .ARM.exidx     0x0800b2cc        0x0 C:/ST/STM32CubeIDE_2.1.0/STM32CubeIDE/plugins/com.st.stm32cube.ide.mcu.externaltools.gnu-tools-for-stm32.14.3.rel1.win32_1.0.100.202602081740/tools/bin/../lib/gcc/arm-none-eabi/14.3.1/thumb/v7e-m+fp/hard\libgcc.a(_udivmoddi4.o)
                                  0x8 (size before relaxing)
                0x0800b2cc                        __exidx_end = .
                0x0800b2cc                        . = ALIGN (0x4)

.preinit_array  0x0800b2cc        0x0
                0x0800b2cc                        . = ALIGN (0x4)
                0x0800b2cc                        PROVIDE (__preinit_array_start = .)
 *(.preinit_array*)
                0x0800b2cc                        PROVIDE (__preinit_array_end = .)
                0x0800b2cc                        . = ALIGN (0x4)

.init_array     0x0800b2cc        0x4
                0x0800b2cc                        . = ALIGN (0x4)
                0x0800b2cc                        PROVIDE (__init_array_start = .)
 *(SORT_BY_NAME(.init_array.*))
 *(.init_array*)
 .init_array    0x0800b2cc        0x4 C:/ST/STM32CubeIDE_2.1.0/STM32CubeIDE/plugins/com.st.stm32cube.ide.mcu.externaltools.gnu-tools-for-stm32.14.3.rel1.win32_1.0.100.202602081740/tools/bin/../lib/gcc/arm-none-eabi/14.3.1/thumb/v7e-m+fp/hard/crtbegin.o
                0x0800b2d0                        PROVIDE (__init_array_end = .)
                0x0800b2d0                        . = ALIGN (0x4)

.fini_array     0x0800b2d0        0x4
                0x0800b2d0                        . = ALIGN (0x4)
                [!provide]                        PROVIDE (__fini_array_start = .)
 *(SORT_BY_NAME(.fini_array.*))
 *(.fini_array*)
 .fini_array    0x0800b2d0        0x4 C:/ST/STM32CubeIDE_2.1.0/STM32CubeIDE/plugins/com.st.stm32cube.ide.mcu.externaltools.gnu-tools-for-stm32.14.3.rel1.win32_1.0.100.202602081740/tools/bin/../lib/gcc/arm-none-eabi/14.3.1/thumb/v7e-m+fp/hard/crtbegin.o
                [!provide]                        PROVIDE (__fini_array_end = .)
                0x0800b2d4                        . = ALIGN (0x4)
                0x0800b2d4                        _sidata = LOADADDR (.data)

.rel.dyn        0x0800b2d4        0x0
 .rel.iplt      0x0800b2d4        0x0 C:/ST/STM32CubeIDE_2.1.0/STM32CubeIDE/plugins/com.st.stm32cube.ide.mcu.externaltools.gnu-tools-for-stm32.14.3.rel1.win32_1.0.100.202602081740/tools/bin/../lib/gcc/arm-none-eabi/14.3.1/thumb/v7e-m+fp/hard/crtbegin.o

.data           0x20000000       0x94 load address 0x0800b2d4
                0x20000000                        . = ALIGN (0x4)
                0x20000000                        _sdata = .
 *(.data)
 *(.data*)
 .data.Stat     0x20000000        0x1 ./Core/Src/fatfs_sd.o
 .data.dato_play
                0x20000001        0x1 ./Core/Src/main.o
                0x20000001                dato_play
 .data.dato_inicio
                0x20000002        0x1 ./Core/Src/main.o
                0x20000002                dato_inicio
 .data.dato_disparo
                0x20000003        0x1 ./Core/Src/main.o
                0x20000003                dato_disparo
 .data.dato_colision
                0x20000004        0x1 ./Core/Src/main.o
                0x20000004                dato_colision
 .data.dato_muerte
                0x20000005        0x1 ./Core/Src/main.o
                0x20000005                dato_muerte
 .data.dato_game
                0x20000006        0x1 ./Core/Src/main.o
                0x20000006                dato_game
 .data.dato_gandor
                0x20000007        0x1 ./Core/Src/main.o
                0x20000007                dato_gandor
 .data.y_rojo   0x20000008        0x2 ./Core/Src/main.o
                0x20000008                y_rojo
 .data.x_celeste
                0x2000000a        0x2 ./Core/Src/main.o
                0x2000000a                x_celeste
 .data.y_celeste
                0x2000000c        0x2 ./Core/Src/main.o
                0x2000000c                y_celeste
 .data.dir_rojo
                0x2000000e        0x1 ./Core/Src/main.o
                0x2000000e                dir_rojo
 .data.dir_celeste
                0x2000000f        0x1 ./Core/Src/main.o
                0x2000000f                dir_celeste
 .data.bala_roja
                0x20000010        0x8 ./Core/Src/main.o
                0x20000010                bala_roja
 .data.bala_celeste
                0x20000018        0x8 ./Core/Src/main.o
                0x20000018                bala_celeste
 .data.vida_rojo
                0x20000020        0x1 ./Core/Src/main.o
                0x20000020                vida_rojo
 .data.vida_celeste
                0x20000021        0x1 ./Core/Src/main.o
                0x20000021                vida_celeste
 *fill*         0x20000022        0x2 
 .data.SystemCoreClock
                0x20000024        0x4 ./Core/Src/system_stm32f4xx.o
                0x20000024                SystemCoreClock
 .data.uwTickPrio
                0x20000028        0x4 ./Drivers/STM32F4xx_HAL_Driver/Src/stm32f4xx_hal.o
                0x20000028                uwTickPrio
 .data.uwTickFreq
                0x2000002c        0x1 ./Drivers/STM32F4xx_HAL_Driver/Src/stm32f4xx_hal.o
                0x2000002c                uwTickFreq
 *fill*         0x2000002d        0x3 
 .data.USER_Driver
                0x20000030       0x14 ./FATFS/Target/user_diskio.o
                0x20000030                USER_Driver
 .data._impure_ptr
                0x20000044        0x4 C:/ST/STM32CubeIDE_2.1.0/STM32CubeIDE/plugins/com.st.stm32cube.ide.mcu.externaltools.gnu-tools-for-stm32.14.3.rel1.win32_1.0.100.202602081740/tools/bin/../lib/gcc/arm-none-eabi/14.3.1/../../../../arm-none-eabi/lib/thumb/v7e-m+fp/hard\libc_nano.a(libc_a-impure.o)
                0x20000044                _impure_ptr
 .data._impure_data
                0x20000048       0x4c C:/ST/STM32CubeIDE_2.1.0/STM32CubeIDE/plugins/com.st.stm32cube.ide.mcu.externaltools.gnu-tools-for-stm32.14.3.rel1.win32_1.0.100.202602081740/tools/bin/../lib/gcc/arm-none-eabi/14.3.1/../../../../arm-none-eabi/lib/thumb/v7e-m+fp/hard\libc_nano.a(libc_a-impure.o)
                0x20000048                _impure_data
 *(.RamFunc)
 *(.RamFunc*)
                0x20000094                        . = ALIGN (0x4)
                0x20000094                        _edata = .

.igot.plt       0x20000094        0x0 load address 0x0800b368
 .igot.plt      0x20000094        0x0 C:/ST/STM32CubeIDE_2.1.0/STM32CubeIDE/plugins/com.st.stm32cube.ide.mcu.externaltools.gnu-tools-for-stm32.14.3.rel1.win32_1.0.100.202602081740/tools/bin/../lib/gcc/arm-none-eabi/14.3.1/thumb/v7e-m+fp/hard/crtbegin.o
                0x20000094                        . = ALIGN (0x4)

.bss            0x20000094    0x18f18 load address 0x0800b368
                0x20000094                        _sbss = .
                0x20000094                        __bss_start__ = _sbss
 *(.bss)
 .bss           0x20000094       0x1c C:/ST/STM32CubeIDE_2.1.0/STM32CubeIDE/plugins/com.st.stm32cube.ide.mcu.externaltools.gnu-tools-for-stm32.14.3.rel1.win32_1.0.100.202602081740/tools/bin/../lib/gcc/arm-none-eabi/14.3.1/thumb/v7e-m+fp/hard/crtbegin.o
 *(.bss*)
 .bss.Timer1    0x200000b0        0x2 ./Core/Src/fatfs_sd.o
                0x200000b0                Timer1
 .bss.Timer2    0x200000b2        0x2 ./Core/Src/fatfs_sd.o
                0x200000b2                Timer2
 .bss.CardType  0x200000b4        0x1 ./Core/Src/fatfs_sd.o
 .bss.PowerFlag
                0x200000b5        0x1 ./Core/Src/fatfs_sd.o
 *fill*         0x200000b6        0x2 
 .bss.busLookup
                0x200000b8      0xc00 ./Core/Src/ili9341.o
                0x200000b8                busLookup
 .bss.hspi1     0x20000cb8       0x58 ./Core/Src/main.o
                0x20000cb8                hspi1
 .bss.fs        0x20000d10     0x1038 ./Core/Src/main.o
                0x20000d10                fs
 .bss.fil       0x20001d48     0x1030 ./Core/Src/main.o
                0x20001d48                fil
 .bss.fres      0x20002d78        0x1 ./Core/Src/main.o
                0x20002d78                fres
 *fill*         0x20002d79        0x3 
 .bss.huart2    0x20002d7c       0x48 ./Core/Src/main.o
                0x20002d7c                huart2
 .bss.huart3    0x20002dc4       0x48 ./Core/Src/main.o
                0x20002dc4                huart3
 .bss.estado    0x20002e0c        0x1 ./Core/Src/main.o
                0x20002e0c                estado
 .bss.rxByte    0x20002e0d        0x1 ./Core/Src/main.o
                0x20002e0d                rxByte
 .bss.rxState   0x20002e0e        0x1 ./Core/Src/main.o
                0x20002e0e                rxState
 .bss.rxControl
                0x20002e0f        0x1 ./Core/Src/main.o
                0x20002e0f                rxControl
 .bss.rxAction  0x20002e10        0x1 ./Core/Src/main.o
                0x20002e10                rxAction
 .bss.comandoListo
                0x20002e11        0x1 ./Core/Src/main.o
                0x20002e11                comandoListo
 .bss.stage1    0x20002e12        0x1 ./Core/Src/main.o
                0x20002e12                stage1
 .bss.stage2    0x20002e13        0x1 ./Core/Src/main.o
                0x20002e13                stage2
 .bss.stage3    0x20002e14        0x1 ./Core/Src/main.o
                0x20002e14                stage3
 .bss.flag_inicio
                0x20002e15        0x1 ./Core/Src/main.o
                0x20002e15                flag_inicio
 *fill*         0x20002e16        0x2 
 .bss.blockBuffer
                0x20002e18     0x3200 ./Core/Src/main.o
 .bss.x_rojo    0x20006018        0x2 ./Core/Src/main.o
                0x20006018                x_rojo
 *fill*         0x2000601a        0x2 
 .bss.lastBulletTick
                0x2000601c        0x4 ./Core/Src/main.o
                0x2000601c                lastBulletTick
 .bss.collisionMap
                0x20006020    0x12c00 ./Core/Src/main.o
                0x20006020                collisionMap
 .bss.__sbrk_heap_end
                0x20018c20        0x4 ./Core/Src/sysmem.o
 .bss.uwTick    0x20018c24        0x4 ./Drivers/STM32F4xx_HAL_Driver/Src/stm32f4xx_hal.o
                0x20018c24                uwTick
 .bss.retUSER   0x20018c28        0x1 ./FATFS/App/fatfs.o
                0x20018c28                retUSER
 *fill*         0x20018c29        0x3 
 .bss.USERPath  0x20018c2c        0x4 ./FATFS/App/fatfs.o
                0x20018c2c                USERPath
 .bss.FatFs     0x20018c30        0x4 ./Middlewares/Third_Party/FatFs/src/ff.o
 .bss.Fsid      0x20018c34        0x2 ./Middlewares/Third_Party/FatFs/src/ff.o
 *fill*         0x20018c36        0x2 
 .bss.Files     0x20018c38       0x20 ./Middlewares/Third_Party/FatFs/src/ff.o
 .bss.LfnBuf    0x20018c58      0x200 ./Middlewares/Third_Party/FatFs/src/ff.o
 .bss.disk      0x20018e58        0xc ./Middlewares/Third_Party/FatFs/src/ff_gen_drv.o
                0x20018e58                disk
 .bss.__sf      0x20018e64      0x138 C:/ST/STM32CubeIDE_2.1.0/STM32CubeIDE/plugins/com.st.stm32cube.ide.mcu.externaltools.gnu-tools-for-stm32.14.3.rel1.win32_1.0.100.202602081740/tools/bin/../lib/gcc/arm-none-eabi/14.3.1/../../../../arm-none-eabi/lib/thumb/v7e-m+fp/hard\libc_nano.a(libc_a-findfp.o)
                0x20018e64                __sf
 .bss.errno     0x20018f9c        0x4 C:/ST/STM32CubeIDE_2.1.0/STM32CubeIDE/plugins/com.st.stm32cube.ide.mcu.externaltools.gnu-tools-for-stm32.14.3.rel1.win32_1.0.100.202602081740/tools/bin/../lib/gcc/arm-none-eabi/14.3.1/../../../../arm-none-eabi/lib/thumb/v7e-m+fp/hard\libc_nano.a(libc_a-reent.o)
                0x20018f9c                errno
 .bss.__lock___malloc_recursive_mutex
                0x20018fa0        0x1 C:/ST/STM32CubeIDE_2.1.0/STM32CubeIDE/plugins/com.st.stm32cube.ide.mcu.externaltools.gnu-tools-for-stm32.14.3.rel1.win32_1.0.100.202602081740/tools/bin/../lib/gcc/arm-none-eabi/14.3.1/../../../../arm-none-eabi/lib/thumb/v7e-m+fp/hard\libc_nano.a(libc_a-lock.o)
                0x20018fa0                __lock___malloc_recursive_mutex
 *fill*         0x20018fa1        0x3 
 .bss.__malloc_sbrk_start
                0x20018fa4        0x4 C:/ST/STM32CubeIDE_2.1.0/STM32CubeIDE/plugins/com.st.stm32cube.ide.mcu.externaltools.gnu-tools-for-stm32.14.3.rel1.win32_1.0.100.202602081740/tools/bin/../lib/gcc/arm-none-eabi/14.3.1/../../../../arm-none-eabi/lib/thumb/v7e-m+fp/hard\libc_nano.a(libc_a-mallocr.o)
                0x20018fa4                __malloc_sbrk_start
 .bss.__malloc_free_list
                0x20018fa8        0x4 C:/ST/STM32CubeIDE_2.1.0/STM32CubeIDE/plugins/com.st.stm32cube.ide.mcu.externaltools.gnu-tools-for-stm32.14.3.rel1.win32_1.0.100.202602081740/tools/bin/../lib/gcc/arm-none-eabi/14.3.1/../../../../arm-none-eabi/lib/thumb/v7e-m+fp/hard\libc_nano.a(libc_a-mallocr.o)
                0x20018fa8                __malloc_free_list
 *(COMMON)
                0x20018fac                        . = ALIGN (0x4)
                0x20018fac                        _ebss = .
                0x20018fac                        __bss_end__ = _ebss

._user_heap_stack
                0x20018fac      0x604 load address 0x0800b368
                0x20018fb0                        . = ALIGN (0x8)
 *fill*         0x20018fac        0x4 
                [!provide]                        PROVIDE (end = .)
                0x20018fb0                        PROVIDE (_end = .)
                0x200191b0                        . = (. + _Min_Heap_Size)
 *fill*         0x20018fb0      0x200 
                0x200195b0                        . = (. + _Min_Stack_Size)
 *fill*         0x200191b0      0x400 
                0x200195b0                        . = ALIGN (0x8)

/DISCARD/
 libc.a(*)
 libm.a(*)
 libgcc.a(*)

.ARM.attributes
                0x00000000       0x30
 *(.ARM.attributes)
 .ARM.attributes
                0x00000000       0x22 C:/ST/STM32CubeIDE_2.1.0/STM32CubeIDE/plugins/com.st.stm32cube.ide.mcu.externaltools.gnu-tools-for-stm32.14.3.rel1.win32_1.0.100.202602081740/tools/bin/../lib/gcc/arm-none-eabi/14.3.1/thumb/v7e-m+fp/hard/crti.o
 .ARM.attributes
                0x00000022       0x34 C:/ST/STM32CubeIDE_2.1.0/STM32CubeIDE/plugins/com.st.stm32cube.ide.mcu.externaltools.gnu-tools-for-stm32.14.3.rel1.win32_1.0.100.202602081740/tools/bin/../lib/gcc/arm-none-eabi/14.3.1/thumb/v7e-m+fp/hard/crtbegin.o
 .ARM.attributes
                0x00000056       0x34 ./Core/Src/fatfs_sd.o
 .ARM.attributes
                0x0000008a       0x34 ./Core/Src/ili9341.o
 .ARM.attributes
                0x000000be       0x34 ./Core/Src/main.o
 .ARM.attributes
                0x000000f2       0x34 ./Core/Src/stm32f4xx_hal_msp.o
 .ARM.attributes
                0x00000126       0x34 ./Core/Src/stm32f4xx_it.o
 .ARM.attributes
                0x0000015a       0x34 ./Core/Src/sysmem.o
 .ARM.attributes
                0x0000018e       0x34 ./Core/Src/system_stm32f4xx.o
 .ARM.attributes
                0x000001c2       0x21 ./Core/Startup/startup_stm32f446retx.o
 .ARM.attributes
                0x000001e3       0x34 ./Drivers/STM32F4xx_HAL_Driver/Src/stm32f4xx_hal.o
 .ARM.attributes
                0x00000217       0x34 ./Drivers/STM32F4xx_HAL_Driver/Src/stm32f4xx_hal_cortex.o
 .ARM.attributes
                0x0000024b       0x34 ./Drivers/STM32F4xx_HAL_Driver/Src/stm32f4xx_hal_dma.o
 .ARM.attributes
                0x0000027f       0x34 ./Drivers/STM32F4xx_HAL_Driver/Src/stm32f4xx_hal_gpio.o
 .ARM.attributes
                0x000002b3       0x34 ./Drivers/STM32F4xx_HAL_Driver/Src/stm32f4xx_hal_rcc.o
 .ARM.attributes
                0x000002e7       0x34 ./Drivers/STM32F4xx_HAL_Driver/Src/stm32f4xx_hal_rcc_ex.o
 .ARM.attributes
                0x0000031b       0x34 ./Drivers/STM32F4xx_HAL_Driver/Src/stm32f4xx_hal_spi.o
 .ARM.attributes
                0x0000034f       0x34 ./Drivers/STM32F4xx_HAL_Driver/Src/stm32f4xx_hal_uart.o
 .ARM.attributes
                0x00000383       0x34 ./FATFS/App/fatfs.o
 .ARM.attributes
                0x000003b7       0x34 ./FATFS/Target/user_diskio.o
 .ARM.attributes
                0x000003eb       0x34 ./Middlewares/Third_Party/FatFs/src/diskio.o
 .ARM.attributes
                0x0000041f       0x34 ./Middlewares/Third_Party/FatFs/src/ff.o
 .ARM.attributes
                0x00000453       0x34 ./Middlewares/Third_Party/FatFs/src/ff_gen_drv.o
 .ARM.attributes
                0x00000487       0x34 ./Middlewares/Third_Party/FatFs/src/option/ccsbcs.o
 .ARM.attributes
                0x000004bb       0x34 C:/ST/STM32CubeIDE_2.1.0/STM32CubeIDE/plugins/com.st.stm32cube.ide.mcu.externaltools.gnu-tools-for-stm32.14.3.rel1.win32_1.0.100.202602081740/tools/bin/../lib/gcc/arm-none-eabi/14.3.1/../../../../arm-none-eabi/lib/thumb/v7e-m+fp/hard\libc_nano.a(libc_a-findfp.o)
 .ARM.attributes
                0x000004ef       0x34 C:/ST/STM32CubeIDE_2.1.0/STM32CubeIDE/plugins/com.st.stm32cube.ide.mcu.externaltools.gnu-tools-for-stm32.14.3.rel1.win32_1.0.100.202602081740/tools/bin/../lib/gcc/arm-none-eabi/14.3.1/../../../../arm-none-eabi/lib/thumb/v7e-m+fp/hard\libc_nano.a(libc_a-sprintf.o)
 .ARM.attributes
                0x00000523       0x34 C:/ST/STM32CubeIDE_2.1.0/STM32CubeIDE/plugins/com.st.stm32cube.ide.mcu.externaltools.gnu-tools-for-stm32.14.3.rel1.win32_1.0.100.202602081740/tools/bin/../lib/gcc/arm-none-eabi/14.3.1/../../../../arm-none-eabi/lib/thumb/v7e-m+fp/hard\libc_nano.a(libc_a-memset.o)
 .ARM.attributes
                0x00000557       0x34 C:/ST/STM32CubeIDE_2.1.0/STM32CubeIDE/plugins/com.st.stm32cube.ide.mcu.externaltools.gnu-tools-for-stm32.14.3.rel1.win32_1.0.100.202602081740/tools/bin/../lib/gcc/arm-none-eabi/14.3.1/../../../../arm-none-eabi/lib/thumb/v7e-m+fp/hard\libc_nano.a(libc_a-reent.o)
 .ARM.attributes
                0x0000058b       0x34 C:/ST/STM32CubeIDE_2.1.0/STM32CubeIDE/plugins/com.st.stm32cube.ide.mcu.externaltools.gnu-tools-for-stm32.14.3.rel1.win32_1.0.100.202602081740/tools/bin/../lib/gcc/arm-none-eabi/14.3.1/../../../../arm-none-eabi/lib/thumb/v7e-m+fp/hard\libc_nano.a(libc_a-impure.o)
 .ARM.attributes
                0x000005bf       0x34 C:/ST/STM32CubeIDE_2.1.0/STM32CubeIDE/plugins/com.st.stm32cube.ide.mcu.externaltools.gnu-tools-for-stm32.14.3.rel1.win32_1.0.100.202602081740/tools/bin/../lib/gcc/arm-none-eabi/14.3.1/../../../../arm-none-eabi/lib/thumb/v7e-m+fp/hard\libc_nano.a(libc_a-errno.o)
 .ARM.attributes
                0x000005f3       0x34 C:/ST/STM32CubeIDE_2.1.0/STM32CubeIDE/plugins/com.st.stm32cube.ide.mcu.externaltools.gnu-tools-for-stm32.14.3.rel1.win32_1.0.100.202602081740/tools/bin/../lib/gcc/arm-none-eabi/14.3.1/../../../../arm-none-eabi/lib/thumb/v7e-m+fp/hard\libc_nano.a(libc_a-init.o)
 .ARM.attributes
                0x00000627       0x34 C:/ST/STM32CubeIDE_2.1.0/STM32CubeIDE/plugins/com.st.stm32cube.ide.mcu.externaltools.gnu-tools-for-stm32.14.3.rel1.win32_1.0.100.202602081740/tools/bin/../lib/gcc/arm-none-eabi/14.3.1/../../../../arm-none-eabi/lib/thumb/v7e-m+fp/hard\libc_nano.a(libc_a-lock.o)
 .ARM.attributes
                0x0000065b       0x17 C:/ST/STM32CubeIDE_2.1.0/STM32CubeIDE/plugins/com.st.stm32cube.ide.mcu.externaltools.gnu-tools-for-stm32.14.3.rel1.win32_1.0.100.202602081740/tools/bin/../lib/gcc/arm-none-eabi/14.3.1/../../../../arm-none-eabi/lib/thumb/v7e-m+fp/hard\libc_nano.a(libc_a-strlen.o)
 .ARM.attributes
                0x00000672       0x34 C:/ST/STM32CubeIDE_2.1.0/STM32CubeIDE/plugins/com.st.stm32cube.ide.mcu.externaltools.gnu-tools-for-stm32.14.3.rel1.win32_1.0.100.202602081740/tools/bin/../lib/gcc/arm-none-eabi/14.3.1/../../../../arm-none-eabi/lib/thumb/v7e-m+fp/hard\libc_nano.a(libc_a-freer.o)
 .ARM.attributes
                0x000006a6       0x34 C:/ST/STM32CubeIDE_2.1.0/STM32CubeIDE/plugins/com.st.stm32cube.ide.mcu.externaltools.gnu-tools-for-stm32.14.3.rel1.win32_1.0.100.202602081740/tools/bin/../lib/gcc/arm-none-eabi/14.3.1/../../../../arm-none-eabi/lib/thumb/v7e-m+fp/hard\libc_nano.a(libc_a-mallocr.o)
 .ARM.attributes
                0x000006da       0x34 C:/ST/STM32CubeIDE_2.1.0/STM32CubeIDE/plugins/com.st.stm32cube.ide.mcu.externaltools.gnu-tools-for-stm32.14.3.rel1.win32_1.0.100.202602081740/tools/bin/../lib/gcc/arm-none-eabi/14.3.1/../../../../arm-none-eabi/lib/thumb/v7e-m+fp/hard\libc_nano.a(libc_a-mlock.o)
 .ARM.attributes
                0x0000070e       0x34 C:/ST/STM32CubeIDE_2.1.0/STM32CubeIDE/plugins/com.st.stm32cube.ide.mcu.externaltools.gnu-tools-for-stm32.14.3.rel1.win32_1.0.100.202602081740/tools/bin/../lib/gcc/arm-none-eabi/14.3.1/../../../../arm-none-eabi/lib/thumb/v7e-m+fp/hard\libc_nano.a(libc_a-nano-svfprintf.o)
 .ARM.attributes
                0x00000742       0x34 C:/ST/STM32CubeIDE_2.1.0/STM32CubeIDE/plugins/com.st.stm32cube.ide.mcu.externaltools.gnu-tools-for-stm32.14.3.rel1.win32_1.0.100.202602081740/tools/bin/../lib/gcc/arm-none-eabi/14.3.1/../../../../arm-none-eabi/lib/thumb/v7e-m+fp/hard\libc_nano.a(libc_a-nano-vfprintf_i.o)
 .ARM.attributes
                0x00000776       0x34 C:/ST/STM32CubeIDE_2.1.0/STM32CubeIDE/plugins/com.st.stm32cube.ide.mcu.externaltools.gnu-tools-for-stm32.14.3.rel1.win32_1.0.100.202602081740/tools/bin/../lib/gcc/arm-none-eabi/14.3.1/../../../../arm-none-eabi/lib/thumb/v7e-m+fp/hard\libc_nano.a(libc_a-memmove.o)
 .ARM.attributes
                0x000007aa       0x34 C:/ST/STM32CubeIDE_2.1.0/STM32CubeIDE/plugins/com.st.stm32cube.ide.mcu.externaltools.gnu-tools-for-stm32.14.3.rel1.win32_1.0.100.202602081740/tools/bin/../lib/gcc/arm-none-eabi/14.3.1/../../../../arm-none-eabi/lib/thumb/v7e-m+fp/hard\libc_nano.a(libc_a-sbrkr.o)
 .ARM.attributes
                0x000007de       0x1c C:/ST/STM32CubeIDE_2.1.0/STM32CubeIDE/plugins/com.st.stm32cube.ide.mcu.externaltools.gnu-tools-for-stm32.14.3.rel1.win32_1.0.100.202602081740/tools/bin/../lib/gcc/arm-none-eabi/14.3.1/../../../../arm-none-eabi/lib/thumb/v7e-m+fp/hard\libc_nano.a(libc_a-memchr.o)
 .ARM.attributes
                0x000007fa       0x34 C:/ST/STM32CubeIDE_2.1.0/STM32CubeIDE/plugins/com.st.stm32cube.ide.mcu.externaltools.gnu-tools-for-stm32.14.3.rel1.win32_1.0.100.202602081740/tools/bin/../lib/gcc/arm-none-eabi/14.3.1/../../../../arm-none-eabi/lib/thumb/v7e-m+fp/hard\libc_nano.a(libc_a-memcpy-stub.o)
 .ARM.attributes
                0x0000082e       0x34 C:/ST/STM32CubeIDE_2.1.0/STM32CubeIDE/plugins/com.st.stm32cube.ide.mcu.externaltools.gnu-tools-for-stm32.14.3.rel1.win32_1.0.100.202602081740/tools/bin/../lib/gcc/arm-none-eabi/14.3.1/../../../../arm-none-eabi/lib/thumb/v7e-m+fp/hard\libc_nano.a(libc_a-reallocr.o)
 .ARM.attributes
                0x00000862       0x34 C:/ST/STM32CubeIDE_2.1.0/STM32CubeIDE/plugins/com.st.stm32cube.ide.mcu.externaltools.gnu-tools-for-stm32.14.3.rel1.win32_1.0.100.202602081740/tools/bin/../lib/gcc/arm-none-eabi/14.3.1/../../../../arm-none-eabi/lib/thumb/v7e-m+fp/hard\libc_nano.a(libc_a-msizer.o)
 .ARM.attributes
                0x00000896       0x22 C:/ST/STM32CubeIDE_2.1.0/STM32CubeIDE/plugins/com.st.stm32cube.ide.mcu.externaltools.gnu-tools-for-stm32.14.3.rel1.win32_1.0.100.202602081740/tools/bin/../lib/gcc/arm-none-eabi/14.3.1/thumb/v7e-m+fp/hard\libgcc.a(_aeabi_uldivmod.o)
 .ARM.attributes
                0x000008b8       0x34 C:/ST/STM32CubeIDE_2.1.0/STM32CubeIDE/plugins/com.st.stm32cube.ide.mcu.externaltools.gnu-tools-for-stm32.14.3.rel1.win32_1.0.100.202602081740/tools/bin/../lib/gcc/arm-none-eabi/14.3.1/thumb/v7e-m+fp/hard\libgcc.a(_udivmoddi4.o)
 .ARM.attributes
                0x000008ec       0x22 C:/ST/STM32CubeIDE_2.1.0/STM32CubeIDE/plugins/com.st.stm32cube.ide.mcu.externaltools.gnu-tools-for-stm32.14.3.rel1.win32_1.0.100.202602081740/tools/bin/../lib/gcc/arm-none-eabi/14.3.1/thumb/v7e-m+fp/hard\libgcc.a(_dvmd_tls.o)
 .ARM.attributes
                0x0000090e       0x22 C:/ST/STM32CubeIDE_2.1.0/STM32CubeIDE/plugins/com.st.stm32cube.ide.mcu.externaltools.gnu-tools-for-stm32.14.3.rel1.win32_1.0.100.202602081740/tools/bin/../lib/gcc/arm-none-eabi/14.3.1/thumb/v7e-m+fp/hard/crtn.o
OUTPUT(ILI9341.elf elf32-littlearm)
LOAD linker stubs
LOAD C:/ST/STM32CubeIDE_2.1.0/STM32CubeIDE/plugins/com.st.stm32cube.ide.mcu.externaltools.gnu-tools-for-stm32.14.3.rel1.win32_1.0.100.202602081740/tools/bin/../lib/gcc/arm-none-eabi/14.3.1/../../../../arm-none-eabi/lib/thumb/v7e-m+fp/hard\libc.a
LOAD C:/ST/STM32CubeIDE_2.1.0/STM32CubeIDE/plugins/com.st.stm32cube.ide.mcu.externaltools.gnu-tools-for-stm32.14.3.rel1.win32_1.0.100.202602081740/tools/bin/../lib/gcc/arm-none-eabi/14.3.1/../../../../arm-none-eabi/lib/thumb/v7e-m+fp/hard\libm.a
LOAD C:/ST/STM32CubeIDE_2.1.0/STM32CubeIDE/plugins/com.st.stm32cube.ide.mcu.externaltools.gnu-tools-for-stm32.14.3.rel1.win32_1.0.100.202602081740/tools/bin/../lib/gcc/arm-none-eabi/14.3.1/thumb/v7e-m+fp/hard\libgcc.a

.debug_info     0x00000000    0x10fd9
 .debug_info    0x00000000      0xc65 ./Core/Src/fatfs_sd.o
 .debug_info    0x00000c65      0xdc5 ./Core/Src/ili9341.o
 .debug_info    0x00001a2a     0x23d0 ./Core/Src/main.o
 .debug_info    0x00003dfa      0xecf ./Core/Src/stm32f4xx_hal_msp.o
 .debug_info    0x00004cc9      0x672 ./Core/Src/stm32f4xx_it.o
 .debug_info    0x0000533b      0x168 ./Core/Src/sysmem.o
 .debug_info    0x000054a3      0x54a ./Core/Src/system_stm32f4xx.o
 .debug_info    0x000059ed       0x30 ./Core/Startup/startup_stm32f446retx.o
 .debug_info    0x00005a1d      0x99a ./Drivers/STM32F4xx_HAL_Driver/Src/stm32f4xx_hal.o
 .debug_info    0x000063b7      0xdaa ./Drivers/STM32F4xx_HAL_Driver/Src/stm32f4xx_hal_cortex.o
 .debug_info    0x00007161      0x8e7 ./Drivers/STM32F4xx_HAL_Driver/Src/stm32f4xx_hal_dma.o
 .debug_info    0x00007a48      0x70b ./Drivers/STM32F4xx_HAL_Driver/Src/stm32f4xx_hal_gpio.o
 .debug_info    0x00008153      0x8ff ./Drivers/STM32F4xx_HAL_Driver/Src/stm32f4xx_hal_rcc.o
 .debug_info    0x00008a52      0x960 ./Drivers/STM32F4xx_HAL_Driver/Src/stm32f4xx_hal_rcc_ex.o
 .debug_info    0x000093b2     0x1525 ./Drivers/STM32F4xx_HAL_Driver/Src/stm32f4xx_hal_spi.o
 .debug_info    0x0000a8d7     0x2f4f ./Drivers/STM32F4xx_HAL_Driver/Src/stm32f4xx_hal_uart.o
 .debug_info    0x0000d826      0x508 ./FATFS/App/fatfs.o
 .debug_info    0x0000dd2e      0x3a5 ./FATFS/Target/user_diskio.o
 .debug_info    0x0000e0d3      0x3df ./Middlewares/Third_Party/FatFs/src/diskio.o
 .debug_info    0x0000e4b2     0x25ef ./Middlewares/Third_Party/FatFs/src/ff.o
 .debug_info    0x00010aa1      0x37f ./Middlewares/Third_Party/FatFs/src/ff_gen_drv.o
 .debug_info    0x00010e20      0x1b9 ./Middlewares/Third_Party/FatFs/src/option/ccsbcs.o

.debug_abbrev   0x00000000     0x2b41
 .debug_abbrev  0x00000000      0x2fa ./Core/Src/fatfs_sd.o
 .debug_abbrev  0x000002fa      0x25f ./Core/Src/ili9341.o
 .debug_abbrev  0x00000559      0x3b5 ./Core/Src/main.o
 .debug_abbrev  0x0000090e      0x1cd ./Core/Src/stm32f4xx_hal_msp.o
 .debug_abbrev  0x00000adb      0x189 ./Core/Src/stm32f4xx_it.o
 .debug_abbrev  0x00000c64       0xbc ./Core/Src/sysmem.o
 .debug_abbrev  0x00000d20      0x11a ./Core/Src/system_stm32f4xx.o
 .debug_abbrev  0x00000e3a       0x24 ./Core/Startup/startup_stm32f446retx.o
 .debug_abbrev  0x00000e5e      0x214 ./Drivers/STM32F4xx_HAL_Driver/Src/stm32f4xx_hal.o
 .debug_abbrev  0x00001072      0x31d ./Drivers/STM32F4xx_HAL_Driver/Src/stm32f4xx_hal_cortex.o
 .debug_abbrev  0x0000138f      0x264 ./Drivers/STM32F4xx_HAL_Driver/Src/stm32f4xx_hal_dma.o
 .debug_abbrev  0x000015f3      0x1d4 ./Drivers/STM32F4xx_HAL_Driver/Src/stm32f4xx_hal_gpio.o
 .debug_abbrev  0x000017c7      0x2b7 ./Drivers/STM32F4xx_HAL_Driver/Src/stm32f4xx_hal_rcc.o
 .debug_abbrev  0x00001a7e      0x211 ./Drivers/STM32F4xx_HAL_Driver/Src/stm32f4xx_hal_rcc_ex.o
 .debug_abbrev  0x00001c8f      0x27a ./Drivers/STM32F4xx_HAL_Driver/Src/stm32f4xx_hal_spi.o
 .debug_abbrev  0x00001f09      0x30e ./Drivers/STM32F4xx_HAL_Driver/Src/stm32f4xx_hal_uart.o
 .debug_abbrev  0x00002217      0x15e ./FATFS/App/fatfs.o
 .debug_abbrev  0x00002375      0x144 ./FATFS/Target/user_diskio.o
 .debug_abbrev  0x000024b9      0x181 ./Middlewares/Third_Party/FatFs/src/diskio.o
 .debug_abbrev  0x0000263a      0x28a ./Middlewares/Third_Party/FatFs/src/ff.o
 .debug_abbrev  0x000028c4      0x19f ./Middlewares/Third_Party/FatFs/src/ff_gen_drv.o
 .debug_abbrev  0x00002a63       0xde ./Middlewares/Third_Party/FatFs/src/option/ccsbcs.o

.debug_aranges  0x00000000      0xec8
 .debug_aranges
                0x00000000       0xa8 ./Core/Src/fatfs_sd.o
 .debug_aranges
                0x000000a8       0xa8 ./Core/Src/ili9341.o
 .debug_aranges
                0x00000150      0x130 ./Core/Src/main.o
 .debug_aranges
                0x00000280       0x40 ./Core/Src/stm32f4xx_hal_msp.o
 .debug_aranges
                0x000002c0       0x70 ./Core/Src/stm32f4xx_it.o
 .debug_aranges
                0x00000330       0x20 ./Core/Src/sysmem.o
 .debug_aranges
                0x00000350       0x28 ./Core/Src/system_stm32f4xx.o
 .debug_aranges
                0x00000378       0x28 ./Core/Startup/startup_stm32f446retx.o
 .debug_aranges
                0x000003a0       0xf0 ./Drivers/STM32F4xx_HAL_Driver/Src/stm32f4xx_hal.o
 .debug_aranges
                0x00000490      0x130 ./Drivers/STM32F4xx_HAL_Driver/Src/stm32f4xx_hal_cortex.o
 .debug_aranges
                0x000005c0       0x90 ./Drivers/STM32F4xx_HAL_Driver/Src/stm32f4xx_hal_dma.o
 .debug_aranges
                0x00000650       0x58 ./Drivers/STM32F4xx_HAL_Driver/Src/stm32f4xx_hal_gpio.o
 .debug_aranges
                0x000006a8       0x88 ./Drivers/STM32F4xx_HAL_Driver/Src/stm32f4xx_hal_rcc.o
 .debug_aranges
                0x00000730       0x78 ./Drivers/STM32F4xx_HAL_Driver/Src/stm32f4xx_hal_rcc_ex.o
 .debug_aranges
                0x000007a8      0x1d0 ./Drivers/STM32F4xx_HAL_Driver/Src/stm32f4xx_hal_spi.o
 .debug_aranges
                0x00000978      0x208 ./Drivers/STM32F4xx_HAL_Driver/Src/stm32f4xx_hal_uart.o
 .debug_aranges
                0x00000b80       0x28 ./FATFS/App/fatfs.o
 .debug_aranges
                0x00000ba8       0x40 ./FATFS/Target/user_diskio.o
 .debug_aranges
                0x00000be8       0x48 ./Middlewares/Third_Party/FatFs/src/diskio.o
 .debug_aranges
                0x00000c30      0x230 ./Middlewares/Third_Party/FatFs/src/ff.o
 .debug_aranges
                0x00000e60       0x40 ./Middlewares/Third_Party/FatFs/src/ff_gen_drv.o
 .debug_aranges
                0x00000ea0       0x28 ./Middlewares/Third_Party/FatFs/src/option/ccsbcs.o

.debug_rnglists
                0x00000000      0xb6a
 .debug_rnglists
                0x00000000       0x80 ./Core/Src/fatfs_sd.o
 .debug_rnglists
                0x00000080       0x87 ./Core/Src/ili9341.o
 .debug_rnglists
                0x00000107       0xf3 ./Core/Src/main.o
 .debug_rnglists
                0x000001fa       0x2d ./Core/Src/stm32f4xx_hal_msp.o
 .debug_rnglists
                0x00000227       0x4f ./Core/Src/stm32f4xx_it.o
 .debug_rnglists
                0x00000276       0x13 ./Core/Src/sysmem.o
 .debug_rnglists
                0x00000289       0x1a ./Core/Src/system_stm32f4xx.o
 .debug_rnglists
                0x000002a3       0x19 ./Core/Startup/startup_stm32f446retx.o
 .debug_rnglists
                0x000002bc       0xaf ./Drivers/STM32F4xx_HAL_Driver/Src/stm32f4xx_hal.o
 .debug_rnglists
                0x0000036b       0xe0 ./Drivers/STM32F4xx_HAL_Driver/Src/stm32f4xx_hal_cortex.o
 .debug_rnglists
                0x0000044b       0x70 ./Drivers/STM32F4xx_HAL_Driver/Src/stm32f4xx_hal_dma.o
 .debug_rnglists
                0x000004bb       0x3f ./Drivers/STM32F4xx_HAL_Driver/Src/stm32f4xx_hal_gpio.o
 .debug_rnglists
                0x000004fa       0x66 ./Drivers/STM32F4xx_HAL_Driver/Src/stm32f4xx_hal_rcc.o
 .debug_rnglists
                0x00000560       0x5e ./Drivers/STM32F4xx_HAL_Driver/Src/stm32f4xx_hal_rcc_ex.o
 .debug_rnglists
                0x000005be      0x16f ./Drivers/STM32F4xx_HAL_Driver/Src/stm32f4xx_hal_spi.o
 .debug_rnglists
                0x0000072d      0x1bc ./Drivers/STM32F4xx_HAL_Driver/Src/stm32f4xx_hal_uart.o
 .debug_rnglists
                0x000008e9       0x19 ./FATFS/App/fatfs.o
 .debug_rnglists
                0x00000902       0x2b ./FATFS/Target/user_diskio.o
 .debug_rnglists
                0x0000092d       0x31 ./Middlewares/Third_Party/FatFs/src/diskio.o
 .debug_rnglists
                0x0000095e      0x1c6 ./Middlewares/Third_Party/FatFs/src/ff.o
 .debug_rnglists
                0x00000b24       0x2c ./Middlewares/Third_Party/FatFs/src/ff_gen_drv.o
 .debug_rnglists
                0x00000b50       0x1a ./Middlewares/Third_Party/FatFs/src/option/ccsbcs.o

.debug_macro    0x00000000    0x23cd8
 .debug_macro   0x00000000      0x2f6 ./Core/Src/fatfs_sd.o
 .debug_macro   0x000002f6      0xad8 ./Core/Src/fatfs_sd.o
 .debug_macro   0x00000dce      0x29b ./Core/Src/fatfs_sd.o
 .debug_macro   0x00001069       0x2e ./Core/Src/fatfs_sd.o
 .debug_macro   0x00001097       0x28 ./Core/Src/fatfs_sd.o
 .debug_macro   0x000010bf       0x22 ./Core/Src/fatfs_sd.o
 .debug_macro   0x000010e1       0x8e ./Core/Src/fatfs_sd.o
 .debug_macro   0x0000116f       0x51 ./Core/Src/fatfs_sd.o
 .debug_macro   0x000011c0      0x103 ./Core/Src/fatfs_sd.o
 .debug_macro   0x000012c3       0x6a ./Core/Src/fatfs_sd.o
 .debug_macro   0x0000132d      0x1df ./Core/Src/fatfs_sd.o
 .debug_macro   0x0000150c       0x1c ./Core/Src/fatfs_sd.o
 .debug_macro   0x00001528       0x22 ./Core/Src/fatfs_sd.o
 .debug_macro   0x0000154a       0xfb ./Core/Src/fatfs_sd.o
 .debug_macro   0x00001645     0x1011 ./Core/Src/fatfs_sd.o
 .debug_macro   0x00002656      0x11f ./Core/Src/fatfs_sd.o
 .debug_macro   0x00002775    0x1675e ./Core/Src/fatfs_sd.o
 .debug_macro   0x00018ed3       0x6d ./Core/Src/fatfs_sd.o
 .debug_macro   0x00018f40     0x3693 ./Core/Src/fatfs_sd.o
 .debug_macro   0x0001c5d3      0x190 ./Core/Src/fatfs_sd.o
 .debug_macro   0x0001c763       0x5c ./Core/Src/fatfs_sd.o
 .debug_macro   0x0001c7bf      0xca5 ./Core/Src/fatfs_sd.o
 .debug_macro   0x0001d464      0x9e9 ./Core/Src/fatfs_sd.o
 .debug_macro   0x0001de4d      0x115 ./Core/Src/fatfs_sd.o
 .debug_macro   0x0001df62      0x1a0 ./Core/Src/fatfs_sd.o
 .debug_macro   0x0001e102       0xa5 ./Core/Src/fatfs_sd.o
 .debug_macro   0x0001e1a7      0x16d ./Core/Src/fatfs_sd.o
 .debug_macro   0x0001e314      0x287 ./Core/Src/fatfs_sd.o
 .debug_macro   0x0001e59b       0x5f ./Core/Src/fatfs_sd.o
 .debug_macro   0x0001e5fa      0x236 ./Core/Src/fatfs_sd.o
 .debug_macro   0x0001e830      0x132 ./Core/Src/fatfs_sd.o
 .debug_macro   0x0001e962      0x29c ./Core/Src/fatfs_sd.o
 .debug_macro   0x0001ebfe       0x2e ./Core/Src/fatfs_sd.o
 .debug_macro   0x0001ec2c      0x127 ./Core/Src/fatfs_sd.o
 .debug_macro   0x0001ed53       0xe8 ./Core/Src/fatfs_sd.o
 .debug_macro   0x0001ee3b       0x89 ./Core/Src/fatfs_sd.o
 .debug_macro   0x0001eec4      0x225 ./Core/Src/fatfs_sd.o
 .debug_macro   0x0001f0e9      0x2aa ./Core/Src/fatfs_sd.o
 .debug_macro   0x0001f393      0x126 ./Core/Src/fatfs_sd.o
 .debug_macro   0x0001f4b9       0x16 ./Core/Src/fatfs_sd.o
 .debug_macro   0x0001f4cf       0x7c ./Core/Src/fatfs_sd.o
 .debug_macro   0x0001f54b       0xb2 ./Core/Src/fatfs_sd.o
 .debug_macro   0x0001f5fd       0xe5 ./Core/Src/fatfs_sd.o
 .debug_macro   0x0001f6e2       0x2a ./Core/Src/fatfs_sd.o
 .debug_macro   0x0001f70c       0x61 ./Core/Src/fatfs_sd.o
 .debug_macro   0x0001f76d       0x43 ./Core/Src/fatfs_sd.o
 .debug_macro   0x0001f7b0       0x34 ./Core/Src/fatfs_sd.o
 .debug_macro   0x0001f7e4       0x16 ./Core/Src/fatfs_sd.o
 .debug_macro   0x0001f7fa       0x3c ./Core/Src/fatfs_sd.o
 .debug_macro   0x0001f836      0x364 ./Core/Src/fatfs_sd.o
 .debug_macro   0x0001fb9a       0x16 ./Core/Src/fatfs_sd.o
 .debug_macro   0x0001fbb0       0x4a ./Core/Src/fatfs_sd.o
 .debug_macro   0x0001fbfa       0x34 ./Core/Src/fatfs_sd.o
 .debug_macro   0x0001fc2e       0x10 ./Core/Src/fatfs_sd.o
 .debug_macro   0x0001fc3e       0x58 ./Core/Src/fatfs_sd.o
 .debug_macro   0x0001fc96       0x8e ./Core/Src/fatfs_sd.o
 .debug_macro   0x0001fd24       0x1c ./Core/Src/fatfs_sd.o
 .debug_macro   0x0001fd40      0x17e ./Core/Src/fatfs_sd.o
 .debug_macro   0x0001febe       0x16 ./Core/Src/fatfs_sd.o
 .debug_macro   0x0001fed4       0x29 ./Core/Src/fatfs_sd.o
 .debug_macro   0x0001fefd       0x12 ./Core/Src/fatfs_sd.o
 .debug_macro   0x0001ff0f       0xe2 ./Core/Src/fatfs_sd.o
 .debug_macro   0x0001fff1       0x94 ./Core/Src/fatfs_sd.o
 .debug_macro   0x00020085      0x36d ./Core/Src/ili9341.o
 .debug_macro   0x000203f2      0x11c ./Core/Src/ili9341.o
 .debug_macro   0x0002050e       0x9b ./Core/Src/ili9341.o
 .debug_macro   0x000205a9       0x16 ./Core/Src/ili9341.o
 .debug_macro   0x000205bf       0x20 ./Core/Src/ili9341.o
 .debug_macro   0x000205df       0x22 ./Core/Src/ili9341.o
 .debug_macro   0x00020601      0x118 ./Core/Src/ili9341.o
 .debug_macro   0x00020719       0x3a ./Core/Src/ili9341.o
 .debug_macro   0x00020753       0x56 ./Core/Src/ili9341.o
 .debug_macro   0x000207a9       0xac ./Core/Src/ili9341.o
 .debug_macro   0x00020855      0x3de ./Core/Src/main.o
 .debug_macro   0x00020c33       0xeb ./Core/Src/main.o
 .debug_macro   0x00020d1e       0x8e ./Core/Src/main.o
 .debug_macro   0x00020dac       0x1c ./Core/Src/main.o
 .debug_macro   0x00020dc8       0x10 ./Core/Src/main.o
 .debug_macro   0x00020dd8       0x1c ./Core/Src/main.o
 .debug_macro   0x00020df4       0x16 ./Core/Src/main.o
 .debug_macro   0x00020e0a      0x146 ./Core/Src/main.o
 .debug_macro   0x00020f50      0x1d3 ./Core/Src/stm32f4xx_hal_msp.o
 .debug_macro   0x00021123      0x1dd ./Core/Src/stm32f4xx_it.o
 .debug_macro   0x00021300      0x112 ./Core/Src/sysmem.o
 .debug_macro   0x00021412      0x23c ./Core/Src/sysmem.o
 .debug_macro   0x0002164e      0x1c4 ./Core/Src/system_stm32f4xx.o
 .debug_macro   0x00021812      0x224 ./Drivers/STM32F4xx_HAL_Driver/Src/stm32f4xx_hal.o
 .debug_macro   0x00021a36      0x1c4 ./Drivers/STM32F4xx_HAL_Driver/Src/stm32f4xx_hal_cortex.o
 .debug_macro   0x00021bfa      0x1ca ./Drivers/STM32F4xx_HAL_Driver/Src/stm32f4xx_hal_dma.o
 .debug_macro   0x00021dc4      0x1ca ./Drivers/STM32F4xx_HAL_Driver/Src/stm32f4xx_hal_gpio.o
 .debug_macro   0x00021f8e      0x1e8 ./Drivers/STM32F4xx_HAL_Driver/Src/stm32f4xx_hal_rcc.o
 .debug_macro   0x00022176      0x1c4 ./Drivers/STM32F4xx_HAL_Driver/Src/stm32f4xx_hal_rcc_ex.o
 .debug_macro   0x0002233a      0x1d3 ./Drivers/STM32F4xx_HAL_Driver/Src/stm32f4xx_hal_spi.o
 .debug_macro   0x0002250d      0x1c5 ./Drivers/STM32F4xx_HAL_Driver/Src/stm32f4xx_hal_uart.o
 .debug_macro   0x000226d2      0x2f8 ./FATFS/App/fatfs.o
 .debug_macro   0x000229ca      0x326 ./FATFS/Target/user_diskio.o
 .debug_macro   0x00022cf0      0x2e5 ./Middlewares/Third_Party/FatFs/src/diskio.o
 .debug_macro   0x00022fd5      0x6f3 ./Middlewares/Third_Party/FatFs/src/ff.o
 .debug_macro   0x000236c8       0x58 ./Middlewares/Third_Party/FatFs/src/ff.o
 .debug_macro   0x00023720      0x2e5 ./Middlewares/Third_Party/FatFs/src/ff_gen_drv.o
 .debug_macro   0x00023a05      0x2d3 ./Middlewares/Third_Party/FatFs/src/option/ccsbcs.o

.debug_line     0x00000000    0x1624c
 .debug_line    0x00000000     0x100c ./Core/Src/fatfs_sd.o
 .debug_line    0x0000100c     0x133f ./Core/Src/ili9341.o
 .debug_line    0x0000234b     0x1abc ./Core/Src/main.o
 .debug_line    0x00003e07      0x802 ./Core/Src/stm32f4xx_hal_msp.o
 .debug_line    0x00004609      0x822 ./Core/Src/stm32f4xx_it.o
 .debug_line    0x00004e2b      0x58d ./Core/Src/sysmem.o
 .debug_line    0x000053b8      0x7b5 ./Core/Src/system_stm32f4xx.o
 .debug_line    0x00005b6d       0x7a ./Core/Startup/startup_stm32f446retx.o
 .debug_line    0x00005be7      0xa25 ./Drivers/STM32F4xx_HAL_Driver/Src/stm32f4xx_hal.o
 .debug_line    0x0000660c      0xcf2 ./Drivers/STM32F4xx_HAL_Driver/Src/stm32f4xx_hal_cortex.o
 .debug_line    0x000072fe      0xf8e ./Drivers/STM32F4xx_HAL_Driver/Src/stm32f4xx_hal_dma.o
 .debug_line    0x0000828c      0xb63 ./Drivers/STM32F4xx_HAL_Driver/Src/stm32f4xx_hal_gpio.o
 .debug_line    0x00008def      0xe3b ./Drivers/STM32F4xx_HAL_Driver/Src/stm32f4xx_hal_rcc.o
 .debug_line    0x00009c2a     0x14eb ./Drivers/STM32F4xx_HAL_Driver/Src/stm32f4xx_hal_rcc_ex.o
 .debug_line    0x0000b115     0x1cbd ./Drivers/STM32F4xx_HAL_Driver/Src/stm32f4xx_hal_spi.o
 .debug_line    0x0000cdd2     0x256a ./Drivers/STM32F4xx_HAL_Driver/Src/stm32f4xx_hal_uart.o
 .debug_line    0x0000f33c      0x924 ./FATFS/App/fatfs.o
 .debug_line    0x0000fc60      0x984 ./FATFS/Target/user_diskio.o
 .debug_line    0x000105e4      0x9b0 ./Middlewares/Third_Party/FatFs/src/diskio.o
 .debug_line    0x00010f94     0x3f20 ./Middlewares/Third_Party/FatFs/src/ff.o
 .debug_line    0x00014eb4      0x9ad ./Middlewares/Third_Party/FatFs/src/ff_gen_drv.o
 .debug_line    0x00015861      0x9eb ./Middlewares/Third_Party/FatFs/src/option/ccsbcs.o

.debug_str      0x00000000    0xcefac
 .debug_str     0x00000000    0xcefac ./Core/Src/fatfs_sd.o
                              0xc7d9e (size before relaxing)
 .debug_str     0x000cefac    0xc9427 ./Core/Src/ili9341.o
 .debug_str     0x000cefac    0xc9540 ./Core/Src/main.o
 .debug_str     0x000cefac    0xc4acf ./Core/Src/stm32f4xx_hal_msp.o
 .debug_str     0x000cefac    0xc42d9 ./Core/Src/stm32f4xx_it.o
 .debug_str     0x000cefac     0x772f ./Core/Src/sysmem.o
 .debug_str     0x000cefac    0xc3cc2 ./Core/Src/system_stm32f4xx.o
 .debug_str     0x000cefac       0xa7 ./Core/Startup/startup_stm32f446retx.o
 .debug_str     0x000cefac    0xc4887 ./Drivers/STM32F4xx_HAL_Driver/Src/stm32f4xx_hal.o
 .debug_str     0x000cefac    0xc45de ./Drivers/STM32F4xx_HAL_Driver/Src/stm32f4xx_hal_cortex.o
 .debug_str     0x000cefac    0xc40b7 ./Drivers/STM32F4xx_HAL_Driver/Src/stm32f4xx_hal_dma.o
 .debug_str     0x000cefac    0xc3e3d ./Drivers/STM32F4xx_HAL_Driver/Src/stm32f4xx_hal_gpio.o
 .debug_str     0x000cefac    0xc40fb ./Drivers/STM32F4xx_HAL_Driver/Src/stm32f4xx_hal_rcc.o
 .debug_str     0x000cefac    0xc412e ./Drivers/STM32F4xx_HAL_Driver/Src/stm32f4xx_hal_rcc_ex.o
 .debug_str     0x000cefac    0xc455b ./Drivers/STM32F4xx_HAL_Driver/Src/stm32f4xx_hal_spi.o
 .debug_str     0x000cefac    0xc46b2 ./Drivers/STM32F4xx_HAL_Driver/Src/stm32f4xx_hal_uart.o
 .debug_str     0x000cefac    0xc773c ./FATFS/App/fatfs.o
 .debug_str     0x000cefac    0xc786f ./FATFS/Target/user_diskio.o
 .debug_str     0x000cefac    0xc7638 ./Middlewares/Third_Party/FatFs/src/diskio.o
 .debug_str     0x000cefac    0xc893f ./Middlewares/Third_Party/FatFs/src/ff.o
 .debug_str     0x000cefac    0xc7689 ./Middlewares/Third_Party/FatFs/src/ff_gen_drv.o
 .debug_str     0x000cefac    0xc740d ./Middlewares/Third_Party/FatFs/src/option/ccsbcs.o

.comment        0x00000000       0x43
 .comment       0x00000000       0x43 ./Core/Src/fatfs_sd.o
                                 0x44 (size before relaxing)
 .comment       0x00000043       0x44 ./Core/Src/ili9341.o
 .comment       0x00000043       0x44 ./Core/Src/main.o
 .comment       0x00000043       0x44 ./Core/Src/stm32f4xx_hal_msp.o
 .comment       0x00000043       0x44 ./Core/Src/stm32f4xx_it.o