../Core/Src/main.c:127:6:Buzzer_SetFrequency	24	static
../Core/Src/main.c:142:6:PlayNote	16	static
../Core/Src/main.c:151:6:PlayMelody	24	static
../Core/Src/main.c:164:5:main	72	static
../Core/Src/main.c:221:6:SystemClock_Config	88	static
../Core/Src/main.c:269:13:MX_TIM2_Init	64	static
../Core/Src/main.c:328:13:MX_USART2_UART_Init	8	static
../Core/Src/main.c:361:13:MX_GPIO_Init	48	static
../Core/Src/main.c:396:6:HAL_UART_RxCpltCallback	80	static
../Core/Src/main.c:419:6:Error_Handler	4	static,ignoring_inline_asm
