../Core/Src/main.c:152:6:SendText	16	static
../Core/Src/main.c:157:6:PrintMenu	192	static
../Core/Src/main.c:169:9:WaitMsInterruptible	24	static
../Core/Src/main.c:189:6:PWM_Stop	4	static
../Core/Src/main.c:194:6:Buzzer_SetFrequency	24	static
../Core/Src/main.c:209:6:PlaySongPWM	32	static
../Core/Src/main.c:244:6:DAC_Stop	8	static
../Core/Src/main.c:254:6:DAC_SetFrequency	32	static
../Core/Src/main.c:287:6:PlaySongDAC	32	static
../Core/Src/main.c:325:5:main	8	static
../Core/Src/main.c:411:6:SystemClock_Config	88	static
../Core/Src/main.c:459:13:MX_DAC_Init	16	static
../Core/Src/main.c:499:13:MX_TIM2_Init	64	static
../Core/Src/main.c:558:13:MX_TIM6_Init	16	static
../Core/Src/main.c:596:13:MX_USART2_UART_Init	8	static
../Core/Src/main.c:627:13:MX_DMA_Init	16	static
../Core/Src/main.c:645:13:MX_GPIO_Init	48	static
../Core/Src/main.c:680:6:HAL_UART_RxCpltCallback	16	static
../Core/Src/main.c:721:6:Error_Handler	4	static,ignoring_inline_asm
