../Core/Src/main.c:183:6:transmit_uart	24	static
../Core/Src/main.c:194:5:main	72	static
../Core/Src/main.c:642:6:SystemClock_Config	88	static
../Core/Src/main.c:690:13:MX_SPI1_Init	8	static
../Core/Src/main.c:728:13:MX_USART2_UART_Init	8	static
../Core/Src/main.c:761:13:MX_USART3_UART_Init	8	static
../Core/Src/main.c:794:13:MX_GPIO_Init	48	static
../Core/Src/main.c:857:6:HAL_UART_RxCpltCallback	16	static
../Core/Src/main.c:889:9:LCD_DrawImageFromSD_Fast	160	static
../Core/Src/main.c:966:9:LCD_DrawRegionFromSD	56	static
../Core/Src/main.c:1012:17:SpriteTanqueRojo	16	static
../Core/Src/main.c:1023:13:ArchivoStageActual	4	static
../Core/Src/main.c:1031:9:EnJuego	4	static
../Core/Src/main.c:1036:10:LeerPixelStageActual	32	static
../Core/Src/main.c:1063:9:PuedeMoverTanque	32	static
../Core/Src/main.c:1109:17:SpriteTanqueCeleste	16	static
../Core/Src/main.c:1120:10:SpriteWidth	16	static
../Core/Src/main.c:1138:10:SpriteHeight	16	static
../Core/Src/main.c:1153:6:DibujarTanqueRojo	56	static
../Core/Src/main.c:1161:6:DibujarTanqueCeleste	56	static
../Core/Src/main.c:1168:6:BorrarSpriteAnterior	40	static
../Core/Src/main.c:1213:6:MoverTanqueRojoStage	32	static
../Core/Src/main.c:1241:6:MoverTanqueCelesteStage	32	static
../Core/Src/main.c:1268:9:PuedeMoverBala	16	static
../Core/Src/main.c:1292:6:DibujarBala	40	static
../Core/Src/main.c:1298:6:BorrarFranjaBala	32	static
../Core/Src/main.c:1337:6:BorrarBalaCompleta	16	static
../Core/Src/main.c:1344:6:DispararBalaRoja	16	static
../Core/Src/main.c:1387:6:DispararBalaCeleste	16	static
../Core/Src/main.c:1430:6:ActualizarBala	32	static
../Core/Src/main.c:1572:6:ActualizarBalas	16	static
../Core/Src/main.c:1582:9:CargarMapaColision	32	static
../Core/Src/main.c:1615:9:PixelTransitableRAM	16	static
../Core/Src/main.c:1620:9:BalaImpactaTanque	48	static
../Core/Src/main.c:1650:6:Error_Handler	4	static,ignoring_inline_asm
