../Core/Src/main.c:188:6:transmit_uart	24	static
../Core/Src/main.c:199:5:main	72	static
../Core/Src/main.c:647:6:SystemClock_Config	88	static
../Core/Src/main.c:695:13:MX_SPI1_Init	8	static
../Core/Src/main.c:733:13:MX_USART2_UART_Init	8	static
../Core/Src/main.c:766:13:MX_USART3_UART_Init	8	static
../Core/Src/main.c:799:13:MX_GPIO_Init	48	static
../Core/Src/main.c:862:6:HAL_UART_RxCpltCallback	16	static
../Core/Src/main.c:894:9:LCD_DrawImageFromSD_Fast	160	static
../Core/Src/main.c:968:9:LCD_DrawRegionFromSD	56	static
../Core/Src/main.c:1014:17:SpriteTanqueRojo	16	static
../Core/Src/main.c:1025:13:ArchivoStageActual	4	static
../Core/Src/main.c:1033:9:EnJuego	4	static
../Core/Src/main.c:1038:10:LeerPixelStageActual	32	static
../Core/Src/main.c:1065:9:PuedeMoverTanque	32	static
../Core/Src/main.c:1111:17:SpriteTanqueCeleste	16	static
../Core/Src/main.c:1122:10:SpriteWidth	16	static
../Core/Src/main.c:1140:10:SpriteHeight	16	static
../Core/Src/main.c:1155:6:DibujarTanqueRojo	56	static
../Core/Src/main.c:1163:6:DibujarTanqueCeleste	56	static
../Core/Src/main.c:1170:6:BorrarSpriteAnterior	40	static
../Core/Src/main.c:1215:6:MoverTanqueRojoStage	32	static
../Core/Src/main.c:1243:6:MoverTanqueCelesteStage	32	static
../Core/Src/main.c:1270:9:PuedeMoverBala	16	static
../Core/Src/main.c:1294:6:DibujarBala	40	static
../Core/Src/main.c:1300:6:BorrarFranjaBala	32	static
../Core/Src/main.c:1339:6:BorrarBalaCompleta	16	static
../Core/Src/main.c:1346:6:DispararBalaRoja	16	static
../Core/Src/main.c:1389:6:DispararBalaCeleste	16	static
../Core/Src/main.c:1432:6:ActualizarBala	112	static
../Core/Src/main.c:1647:6:ActualizarBalas	16	static
../Core/Src/main.c:1657:9:CargarMapaColision	32	static
../Core/Src/main.c:1690:9:PixelTransitableRAM	16	static
../Core/Src/main.c:1695:9:BalaImpactaTanque	48	static
../Core/Src/main.c:1719:9:TanquesColisionan	48	static
../Core/Src/main.c:1745:9:PuedeMoverTanqueRojo	32	static
../Core/Src/main.c:1755:9:PuedeMoverTanqueCeleste	32	static
../Core/Src/main.c:1770:6:Error_Handler	4	static,ignoring_inline_asm
