../Core/Src/main.c:137:6:transmit_uart	24	static
../Core/Src/main.c:147:5:main	72	static
../Core/Src/main.c:451:6:SystemClock_Config	88	static
../Core/Src/main.c:499:13:MX_SPI1_Init	8	static
../Core/Src/main.c:537:13:MX_USART2_UART_Init	8	static
../Core/Src/main.c:570:13:MX_USART3_UART_Init	8	static
../Core/Src/main.c:603:13:MX_GPIO_Init	48	static
../Core/Src/main.c:666:6:HAL_UART_RxCpltCallback	16	static
../Core/Src/main.c:698:9:LCD_DrawImageFromSD_Fast	160	static
../Core/Src/main.c:769:10:LeerPixelStage1	32	static
../Core/Src/main.c:793:9:PuntoTransitable	24	static
../Core/Src/main.c:799:9:PuedeMoverTanqueRojo	32	static
../Core/Src/main.c:843:9:LCD_DrawRegionFromSD	56	static
../Core/Src/main.c:889:17:SpriteTanqueRojo	16	static
../Core/Src/main.c:901:6:DibujarTanqueRojo	40	static
../Core/Src/main.c:905:6:MoverTanqueRojo	40	static
../Core/Src/main.c:932:9:PuedeMoverTanqueCeleste	32	static
../Core/Src/main.c:976:17:SpriteTanqueCeleste	16	static
../Core/Src/main.c:988:6:DibujarTanqueCeleste	40	static
../Core/Src/main.c:993:6:MoverTanqueCeleste	40	static
../Core/Src/main.c:1023:6:Error_Handler	4	static,ignoring_inline_asm
