../Core/Src/main.c:170:6:transmit_uart	24	static
../Core/Src/main.c:181:5:main	72	static
../Core/Src/main.c:541:6:SystemClock_Config	88	static
../Core/Src/main.c:589:13:MX_SPI1_Init	8	static
../Core/Src/main.c:627:13:MX_USART2_UART_Init	8	static
../Core/Src/main.c:660:13:MX_USART3_UART_Init	8	static
../Core/Src/main.c:693:13:MX_GPIO_Init	48	static
../Core/Src/main.c:756:6:HAL_UART_RxCpltCallback	16	static
../Core/Src/main.c:788:9:LCD_DrawImageFromSD_Fast	160	static
../Core/Src/main.c:865:9:LCD_DrawRegionFromSD	56	static
../Core/Src/main.c:911:17:SpriteTanqueRojo	16	static
../Core/Src/main.c:922:13:ArchivoStageActual	4	static
../Core/Src/main.c:930:9:EnJuego	4	static
../Core/Src/main.c:935:10:LeerPixelStageActual	32	static
../Core/Src/main.c:962:9:PuedeMoverTanque	32	static
../Core/Src/main.c:1008:17:SpriteTanqueCeleste	16	static
../Core/Src/main.c:1019:10:SpriteWidth	16	static
../Core/Src/main.c:1037:10:SpriteHeight	16	static
../Core/Src/main.c:1052:6:DibujarTanqueRojo	56	static
../Core/Src/main.c:1060:6:DibujarTanqueCeleste	56	static
../Core/Src/main.c:1067:6:BorrarSpriteAnterior	40	static
../Core/Src/main.c:1112:6:MoverTanqueRojoStage	32	static
../Core/Src/main.c:1140:6:MoverTanqueCelesteStage	32	static
../Core/Src/main.c:1167:9:PuedeMoverBala	24	static
../Core/Src/main.c:1202:6:DibujarBala	40	static
../Core/Src/main.c:1208:6:BorrarFranjaBala	32	static
../Core/Src/main.c:1247:6:BorrarBalaCompleta	16	static
../Core/Src/main.c:1254:6:DispararBalaRoja	16	static
../Core/Src/main.c:1297:6:DispararBalaCeleste	16	static
../Core/Src/main.c:1340:6:ActualizarBala	32	static
../Core/Src/main.c:1376:6:ActualizarBalas	16	static
../Core/Src/main.c:1392:6:Error_Handler	4	static,ignoring_inline_asm
