../Core/Src/main.c:181:6:transmit_uart	24	static
../Core/Src/main.c:192:5:main	72	static
../Core/Src/main.c:563:6:SystemClock_Config	88	static
../Core/Src/main.c:611:13:MX_SPI1_Init	8	static
../Core/Src/main.c:649:13:MX_USART2_UART_Init	8	static
../Core/Src/main.c:682:13:MX_USART3_UART_Init	8	static
../Core/Src/main.c:715:13:MX_GPIO_Init	48	static
../Core/Src/main.c:778:6:HAL_UART_RxCpltCallback	16	static
../Core/Src/main.c:810:9:LCD_DrawImageFromSD_Fast	160	static
../Core/Src/main.c:887:9:LCD_DrawRegionFromSD	56	static
../Core/Src/main.c:933:17:SpriteTanqueRojo	16	static
../Core/Src/main.c:944:13:ArchivoStageActual	4	static
../Core/Src/main.c:952:9:EnJuego	4	static
../Core/Src/main.c:957:10:LeerPixelStageActual	32	static
../Core/Src/main.c:984:9:PuedeMoverTanque	32	static
../Core/Src/main.c:1030:17:SpriteTanqueCeleste	16	static
../Core/Src/main.c:1041:10:SpriteWidth	16	static
../Core/Src/main.c:1059:10:SpriteHeight	16	static
../Core/Src/main.c:1074:6:DibujarTanqueRojo	56	static
../Core/Src/main.c:1082:6:DibujarTanqueCeleste	56	static
../Core/Src/main.c:1089:6:BorrarSpriteAnterior	40	static
../Core/Src/main.c:1134:6:MoverTanqueRojoStage	32	static
../Core/Src/main.c:1162:6:MoverTanqueCelesteStage	32	static
../Core/Src/main.c:1189:9:PuedeMoverBala	16	static
../Core/Src/main.c:1213:6:DibujarBala	40	static
../Core/Src/main.c:1219:6:BorrarFranjaBala	32	static
../Core/Src/main.c:1258:6:BorrarBalaCompleta	16	static
../Core/Src/main.c:1265:6:DispararBalaRoja	16	static
../Core/Src/main.c:1308:6:DispararBalaCeleste	16	static
../Core/Src/main.c:1351:6:ActualizarBala	32	static
../Core/Src/main.c:1491:6:ActualizarBalas	16	static
../Core/Src/main.c:1501:9:CargarMapaColision	32	static
../Core/Src/main.c:1534:9:PixelTransitableRAM	16	static
../Core/Src/main.c:1539:9:BalaImpactaTanque	48	static
../Core/Src/main.c:1569:6:Error_Handler	4	static,ignoring_inline_asm
